Archive member included to satisfy reference by file (symbol)

c:/st/stm32cubeide_1.6.0/stm32cubeide/plugins/com.st.stm32cube.ide.mcu.externaltools.gnu-tools-for-stm32.9-2020-q2-update.win32_1.5.0.202011040924/tools/bin/../lib/gcc/arm-none-eabi/9.3.1/../../../../arm-none-eabi/lib/thumb/v7e-m+fp/hard\libc_nano.a(lib_a-errno.o)
                              src/bsp/syscalls.o (__errno)
c:/st/stm32cubeide_1.6.0/stm32cubeide/plugins/com.st.stm32cube.ide.mcu.externaltools.gnu-tools-for-stm32.9-2020-q2-update.win32_1.5.0.202011040924/tools/bin/../lib/gcc/arm-none-eabi/9.3.1/../../../../arm-none-eabi/lib/thumb/v7e-m+fp/hard\libc_nano.a(lib_a-exit.o)
                              c:/st/stm32cubeide_1.6.0/stm32cubeide/plugins/com.st.stm32cube.ide.mcu.externaltools.gnu-tools-for-stm32.9-2020-q2-update.win32_1.5.0.202011040924/tools/bin/../lib/gcc/arm-none-eabi/9.3.1/../../../../arm-none-eabi/lib/thumb/v7e-m+fp/hard/crt0.o (exit)
c:/st/stm32cubeide_1.6.0/stm32cubeide/plugins/com.st.stm32cube.ide.mcu.externaltools.gnu-tools-for-stm32.9-2020-q2-update.win32_1.5.0.202011040924/tools/bin/../lib/gcc/arm-none-eabi/9.3.1/../../../../arm-none-eabi/lib/thumb/v7e-m+fp/hard\libc_nano.a(lib_a-impure.o)
                              c:/st/stm32cubeide_1.6.0/stm32cubeide/plugins/com.st.stm32cube.ide.mcu.externaltools.gnu-tools-for-stm32.9-2020-q2-update.win32_1.5.0.202011040924/tools/bin/../lib/gcc/arm-none-eabi/9.3.1/../../../../arm-none-eabi/lib/thumb/v7e-m+fp/hard\libc_nano.a(lib_a-exit.o) (_global_impure_ptr)
c:/st/stm32cubeide_1.6.0/stm32cubeide/plugins/com.st.stm32cube.ide.mcu.externaltools.gnu-tools-for-stm32.9-2020-q2-update.win32_1.5.0.202011040924/tools/bin/../lib/gcc/arm-none-eabi/9.3.1/../../../../arm-none-eabi/lib/thumb/v7e-m+fp/hard\libc_nano.a(lib_a-init.o)
                              c:/st/stm32cubeide_1.6.0/stm32cubeide/plugins/com.st.stm32cube.ide.mcu.externaltools.gnu-tools-for-stm32.9-2020-q2-update.win32_1.5.0.202011040924/tools/bin/../lib/gcc/arm-none-eabi/9.3.1/../../../../arm-none-eabi/lib/thumb/v7e-m+fp/hard/crt0.o (__libc_init_array)
c:/st/stm32cubeide_1.6.0/stm32cubeide/plugins/com.st.stm32cube.ide.mcu.externaltools.gnu-tools-for-stm32.9-2020-q2-update.win32_1.5.0.202011040924/tools/bin/../lib/gcc/arm-none-eabi/9.3.1/../../../../arm-none-eabi/lib/thumb/v7e-m+fp/hard\libc_nano.a(lib_a-memset.o)
                              c:/st/stm32cubeide_1.6.0/stm32cubeide/plugins/com.st.stm32cube.ide.mcu.externaltools.gnu-tools-for-stm32.9-2020-q2-update.win32_1.5.0.202011040924/tools/bin/../lib/gcc/arm-none-eabi/9.3.1/../../../../arm-none-eabi/lib/thumb/v7e-m+fp/hard/crt0.o (memset)
c:/st/stm32cubeide_1.6.0/stm32cubeide/plugins/com.st.stm32cube.ide.mcu.externaltools.gnu-tools-for-stm32.9-2020-q2-update.win32_1.5.0.202011040924/tools/bin/../lib/gcc/arm-none-eabi/9.3.1/../../../../arm-none-eabi/lib/thumb/v7e-m+fp/hard\libc_nano.a(lib_a-vsnprintf.o)
                              src/hw/driver/uart.o (vsnprintf)
c:/st/stm32cubeide_1.6.0/stm32cubeide/plugins/com.st.stm32cube.ide.mcu.externaltools.gnu-tools-for-stm32.9-2020-q2-update.win32_1.5.0.202011040924/tools/bin/../lib/gcc/arm-none-eabi/9.3.1/../../../../arm-none-eabi/lib/thumb/v7e-m+fp/hard\libc_nano.a(lib_a-nano-svfprintf.o)
                              c:/st/stm32cubeide_1.6.0/stm32cubeide/plugins/com.st.stm32cube.ide.mcu.externaltools.gnu-tools-for-stm32.9-2020-q2-update.win32_1.5.0.202011040924/tools/bin/../lib/gcc/arm-none-eabi/9.3.1/../../../../arm-none-eabi/lib/thumb/v7e-m+fp/hard\libc_nano.a(lib_a-vsnprintf.o) (_svfprintf_r)
c:/st/stm32cubeide_1.6.0/stm32cubeide/plugins/com.st.stm32cube.ide.mcu.externaltools.gnu-tools-for-stm32.9-2020-q2-update.win32_1.5.0.202011040924/tools/bin/../lib/gcc/arm-none-eabi/9.3.1/../../../../arm-none-eabi/lib/thumb/v7e-m+fp/hard\libc_nano.a(lib_a-nano-vfprintf_i.o)
                              c:/st/stm32cubeide_1.6.0/stm32cubeide/plugins/com.st.stm32cube.ide.mcu.externaltools.gnu-tools-for-stm32.9-2020-q2-update.win32_1.5.0.202011040924/tools/bin/../lib/gcc/arm-none-eabi/9.3.1/../../../../arm-none-eabi/lib/thumb/v7e-m+fp/hard\libc_nano.a(lib_a-nano-svfprintf.o) (_printf_i)
c:/st/stm32cubeide_1.6.0/stm32cubeide/plugins/com.st.stm32cube.ide.mcu.externaltools.gnu-tools-for-stm32.9-2020-q2-update.win32_1.5.0.202011040924/tools/bin/../lib/gcc/arm-none-eabi/9.3.1/../../../../arm-none-eabi/lib/thumb/v7e-m+fp/hard\libc_nano.a(lib_a-memchr.o)
                              c:/st/stm32cubeide_1.6.0/stm32cubeide/plugins/com.st.stm32cube.ide.mcu.externaltools.gnu-tools-for-stm32.9-2020-q2-update.win32_1.5.0.202011040924/tools/bin/../lib/gcc/arm-none-eabi/9.3.1/../../../../arm-none-eabi/lib/thumb/v7e-m+fp/hard\libc_nano.a(lib_a-nano-svfprintf.o) (memchr)
c:/st/stm32cubeide_1.6.0/stm32cubeide/plugins/com.st.stm32cube.ide.mcu.externaltools.gnu-tools-for-stm32.9-2020-q2-update.win32_1.5.0.202011040924/tools/bin/../lib/gcc/arm-none-eabi/9.3.1/../../../../arm-none-eabi/lib/thumb/v7e-m+fp/hard\libc_nano.a(lib_a-memcpy-stub.o)
[...]
Memory Configuration

Name             Origin             Length             Attributes
RAM              0x0000000020000000 0x0000000000020000 xrw
FLASH            0x0000000008000000 0x0000000000080000 xr
*default*        0x0000000000000000 0xffffffffffffffff

Linker script and memory map

LOAD c:/st/stm32cubeide_1.6.0/stm32cubeide/plugins/com.st.stm32cube.ide.mcu.externaltools.gnu-tools-for-stm32.9-2020-q2-update.win32_1.5.0.202011040924/tools/bin/../lib/gcc/arm-none-eabi/9.3.1/thumb/v7e-m+fp/hard/crti.o
LOAD c:/st/stm32cubeide_1.6.0/stm32cubeide/plugins/com.st.stm32cube.ide.mcu.externaltools.gnu-tools-for-stm32.9-2020-q2-update.win32_1.5.0.202011040924/tools/bin/../lib/gcc/arm-none-eabi/9.3.1/thumb/v7e-m+fp/hard/crtbegin.o
LOAD c:/st/stm32cubeide_1.6.0/stm32cubeide/plugins/com.st.stm32cube.ide.mcu.externaltools.gnu-tools-for-stm32.9-2020-q2-update.win32_1.5.0.202011040924/tools/bin/../lib/gcc/arm-none-eabi/9.3.1/../../../../arm-none-eabi/lib/thumb/v7e-m+fp/hard/crt0.o
LOAD src/ap/ap.o
LOAD src/bsp/bsp.o
LOAD src/bsp/stm32f4xx_hal_msp.o
LOAD src/bsp/stm32f4xx_it.o
LOAD src/bsp/syscalls.o
LOAD src/bsp/sysmem.o
LOAD src/bsp/system_stm32f4xx.o
LOAD src/bsp/startup/startup_stm32f411ceux.o
LOAD src/hw/common/core/qbuffer.o
LOAD src/hw/driver/fatfs/sd_diskio.o
LOAD src/hw/driver/fatfs.o
LOAD src/hw/driver/gpio.o
LOAD src/hw/driver/led.o
LOAD src/hw/driver/sd.o
LOAD src/hw/driver/uart.o
LOAD src/hw/hw.o
LOAD src/lib/FatFs/src/diskio.o
LOAD src/lib/FatFs/src/ff.o
LOAD src/lib/FatFs/src/ff_gen_drv.o
LOAD src/lib/FatFs/src/option/syscall.o
LOAD src/lib/FatFs/src/option/unicode.o
LOAD src/lib/stm32f411ceu6_fw_module/Drivers/STM32F4xx_HAL_Driver/Src/stm32f4xx_hal.o
LOAD src/lib/stm32f411ceu6_fw_module/Drivers/STM32F4xx_HAL_Driver/Src/stm32f4xx_hal_cortex.o
LOAD src/lib/stm32f411ceu6_fw_module/Drivers/STM32F4xx_HAL_Driver/Src/stm32f4xx_hal_dma.o
LOAD src/lib/stm32f411ceu6_fw_module/Drivers/STM32F4xx_HAL_Driver/Src/stm32f4xx_hal_dma_ex.o
LOAD src/lib/stm32f411ceu6_fw_module/Drivers/STM32F4xx_HAL_Driver/Src/stm32f4xx_hal_exti.o
LOAD src/lib/stm32f411ceu6_fw_module/Drivers/STM32F4xx_HAL_Driver/Src/stm32f4xx_hal_flash.o
LOAD src/lib/stm32f411ceu6_fw_module/Drivers/STM32F4xx_HAL_Driver/Src/stm32f4xx_hal_flash_ex.o
LOAD src/lib/stm32f411ceu6_fw_module/Drivers/STM32F4xx_HAL_Driver/Src/stm32f4xx_hal_flash_ramfunc.o
LOAD src/lib/stm32f411ceu6_fw_module/Drivers/STM32F4xx_HAL_Driver/Src/stm32f4xx_hal_gpio.o
LOAD src/lib/stm32f411ceu6_fw_module/Drivers/STM32F4xx_HAL_Driver/Src/stm32f4xx_hal_pwr.o
LOAD src/lib/stm32f411ceu6_fw_module/Drivers/STM32F4xx_HAL_Driver/Src/stm32f4xx_hal_pwr_ex.o
LOAD src/lib/stm32f411ceu6_fw_module/Drivers/STM32F4xx_HAL_Driver/Src/stm32f4xx_hal_rcc.o
LOAD src/lib/stm32f411ceu6_fw_module/Drivers/STM32F4xx_HAL_Driver/Src/stm32f4xx_hal_rcc_ex.o
LOAD src/lib/stm32f411ceu6_fw_module/Drivers/STM32F4xx_HAL_Driver/Src/stm32f4xx_hal_sd.o
LOAD src/lib/stm32f411ceu6_fw_module/Drivers/STM32F4xx_HAL_Driver/Src/stm32f4xx_hal_tim.o
LOAD src/lib/stm32f411ceu6_fw_module/Drivers/STM32F4xx_HAL_Driver/Src/stm32f4xx_hal_tim_ex.o
LOAD src/lib/stm32f411ceu6_fw_module/Drivers/STM32F4xx_HAL_Driver/Src/stm32f4xx_hal_uart.o
LOAD src/lib/stm32f411ceu6_fw_module/Drivers/STM32F4xx_HAL_Driver/Src/stm32f4xx_ll_sdmmc.o
LOAD src/main.o
START GROUP
LOAD c:/st/stm32cubeide_1.6.0/stm32cubeide/plugins/com.st.stm32cube.ide.mcu.externaltools.gnu-tools-for-stm32.9-2020-q2-update.win32_1.5.0.202011040924/tools/bin/../lib/gcc/arm-none-eabi/9.3.1/../../../../arm-none-eabi/lib/thumb/v7e-m+fp/hard\libc_nano.a
LOAD c:/st/stm32cubeide_1.6.0/stm32cubeide/plugins/com.st.stm32cube.ide.mcu.externaltools.gnu-tools-for-stm32.9-2020-q2-update.win32_1.5.0.202011040924/tools/bin/../lib/gcc/arm-none-eabi/9.3.1/../../../../arm-none-eabi/lib/thumb/v7e-m+fp/hard\libm.a
END GROUP
START GROUP
LOAD c:/st/stm32cubeide_1.6.0/stm32cubeide/plugins/com.st.stm32cube.ide.mcu.externaltools.gnu-tools-for-stm32.9-2020-q2-update.win32_1.5.0.202011040924/tools/bin/../lib/gcc/arm-none-eabi/9.3.1/thumb/v7e-m+fp/hard\libgcc.a
LOAD c:/st/stm32cubeide_1.6.0/stm32cubeide/plugins/com.st.stm32cube.ide.mcu.externaltools.gnu-tools-for-stm32.9-2020-q2-update.win32_1.5.0.202011040924/tools/bin/../lib/gcc/arm-none-eabi/9.3.1/../../../../arm-none-eabi/lib/thumb/v7e-m+fp/hard\libc_nano.a
END GROUP
START GROUP
LOAD c:/st/stm32cubeide_1.6.0/stm32cubeide/plugins/com.st.stm32cube.ide.mcu.externaltools.gnu-tools-for-stm32.9-2020-q2-update.win32_1.5.0.202011040924/tools/bin/../lib/gcc/arm-none-eabi/9.3.1/thumb/v7e-m+fp/hard\libgcc.a
LOAD c:/st/stm32cubeide_1.6.0/stm32cubeide/plugins/com.st.stm32cube.ide.mcu.externaltools.gnu-tools-for-stm32.9-2020-q2-update.win32_1.5.0.202011040924/tools/bin/../lib/gcc/arm-none-eabi/9.3.1/../../../../arm-none-eabi/lib/thumb/v7e-m+fp/hard\libc_nano.a
LOAD c:/st/stm32cubeide_1.6.0/stm32cubeide/plugins/com.st.stm32cube.ide.mcu.externaltools.gnu-tools-for-stm32.9-2020-q2-update.win32_1.5.0.202011040924/tools/bin/../lib/gcc/arm-none-eabi/9.3.1/../../../../arm-none-eabi/lib/thumb/v7e-m+fp/hard\libnosys.a
END GROUP
START GROUP
LOAD c:/st/stm32cubeide_1.6.0/stm32cubeide/plugins/com.st.stm32cube.ide.mcu.externaltools.gnu-tools-for-stm32.9-2020-q2-update.win32_1.5.0.202011040924/tools/bin/../lib/gcc/arm-none-eabi/9.3.1/thumb/v7e-m+fp/hard\libgcc.a
LOAD c:/st/stm32cubeide_1.6.0/stm32cubeide/plugins/com.st.stm32cube.ide.mcu.externaltools.gnu-tools-for-stm32.9-2020-q2-update.win32_1.5.0.202011040924/tools/bin/../lib/gcc/arm-none-eabi/9.3.1/../../../../arm-none-eabi/lib/thumb/v7e-m+fp/hard\libc_nano.a
LOAD c:/st/stm32cubeide_1.6.0/stm32cubeide/plugins/com.st.stm32cube.ide.mcu.externaltools.gnu-tools-for-stm32.9-2020-q2-update.win32_1.5.0.202011040924/tools/bin/../lib/gcc/arm-none-eabi/9.3.1/../../../../arm-none-eabi/lib/thumb/v7e-m+fp/hard\libnosys.a
END GROUP
LOAD c:/st/stm32cubeide_1.6.0/stm32cubeide/plugins/com.st.stm32cube.ide.mcu.externaltools.gnu-tools-for-stm32.9-2020-q2-update.win32_1.5.0.202011040924/tools/bin/../lib/gcc/arm-none-eabi/9.3.1/thumb/v7e-m+fp/hard/crtend.o
LOAD c:/st/stm32cubeide_1.6.0/stm32cubeide/plugins/com.st.stm32cube.ide.mcu.externaltools.gnu-tools-for-stm32.9-2020-q2-update.win32_1.5.0.202011040924/tools/bin/../lib/gcc/arm-none-eabi/9.3.1/thumb/v7e-m+fp/hard/crtn.o
                0x0000000020020000                _estack = (ORIGIN (RAM) + LENGTH (RAM))
                0x0000000000000200                _Min_Heap_Size = 0x200
                0x0000000000000400                _Min_Stack_Size = 0x400

.isr_vector     0x0000000008000000      0x198
                0x0000000008000000                . = ALIGN (0x4)
 *(.isr_vector)
 .isr_vector    0x0000000008000000      0x198 src/bsp/startup/startup_stm32f411ceux.o
                0x0000000008000000                g_pfnVectors
                0x0000000008000198                . = ALIGN (0x4)

.text           0x00000000080001a0     0xb76c
                0x00000000080001a0                . = ALIGN (0x4)
 *(.text)
 .text          0x00000000080001a0       0x40 c:/st/stm32cubeide_1.6.0/stm32cubeide/plugins/com.st.stm32cube.ide.mcu.externaltools.gnu-tools-for-stm32.9-2020-q2-update.win32_1.5.0.202011040924/tools/bin/../lib/gcc/arm-none-eabi/9.3.1/thumb/v7e-m+fp/hard/crtbegin.o
 .text          0x00000000080001e0       0xa0 c:/st/stm32cubeide_1.6.0/stm32cubeide/plugins/com.st.stm32cube.ide.mcu.externaltools.gnu-tools-for-stm32.9-2020-q2-update.win32_1.5.0.202011040924/tools/bin/../lib/gcc/arm-none-eabi/9.3.1/../../../../arm-none-eabi/lib/thumb/v7e-m+fp/hard\libc_nano.a(lib_a-memchr.o)
                0x00000000080001e0                memchr
 .text          0x0000000008000280       0x30 c:/st/stm32cubeide_1.6.0/stm32cubeide/plugins/com.st.stm32cube.ide.mcu.externaltools.gnu-tools-for-stm32.9-2020-q2-update.win32_1.5.0.202011040924/tools/bin/../lib/gcc/arm-none-eabi/9.3.1/thumb/v7e-m+fp/hard\libgcc.a(_aeabi_uldivmod.o)
                0x0000000008000280                __aeabi_uldivmod
 .text          0x00000000080002b0      0x2c4 c:/st/stm32cubeide_1.6.0/stm32cubeide/plugins/com.st.stm32cube.ide.mcu.externaltools.gnu-tools-for-stm32.9-2020-q2-update.win32_1.5.0.202011040924/tools/bin/../lib/gcc/arm-none-eabi/9.3.1/thumb/v7e-m+fp/hard\libgcc.a(_udivmoddi4.o)
                0x00000000080002b0                __udivmoddi4
 .text          0x0000000008000574        0x4 c:/st/stm32cubeide_1.6.0/stm32cubeide/plugins/com.st.stm32cube.ide.mcu.externaltools.gnu-tools-for-stm32.9-2020-q2-update.win32_1.5.0.202011040924/tools/bin/../lib/gcc/arm-none-eabi/9.3.1/thumb/v7e-m+fp/hard\libgcc.a(_dvmd_tls.o)
                0x0000000008000574                __aeabi_idiv0
                0x0000000008000574                __aeabi_ldiv0
 *(.text*)
 .text.apInit   0x0000000008000578       0x12 src/ap/ap.o
                0x0000000008000578                apInit
 *fill*         0x000000000800058a        0x2 
 .text.fatfsDir
                0x000000000800058c       0xb0 src/ap/ap.o
                0x000000000800058c                fatfsDir
 .text.apSDCardTest
                0x000000000800063c      0x474 src/ap/ap.o
                0x000000000800063c                apSDCardTest
 .text.bspInit  0x0000000008000ab0       0x70 src/bsp/bsp.o
                0x0000000008000ab0                bspInit
 .text.millis   0x0000000008000b20        0xe src/bsp/bsp.o
                0x0000000008000b20                millis
 *fill*         0x0000000008000b2e        0x2 
 .text.SystemClock_Config
                0x0000000008000b30       0xd0 src/bsp/bsp.o
                0x0000000008000b30                SystemClock_Config
 .text.Error_Handler
                0x0000000008000c00        0xa src/bsp/bsp.o
                0x0000000008000c00                Error_Handler
 *fill*         0x0000000008000c0a        0x2 
 .text.HAL_MspInit
                0x0000000008000c0c       0x50 src/bsp/stm32f4xx_hal_msp.o
                0x0000000008000c0c                HAL_MspInit
 .text.NMI_Handler
                0x0000000008000c5c        0x6 src/bsp/stm32f4xx_it.o
                0x0000000008000c5c                NMI_Handler
 .text.HardFault_Handler
                0x0000000008000c62        0x6 src/bsp/stm32f4xx_it.o
                0x0000000008000c62                HardFault_Handler
 .text.MemManage_Handler
                0x0000000008000c68        0x6 src/bsp/stm32f4xx_it.o
                0x0000000008000c68                MemManage_Handler
 .text.BusFault_Handler
                0x0000000008000c6e        0x6 src/bsp/stm32f4xx_it.o
                0x0000000008000c6e                BusFault_Handler
 .text.UsageFault_Handler
                0x0000000008000c74        0x6 src/bsp/stm32f4xx_it.o
                0x0000000008000c74                UsageFault_Handler
 .text.SVC_Handler
                0x0000000008000c7a        0xe src/bsp/stm32f4xx_it.o
                0x0000000008000c7a                SVC_Handler
 .text.DebugMon_Handler
                0x0000000008000c88        0xe src/bsp/stm32f4xx_it.o
                0x0000000008000c88                DebugMon_Handler
 .text.PendSV_Handler
                0x0000000008000c96        0xe src/bsp/stm32f4xx_it.o
                0x0000000008000c96                PendSV_Handler
 .text.SysTick_Handler
                0x0000000008000ca4        0xc src/bsp/stm32f4xx_it.o
                0x0000000008000ca4                SysTick_Handler
 .text.USART1_IRQHandler
                0x0000000008000cb0       0x14 src/bsp/stm32f4xx_it.o
                0x0000000008000cb0                USART1_IRQHandler
 .text.SDIO_IRQHandler
                0x0000000008000cc4       0x14 src/bsp/stm32f4xx_it.o
                0x0000000008000cc4                SDIO_IRQHandler
 .text.DMA2_Stream2_IRQHandler
                0x0000000008000cd8       0x14 src/bsp/stm32f4xx_it.o
                0x0000000008000cd8                DMA2_Stream2_IRQHandler
 .text.DMA2_Stream3_IRQHandler
                0x0000000008000cec       0x14 src/bsp/stm32f4xx_it.o
                0x0000000008000cec                DMA2_Stream3_IRQHandler
 .text.DMA2_Stream6_IRQHandler
                0x0000000008000d00       0x14 src/bsp/stm32f4xx_it.o
                0x0000000008000d00                DMA2_Stream6_IRQHandler
 .text.DMA2_Stream7_IRQHandler
                0x0000000008000d14       0x14 src/bsp/stm32f4xx_it.o
                0x0000000008000d14                DMA2_Stream7_IRQHandler
 .text._sbrk    0x0000000008000d28       0x6c src/bsp/sysmem.o
                0x0000000008000d28                _sbrk
 .text.SystemInit
                0x0000000008000d94       0x24 src/bsp/system_stm32f4xx.o
                0x0000000008000d94                SystemInit
 .text.Reset_Handler
                0x0000000008000db8       0x50 src/bsp/startup/startup_stm32f411ceux.o
                0x0000000008000db8                Reset_Handler
 .text.Default_Handler
                0x0000000008000e08        0x2 src/bsp/startup/startup_stm32f411ceux.o
                0x0000000008000e08                RTC_Alarm_IRQHandler
                0x0000000008000e08                EXTI2_IRQHandler
                0x0000000008000e08                SPI4_IRQHandler
                0x0000000008000e08                TIM1_CC_IRQHandler
                0x0000000008000e08                DMA2_Stream5_IRQHandler
                0x0000000008000e08                DMA1_Stream5_IRQHandler
                0x0000000008000e08                PVD_IRQHandler
                0x0000000008000e08                TAMP_STAMP_IRQHandler
                0x0000000008000e08                EXTI3_IRQHandler
                0x0000000008000e08                TIM1_UP_TIM10_IRQHandler
                0x0000000008000e08                I2C3_ER_IRQHandler
                0x0000000008000e08                EXTI0_IRQHandler
                0x0000000008000e08                I2C2_EV_IRQHandler
                0x0000000008000e08                DMA1_Stream2_IRQHandler
                0x0000000008000e08                FPU_IRQHandler
                0x0000000008000e08                SPI1_IRQHandler
                0x0000000008000e08                TIM1_BRK_TIM9_IRQHandler
                0x0000000008000e08                USART6_IRQHandler
                0x0000000008000e08                DMA2_Stream0_IRQHandler
                0x0000000008000e08                TIM4_IRQHandler
                0x0000000008000e08                I2C1_EV_IRQHandler
                0x0000000008000e08                DMA1_Stream6_IRQHandler
                0x0000000008000e08                DMA1_Stream1_IRQHandler
                0x0000000008000e08                TIM3_IRQHandler
                0x0000000008000e08                RCC_IRQHandler
                0x0000000008000e08                Default_Handler
                0x0000000008000e08                EXTI15_10_IRQHandler
                0x0000000008000e08                ADC_IRQHandler
                0x0000000008000e08                DMA1_Stream7_IRQHandler
                0x0000000008000e08                SPI5_IRQHandler
                0x0000000008000e08                TIM5_IRQHandler
                0x0000000008000e08                I2C3_EV_IRQHandler
                0x0000000008000e08                EXTI9_5_IRQHandler
                0x0000000008000e08                RTC_WKUP_IRQHandler
                0x0000000008000e08                SPI2_IRQHandler
                0x0000000008000e08                DMA1_Stream0_IRQHandler
                0x0000000008000e08                EXTI4_IRQHandler
                0x0000000008000e08                WWDG_IRQHandler
                0x0000000008000e08                TIM2_IRQHandler
                0x0000000008000e08                OTG_FS_WKUP_IRQHandler
                0x0000000008000e08                TIM1_TRG_COM_TIM11_IRQHandler
                0x0000000008000e08                EXTI1_IRQHandler
                0x0000000008000e08                USART2_IRQHandler
                0x0000000008000e08                I2C2_ER_IRQHandler
                0x0000000008000e08                DMA2_Stream1_IRQHandler
                0x0000000008000e08                FLASH_IRQHandler
                0x0000000008000e08                DMA2_Stream4_IRQHandler
                0x0000000008000e08                OTG_FS_IRQHandler
                0x0000000008000e08                SPI3_IRQHandler
                0x0000000008000e08                DMA1_Stream4_IRQHandler
                0x0000000008000e08                I2C1_ER_IRQHandler
                0x0000000008000e08                DMA1_Stream3_IRQHandler
 .text.qbufferCreate
                0x0000000008000e0a       0x36 src/hw/common/core/qbuffer.o
                0x0000000008000e0a                qbufferCreate
 .text.qbufferRead
                0x0000000008000e40       0x7a src/hw/common/core/qbuffer.o
                0x0000000008000e40                qbufferRead
 .text.qbufferAvailable
                0x0000000008000eba       0x30 src/hw/common/core/qbuffer.o
                0x0000000008000eba                qbufferAvailable
 *fill*         0x0000000008000eea        0x2 
 .text.SD_CheckStatus
                0x0000000008000eec       0x84 src/hw/driver/fatfs/sd_diskio.o
 .text.SD_initialize
                0x0000000008000f70       0x44 src/hw/driver/fatfs/sd_diskio.o
                0x0000000008000f70                SD_initialize
 .text.SD_status
                0x0000000008000fb4       0x1c src/hw/driver/fatfs/sd_diskio.o
                0x0000000008000fb4                SD_status
 .text.SD_read  0x0000000008000fd0       0x36 src/hw/driver/fatfs/sd_diskio.o
                0x0000000008000fd0                SD_read
 .text.SD_write
                0x0000000008001006       0x36 src/hw/driver/fatfs/sd_diskio.o
                0x0000000008001006                SD_write
 .text.SD_ioctl
                0x000000000800103c       0xb0 src/hw/driver/fatfs/sd_diskio.o
                0x000000000800103c                SD_ioctl
 .text.fatfsInit
                0x00000000080010ec       0x48 src/hw/driver/fatfs.o
                0x00000000080010ec                fatfsInit
 .text.gpioInit
                0x0000000008001134       0x84 src/hw/driver/gpio.o
                0x0000000008001134                gpioInit
 .text.gpioPinMode
                0x00000000080011b8       0xc4 src/hw/driver/gpio.o
                0x00000000080011b8                gpioPinMode
 .text.gpioPinWrite
                0x000000000800127c       0xa4 src/hw/driver/gpio.o
                0x000000000800127c                gpioPinWrite
 .text.gpioPinRead
                0x0000000008001320       0x70 src/hw/driver/gpio.o
                0x0000000008001320                gpioPinRead
 .text.ledInit  0x0000000008001390       0x8c src/hw/driver/led.o
                0x0000000008001390                ledInit
 .text.ledOff   0x000000000800141c       0x40 src/hw/driver/led.o
                0x000000000800141c                ledOff
 .text.sdInit   0x000000000800145c       0x94 src/hw/driver/sd.o
                0x000000000800145c                sdInit
 .text.sdIsInit
                0x00000000080014f0       0x18 src/hw/driver/sd.o
                0x00000000080014f0                sdIsInit
 .text.sdIsDetected
                0x0000000008001508       0x2c src/hw/driver/sd.o
                0x0000000008001508                sdIsDetected
 .text.sdGetInfo
                0x0000000008001534       0xac src/hw/driver/sd.o
                0x0000000008001534                sdGetInfo
 .text.sdIsBusy
                0x00000000080015e0       0x2c src/hw/driver/sd.o
                0x00000000080015e0                sdIsBusy
 .text.sdIsReady
                0x000000000800160c       0x3e src/hw/driver/sd.o
                0x000000000800160c                sdIsReady
 *fill*         0x000000000800164a        0x2 
 .text.sdReadBlocks
                0x000000000800164c       0x94 src/hw/driver/sd.o
                0x000000000800164c                sdReadBlocks
 .text.HAL_SD_RxCpltCallback
                0x00000000080016e0       0x20 src/hw/driver/sd.o
                0x00000000080016e0                HAL_SD_RxCpltCallback
 .text.HAL_SD_TxCpltCallback
                0x0000000008001700       0x20 src/hw/driver/sd.o
                0x0000000008001700                HAL_SD_TxCpltCallback
 .text.sdWriteBlocks
                0x0000000008001720       0x94 src/hw/driver/sd.o
                0x0000000008001720                sdWriteBlocks
 .text.HAL_SD_MspInit
                0x00000000080017b4      0x21c src/hw/driver/sd.o
                0x00000000080017b4                HAL_SD_MspInit
 .text.uartInit
                0x00000000080019d0       0x34 src/hw/driver/uart.o
                0x00000000080019d0                uartInit
 .text.uartOpen
                0x0000000008001a04      0x230 src/hw/driver/uart.o
                0x0000000008001a04                uartOpen
 .text.uartAvailable
                0x0000000008001c34       0x90 src/hw/driver/uart.o
                0x0000000008001c34                uartAvailable
 .text.uartRead
                0x0000000008001cc4       0x48 src/hw/driver/uart.o
                0x0000000008001cc4                uartRead
 .text.uartWrite
                0x0000000008001d0c      0x104 src/hw/driver/uart.o
                0x0000000008001d0c                uartWrite
 .text.uartPrintf
                0x0000000008001e10       0x5c src/hw/driver/uart.o
                0x0000000008001e10                uartPrintf
 .text.HAL_UART_ErrorCallback
                0x0000000008001e6c       0x14 src/hw/driver/uart.o
                0x0000000008001e6c                HAL_UART_ErrorCallback
 .text.HAL_UART_RxCpltCallback
                0x0000000008001e80       0x14 src/hw/driver/uart.o
                0x0000000008001e80                HAL_UART_RxCpltCallback
 .text.HAL_UART_TxCpltCallback
                0x0000000008001e94       0x14 src/hw/driver/uart.o
                0x0000000008001e94                HAL_UART_TxCpltCallback
 .text.HAL_UART_MspInit
                0x0000000008001ea8      0x16c src/hw/driver/uart.o
                0x0000000008001ea8                HAL_UART_MspInit
 .text.HAL_UART_MspDeInit
                0x0000000008002014       0x58 src/hw/driver/uart.o
                0x0000000008002014                HAL_UART_MspDeInit
 .text.hwInit   0x000000000800206c       0x26 src/hw/hw.o
                0x000000000800206c                hwInit
 *fill*         0x0000000008002092        0x2 
 .text.disk_status
                0x0000000008002094       0x34 src/lib/FatFs/src/diskio.o
                0x0000000008002094                disk_status
 .text.disk_initialize
                0x00000000080020c8       0x4c src/lib/FatFs/src/diskio.o
                0x00000000080020c8                disk_initialize
 .text.disk_read
                0x0000000008002114       0x40 src/lib/FatFs/src/diskio.o
                0x0000000008002114                disk_read
 .text.disk_write
                0x0000000008002154       0x40 src/lib/FatFs/src/diskio.o
                0x0000000008002154                disk_write
 .text.disk_ioctl
                0x0000000008002194       0x3c src/lib/FatFs/src/diskio.o
                0x0000000008002194                disk_ioctl
 .text.get_fattime
                0x00000000080021d0       0x10 src/lib/FatFs/src/diskio.o
                0x00000000080021d0                get_fattime
 .text.ld_word  0x00000000080021e0       0x30 src/lib/FatFs/src/ff.o
 .text.ld_dword
                0x0000000008002210       0x46 src/lib/FatFs/src/ff.o
 .text.st_word  0x0000000008002256       0x36 src/lib/FatFs/src/ff.o
 .text.st_dword
                0x000000000800228c       0x58 src/lib/FatFs/src/ff.o
 .text.mem_cpy  0x00000000080022e4       0x42 src/lib/FatFs/src/ff.o
 .text.mem_set  0x0000000008002326       0x36 src/lib/FatFs/src/ff.o
 .text.mem_cmp  0x000000000800235c       0x4e src/lib/FatFs/src/ff.o
 .text.chk_chr  0x00000000080023aa       0x36 src/lib/FatFs/src/ff.o
 .text.chk_lock
                0x00000000080023e0       0xb8 src/lib/FatFs/src/ff.o
 .text.enq_lock
                0x0000000008002498       0x44 src/lib/FatFs/src/ff.o
 .text.inc_lock
                0x00000000080024dc      0x11c src/lib/FatFs/src/ff.o
 .text.dec_lock
                0x00000000080025f8       0x78 src/lib/FatFs/src/ff.o
 .text.clear_lock
                0x0000000008002670       0x48 src/lib/FatFs/src/ff.o
 .text.sync_window
                0x00000000080026b8       0x88 src/lib/FatFs/src/ff.o
 .text.move_window
                0x0000000008002740       0x5a src/lib/FatFs/src/ff.o
 *fill*         0x000000000800279a        0x2 
 .text.sync_fs  0x000000000800279c       0xdc src/lib/FatFs/src/ff.o
 .text.clust2sect
                0x0000000008002878       0x3e src/lib/FatFs/src/ff.o
 .text.get_fat  0x00000000080028b6      0x150 src/lib/FatFs/src/ff.o
 .text.put_fat  0x0000000008002a06      0x1d8 src/lib/FatFs/src/ff.o
 .text.remove_chain
                0x0000000008002bde       0xca src/lib/FatFs/src/ff.o
 .text.create_chain
                0x0000000008002ca8      0x130 src/lib/FatFs/src/ff.o
 .text.clmt_clust
                0x0000000008002dd8       0x68 src/lib/FatFs/src/ff.o
 .text.dir_sdi  0x0000000008002e40       0xf6 src/lib/FatFs/src/ff.o
 .text.dir_next
                0x0000000008002f36      0x18a src/lib/FatFs/src/ff.o
 .text.dir_alloc
                0x00000000080030c0       0x8e src/lib/FatFs/src/ff.o
 .text.ld_clust
                0x000000000800314e       0x3e src/lib/FatFs/src/ff.o
 .text.st_clust
                0x000000000800318c       0x40 src/lib/FatFs/src/ff.o
 .text.cmp_lfn  0x00000000080031cc       0xe0 src/lib/FatFs/src/ff.o
 .text.pick_lfn
                0x00000000080032ac       0xc8 src/lib/FatFs/src/ff.o
 .text.put_lfn  0x0000000008003374       0xd0 src/lib/FatFs/src/ff.o
 .text.gen_numname
                0x0000000008003444      0x120 src/lib/FatFs/src/ff.o
 .text.sum_sfn  0x0000000008003564       0x42 src/lib/FatFs/src/ff.o
 .text.dir_read
                0x00000000080035a6      0x14e src/lib/FatFs/src/ff.o
 .text.dir_find
                0x00000000080036f4      0x180 src/lib/FatFs/src/ff.o
 .text.dir_register
                0x0000000008003874      0x1f0 src/lib/FatFs/src/ff.o
 .text.get_fileinfo
                0x0000000008003a64      0x1ba src/lib/FatFs/src/ff.o
 *fill*         0x0000000008003c1e        0x2 
 .text.create_name
                0x0000000008003c20      0x370 src/lib/FatFs/src/ff.o
 .text.follow_path
                0x0000000008003f90       0xe2 src/lib/FatFs/src/ff.o
 .text.get_ldnumber
                0x0000000008004072       0x88 src/lib/FatFs/src/ff.o
 *fill*         0x00000000080040fa        0x2 
 .text.check_fs
                0x00000000080040fc       0xac src/lib/FatFs/src/ff.o
 .text.find_volume
                0x00000000080041a8      0x498 src/lib/FatFs/src/ff.o
 .text.validate
                0x0000000008004640       0x6a src/lib/FatFs/src/ff.o
 *fill*         0x00000000080046aa        0x2 
 .text.f_mount  0x00000000080046ac       0x8c src/lib/FatFs/src/ff.o
                0x00000000080046ac                f_mount
 .text.f_open   0x0000000008004738      0x494 src/lib/FatFs/src/ff.o
                0x0000000008004738                f_open
 .text.f_read   0x0000000008004bcc      0x27e src/lib/FatFs/src/ff.o
                0x0000000008004bcc                f_read
 .text.f_write  0x0000000008004e4a      0x2ea src/lib/FatFs/src/ff.o
                0x0000000008004e4a                f_write
 .text.f_sync   0x0000000008005134       0xfc src/lib/FatFs/src/ff.o
                0x0000000008005134                f_sync
 .text.f_close  0x0000000008005230       0x54 src/lib/FatFs/src/ff.o
                0x0000000008005230                f_close
 .text.f_lseek  0x0000000008005284      0x412 src/lib/FatFs/src/ff.o
                0x0000000008005284                f_lseek
 .text.f_opendir
                0x0000000008005696      0x13c src/lib/FatFs/src/ff.o
                0x0000000008005696                f_opendir
 .text.f_closedir
                0x00000000080057d2       0x4c src/lib/FatFs/src/ff.o
                0x00000000080057d2                f_closedir
 .text.f_readdir
                0x000000000800581e       0xb0 src/lib/FatFs/src/ff.o
                0x000000000800581e                f_readdir
 .text.f_getfree
                0x00000000080058ce      0x16a src/lib/FatFs/src/ff.o
                0x00000000080058ce                f_getfree
 .text.putc_bfd
                0x0000000008005a38       0x6c src/lib/FatFs/src/ff.o
 .text.putc_flush
                0x0000000008005aa4       0x4a src/lib/FatFs/src/ff.o
 .text.putc_init
                0x0000000008005aee       0x2a src/lib/FatFs/src/ff.o
 .text.f_printf
                0x0000000008005b18      0x440 src/lib/FatFs/src/ff.o
                0x0000000008005b18                f_printf
 .text.FATFS_LinkDriverEx
                0x0000000008005f58       0x98 src/lib/FatFs/src/ff_gen_drv.o
                0x0000000008005f58                FATFS_LinkDriverEx
 .text.FATFS_LinkDriver
                0x0000000008005ff0       0x1e src/lib/FatFs/src/ff_gen_drv.o
                0x0000000008005ff0                FATFS_LinkDriver
 *fill*         0x000000000800600e        0x2 
 .text.ff_convert
                0x0000000008006010       0x78 src/lib/FatFs/src/option/unicode.o
                0x0000000008006010                ff_convert
 .text.ff_wtoupper
                0x0000000008006088      0x114 src/lib/FatFs/src/option/unicode.o
                0x0000000008006088                ff_wtoupper
 .text.HAL_Init
                0x000000000800619c       0x44 src/lib/stm32f411ceu6_fw_module/Drivers/STM32F4xx_HAL_Driver/Src/stm32f4xx_hal.o
                0x000000000800619c                HAL_Init
 .text.HAL_InitTick
                0x00000000080061e0       0x60 src/lib/stm32f411ceu6_fw_module/Drivers/STM32F4xx_HAL_Driver/Src/stm32f4xx_hal.o
                0x00000000080061e0                HAL_InitTick
 .text.HAL_IncTick
                0x0000000008006240       0x28 src/lib/stm32f411ceu6_fw_module/Drivers/STM32F4xx_HAL_Driver/Src/stm32f4xx_hal.o
                0x0000000008006240                HAL_IncTick
 .text.HAL_GetTick
                0x0000000008006268       0x18 src/lib/stm32f411ceu6_fw_module/Drivers/STM32F4xx_HAL_Driver/Src/stm32f4xx_hal.o
                0x0000000008006268                HAL_GetTick
 .text.HAL_Delay
                0x0000000008006280       0x48 src/lib/stm32f411ceu6_fw_module/Drivers/STM32F4xx_HAL_Driver/Src/stm32f4xx_hal.o
                0x0000000008006280                HAL_Delay
 .text.__NVIC_SetPriorityGrouping
                0x00000000080062c8       0x48 src/lib/stm32f411ceu6_fw_module/Drivers/STM32F4xx_HAL_Driver/Src/stm32f4xx_hal_cortex.o
 .text.__NVIC_GetPriorityGrouping
                0x0000000008006310       0x1c src/lib/stm32f411ceu6_fw_module/Drivers/STM32F4xx_HAL_Driver/Src/stm32f4xx_hal_cortex.o
 .text.__NVIC_EnableIRQ
                0x000000000800632c       0x3c src/lib/stm32f411ceu6_fw_module/Drivers/STM32F4xx_HAL_Driver/Src/stm32f4xx_hal_cortex.o
 .text.__NVIC_DisableIRQ
                0x0000000008006368       0x48 src/lib/stm32f411ceu6_fw_module/Drivers/STM32F4xx_HAL_Driver/Src/stm32f4xx_hal_cortex.o
 .text.__NVIC_SetPriority
                0x00000000080063b0       0x54 src/lib/stm32f411ceu6_fw_module/Drivers/STM32F4xx_HAL_Driver/Src/stm32f4xx_hal_cortex.o
 .text.NVIC_EncodePriority
                0x0000000008006404       0x66 src/lib/stm32f411ceu6_fw_module/Drivers/STM32F4xx_HAL_Driver/Src/stm32f4xx_hal_cortex.o
 *fill*         0x000000000800646a        0x2 
 .text.SysTick_Config
                0x000000000800646c       0x44 src/lib/stm32f411ceu6_fw_module/Drivers/STM32F4xx_HAL_Driver/Src/stm32f4xx_hal_cortex.o
 .text.HAL_NVIC_SetPriorityGrouping
                0x00000000080064b0       0x16 src/lib/stm32f411ceu6_fw_module/Drivers/STM32F4xx_HAL_Driver/Src/stm32f4xx_hal_cortex.o
                0x00000000080064b0                HAL_NVIC_SetPriorityGrouping
 .text.HAL_NVIC_SetPriority
                0x00000000080064c6       0x38 src/lib/stm32f411ceu6_fw_module/Drivers/STM32F4xx_HAL_Driver/Src/stm32f4xx_hal_cortex.o
                0x00000000080064c6                HAL_NVIC_SetPriority
 .text.HAL_NVIC_EnableIRQ
                0x00000000080064fe       0x1c src/lib/stm32f411ceu6_fw_module/Drivers/STM32F4xx_HAL_Driver/Src/stm32f4xx_hal_cortex.o
                0x00000000080064fe                HAL_NVIC_EnableIRQ
 .text.HAL_NVIC_DisableIRQ
                0x000000000800651a       0x1c src/lib/stm32f411ceu6_fw_module/Drivers/STM32F4xx_HAL_Driver/Src/stm32f4xx_hal_cortex.o
                0x000000000800651a                HAL_NVIC_DisableIRQ
 .text.HAL_SYSTICK_Config
                0x0000000008006536       0x18 src/lib/stm32f411ceu6_fw_module/Drivers/STM32F4xx_HAL_Driver/Src/stm32f4xx_hal_cortex.o
                0x0000000008006536                HAL_SYSTICK_Config
 *fill*         0x000000000800654e        0x2 
 .text.HAL_DMA_Init
                0x0000000008006550      0x15c src/lib/stm32f411ceu6_fw_module/Drivers/STM32F4xx_HAL_Driver/Src/stm32f4xx_hal_dma.o
                0x0000000008006550                HAL_DMA_Init
 .text.HAL_DMA_DeInit
                0x00000000080066ac       0xbc src/lib/stm32f411ceu6_fw_module/Drivers/STM32F4xx_HAL_Driver/Src/stm32f4xx_hal_dma.o
                0x00000000080066ac                HAL_DMA_DeInit
 .text.HAL_DMA_Start_IT
                0x0000000008006768       0xb0 src/lib/stm32f411ceu6_fw_module/Drivers/STM32F4xx_HAL_Driver/Src/stm32f4xx_hal_dma.o
                0x0000000008006768                HAL_DMA_Start_IT
 .text.HAL_DMA_Abort
                0x0000000008006818       0xe0 src/lib/stm32f411ceu6_fw_module/Drivers/STM32F4xx_HAL_Driver/Src/stm32f4xx_hal_dma.o
                0x0000000008006818                HAL_DMA_Abort
 .text.HAL_DMA_Abort_IT
                0x00000000080068f8       0x44 src/lib/stm32f411ceu6_fw_module/Drivers/STM32F4xx_HAL_Driver/Src/stm32f4xx_hal_dma.o
                0x00000000080068f8                HAL_DMA_Abort_IT
 .text.HAL_DMA_IRQHandler
                0x000000000800693c      0x314 src/lib/stm32f411ceu6_fw_module/Drivers/STM32F4xx_HAL_Driver/Src/stm32f4xx_hal_dma.o
                0x000000000800693c                HAL_DMA_IRQHandler
 .text.HAL_DMA_GetError
                0x0000000008006c50       0x18 src/lib/stm32f411ceu6_fw_module/Drivers/STM32F4xx_HAL_Driver/Src/stm32f4xx_hal_dma.o
                0x0000000008006c50                HAL_DMA_GetError
 .text.DMA_SetConfig
                0x0000000008006c68       0x5c src/lib/stm32f411ceu6_fw_module/Drivers/STM32F4xx_HAL_Driver/Src/stm32f4xx_hal_dma.o
 .text.DMA_CalcBaseAndBitshift
                0x0000000008006cc4       0x6c src/lib/stm32f411ceu6_fw_module/Drivers/STM32F4xx_HAL_Driver/Src/stm32f4xx_hal_dma.o
 .text.DMA_CheckFifoParam
                0x0000000008006d30       0xf8 src/lib/stm32f411ceu6_fw_module/Drivers/STM32F4xx_HAL_Driver/Src/stm32f4xx_hal_dma.o
 .text.HAL_GPIO_Init
                0x0000000008006e28      0x308 src/lib/stm32f411ceu6_fw_module/Drivers/STM32F4xx_HAL_Driver/Src/stm32f4xx_hal_gpio.o
                0x0000000008006e28                HAL_GPIO_Init
 .text.HAL_GPIO_DeInit
                0x0000000008007130      0x1c8 src/lib/stm32f411ceu6_fw_module/Drivers/STM32F4xx_HAL_Driver/Src/stm32f4xx_hal_gpio.o
                0x0000000008007130                HAL_GPIO_DeInit
 .text.HAL_GPIO_ReadPin
                0x00000000080072f8       0x30 src/lib/stm32f411ceu6_fw_module/Drivers/STM32F4xx_HAL_Driver/Src/stm32f4xx_hal_gpio.o
                0x00000000080072f8                HAL_GPIO_ReadPin
 .text.HAL_GPIO_WritePin
                0x0000000008007328       0x32 src/lib/stm32f411ceu6_fw_module/Drivers/STM32F4xx_HAL_Driver/Src/stm32f4xx_hal_gpio.o
                0x0000000008007328                HAL_GPIO_WritePin
 *fill*         0x000000000800735a        0x2 
 .text.HAL_RCC_OscConfig
                0x000000000800735c      0x4f0 src/lib/stm32f411ceu6_fw_module/Drivers/STM32F4xx_HAL_Driver/Src/stm32f4xx_hal_rcc.o
                0x000000000800735c                HAL_RCC_OscConfig
 .text.HAL_RCC_ClockConfig
                0x000000000800784c      0x1cc src/lib/stm32f411ceu6_fw_module/Drivers/STM32F4xx_HAL_Driver/Src/stm32f4xx_hal_rcc.o
                0x000000000800784c                HAL_RCC_ClockConfig
 .text.HAL_RCC_GetSysClockFreq
                0x0000000008007a18      0x16c src/lib/stm32f411ceu6_fw_module/Drivers/STM32F4xx_HAL_Driver/Src/stm32f4xx_hal_rcc.o
                0x0000000008007a18                HAL_RCC_GetSysClockFreq
 .text.HAL_RCC_GetHCLKFreq
                0x0000000008007b84       0x18 src/lib/stm32f411ceu6_fw_module/Drivers/STM32F4xx_HAL_Driver/Src/stm32f4xx_hal_rcc.o
                0x0000000008007b84                HAL_RCC_GetHCLKFreq
 .text.HAL_RCC_GetPCLK1Freq
                0x0000000008007b9c       0x28 src/lib/stm32f411ceu6_fw_module/Drivers/STM32F4xx_HAL_Driver/Src/stm32f4xx_hal_rcc.o
                0x0000000008007b9c                HAL_RCC_GetPCLK1Freq
 .text.HAL_RCC_GetPCLK2Freq
                0x0000000008007bc4       0x28 src/lib/stm32f411ceu6_fw_module/Drivers/STM32F4xx_HAL_Driver/Src/stm32f4xx_hal_rcc.o
                0x0000000008007bc4                HAL_RCC_GetPCLK2Freq
 .text.HAL_SD_Init
                0x0000000008007bec       0x60 src/lib/stm32f411ceu6_fw_module/Drivers/STM32F4xx_HAL_Driver/Src/stm32f4xx_hal_sd.o
                0x0000000008007bec                HAL_SD_Init
 .text.HAL_SD_InitCard
                0x0000000008007c4c       0xfc src/lib/stm32f411ceu6_fw_module/Drivers/STM32F4xx_HAL_Driver/Src/stm32f4xx_hal_sd.o
                0x0000000008007c4c                HAL_SD_InitCard
 .text.HAL_SD_ReadBlocks_DMA
                0x0000000008007d48      0x1c4 src/lib/stm32f411ceu6_fw_module/Drivers/STM32F4xx_HAL_Driver/Src/stm32f4xx_hal_sd.o
                0x0000000008007d48                HAL_SD_ReadBlocks_DMA
 .text.HAL_SD_WriteBlocks_DMA
                0x0000000008007f0c      0x1cc src/lib/stm32f411ceu6_fw_module/Drivers/STM32F4xx_HAL_Driver/Src/stm32f4xx_hal_sd.o
                0x0000000008007f0c                HAL_SD_WriteBlocks_DMA
 .text.HAL_SD_IRQHandler
                0x00000000080080d8      0x30c src/lib/stm32f411ceu6_fw_module/Drivers/STM32F4xx_HAL_Driver/Src/stm32f4xx_hal_sd.o
                0x00000000080080d8                HAL_SD_IRQHandler
 .text.HAL_SD_ErrorCallback
                0x00000000080083e4       0x14 src/lib/stm32f411ceu6_fw_module/Drivers/STM32F4xx_HAL_Driver/Src/stm32f4xx_hal_sd.o
                0x00000000080083e4                HAL_SD_ErrorCallback
 .text.HAL_SD_AbortCallback
                0x00000000080083f8       0x14 src/lib/stm32f411ceu6_fw_module/Drivers/STM32F4xx_HAL_Driver/Src/stm32f4xx_hal_sd.o
                0x00000000080083f8                HAL_SD_AbortCallback
 .text.HAL_SD_GetCardCSD
                0x000000000800840c      0x348 src/lib/stm32f411ceu6_fw_module/Drivers/STM32F4xx_HAL_Driver/Src/stm32f4xx_hal_sd.o
                0x000000000800840c                HAL_SD_GetCardCSD
 .text.HAL_SD_GetCardInfo
                0x0000000008008754       0x58 src/lib/stm32f411ceu6_fw_module/Drivers/STM32F4xx_HAL_Driver/Src/stm32f4xx_hal_sd.o
                0x0000000008008754                HAL_SD_GetCardInfo
 .text.HAL_SD_ConfigWideBusOperation
                0x00000000080087ac      0x134 src/lib/stm32f411ceu6_fw_module/Drivers/STM32F4xx_HAL_Driver/Src/stm32f4xx_hal_sd.o
                0x00000000080087ac                HAL_SD_ConfigWideBusOperation
 .text.HAL_SD_GetCardState
                0x00000000080088e0       0x40 src/lib/stm32f411ceu6_fw_module/Drivers/STM32F4xx_HAL_Driver/Src/stm32f4xx_hal_sd.o
                0x00000000080088e0                HAL_SD_GetCardState
 .text.SD_DMATransmitCplt
                0x0000000008008920       0x2a src/lib/stm32f411ceu6_fw_module/Drivers/STM32F4xx_HAL_Driver/Src/stm32f4xx_hal_sd.o
 .text.SD_DMAReceiveCplt
                0x000000000800894a       0x70 src/lib/stm32f411ceu6_fw_module/Drivers/STM32F4xx_HAL_Driver/Src/stm32f4xx_hal_sd.o
 *fill*         0x00000000080089ba        0x2 
 .text.SD_DMAError
                0x00000000080089bc       0xa4 src/lib/stm32f411ceu6_fw_module/Drivers/STM32F4xx_HAL_Driver/Src/stm32f4xx_hal_sd.o
 .text.SD_DMATxAbort
                0x0000000008008a60       0x6e src/lib/stm32f411ceu6_fw_module/Drivers/STM32F4xx_HAL_Driver/Src/stm32f4xx_hal_sd.o
 .text.SD_DMARxAbort
                0x0000000008008ace       0x6e src/lib/stm32f411ceu6_fw_module/Drivers/STM32F4xx_HAL_Driver/Src/stm32f4xx_hal_sd.o
 .text.SD_InitCard
                0x0000000008008b3c      0x198 src/lib/stm32f411ceu6_fw_module/Drivers/STM32F4xx_HAL_Driver/Src/stm32f4xx_hal_sd.o
 .text.SD_PowerON
                0x0000000008008cd4      0x11c src/lib/stm32f411ceu6_fw_module/Drivers/STM32F4xx_HAL_Driver/Src/stm32f4xx_hal_sd.o
 .text.SD_SendStatus
                0x0000000008008df0       0x50 src/lib/stm32f411ceu6_fw_module/Drivers/STM32F4xx_HAL_Driver/Src/stm32f4xx_hal_sd.o
 .text.SD_WideBus_Enable
                0x0000000008008e40       0x96 src/lib/stm32f411ceu6_fw_module/Drivers/STM32F4xx_HAL_Driver/Src/stm32f4xx_hal_sd.o
 .text.SD_WideBus_Disable
                0x0000000008008ed6       0x96 src/lib/stm32f411ceu6_fw_module/Drivers/STM32F4xx_HAL_Driver/Src/stm32f4xx_hal_sd.o
 .text.SD_FindSCR
                0x0000000008008f6c      0x1a6 src/lib/stm32f411ceu6_fw_module/Drivers/STM32F4xx_HAL_Driver/Src/stm32f4xx_hal_sd.o
 .text.SD_Read_IT
                0x0000000008009112       0xa2 src/lib/stm32f411ceu6_fw_module/Drivers/STM32F4xx_HAL_Driver/Src/stm32f4xx_hal_sd.o
 .text.SD_Write_IT
                0x00000000080091b4       0xaa src/lib/stm32f411ceu6_fw_module/Drivers/STM32F4xx_HAL_Driver/Src/stm32f4xx_hal_sd.o
 .text.HAL_UART_Init
                0x000000000800925e       0x9a src/lib/stm32f411ceu6_fw_module/Drivers/STM32F4xx_HAL_Driver/Src/stm32f4xx_hal_uart.o
                0x000000000800925e                HAL_UART_Init
 .text.HAL_UART_DeInit
                0x00000000080092f8       0x5e src/lib/stm32f411ceu6_fw_module/Drivers/STM32F4xx_HAL_Driver/Src/stm32f4xx_hal_uart.o
                0x00000000080092f8                HAL_UART_DeInit
 *fill*         0x0000000008009356        0x2 
 .text.HAL_UART_Transmit_DMA
                0x0000000008009358       0xfc src/lib/stm32f411ceu6_fw_module/Drivers/STM32F4xx_HAL_Driver/Src/stm32f4xx_hal_uart.o
                0x0000000008009358                HAL_UART_Transmit_DMA
 .text.HAL_UART_Receive_DMA
                0x0000000008009454       0x60 src/lib/stm32f411ceu6_fw_module/Drivers/STM32F4xx_HAL_Driver/Src/stm32f4xx_hal_uart.o
                0x0000000008009454                HAL_UART_Receive_DMA
 .text.HAL_UART_IRQHandler
                0x00000000080094b4      0x51c src/lib/stm32f411ceu6_fw_module/Drivers/STM32F4xx_HAL_Driver/Src/stm32f4xx_hal_uart.o
                0x00000000080094b4                HAL_UART_IRQHandler
 .text.HAL_UART_TxHalfCpltCallback
                0x00000000080099d0       0x14 src/lib/stm32f411ceu6_fw_module/Drivers/STM32F4xx_HAL_Driver/Src/stm32f4xx_hal_uart.o
                0x00000000080099d0                HAL_UART_TxHalfCpltCallback
 .text.HAL_UART_RxHalfCpltCallback
                0x00000000080099e4       0x14 src/lib/stm32f411ceu6_fw_module/Drivers/STM32F4xx_HAL_Driver/Src/stm32f4xx_hal_uart.o
                0x00000000080099e4                HAL_UART_RxHalfCpltCallback
 .text.HAL_UARTEx_RxEventCallback
                0x00000000080099f8       0x18 src/lib/stm32f411ceu6_fw_module/Drivers/STM32F4xx_HAL_Driver/Src/stm32f4xx_hal_uart.o
                0x00000000080099f8                HAL_UARTEx_RxEventCallback
 .text.UART_DMATransmitCplt
                0x0000000008009a10       0x9a src/lib/stm32f411ceu6_fw_module/Drivers/STM32F4xx_HAL_Driver/Src/stm32f4xx_hal_uart.o
 .text.UART_DMATxHalfCplt
                0x0000000008009aaa       0x1c src/lib/stm32f411ceu6_fw_module/Drivers/STM32F4xx_HAL_Driver/Src/stm32f4xx_hal_uart.o
 .text.UART_DMAReceiveCplt
                0x0000000008009ac6      0x126 src/lib/stm32f411ceu6_fw_module/Drivers/STM32F4xx_HAL_Driver/Src/stm32f4xx_hal_uart.o
 .text.UART_DMARxHalfCplt
                0x0000000008009bec       0x36 src/lib/stm32f411ceu6_fw_module/Drivers/STM32F4xx_HAL_Driver/Src/stm32f4xx_hal_uart.o
 .text.UART_DMAError
                0x0000000008009c22       0x94 src/lib/stm32f411ceu6_fw_module/Drivers/STM32F4xx_HAL_Driver/Src/stm32f4xx_hal_uart.o
 *fill*         0x0000000008009cb6        0x2 
 .text.UART_Start_Receive_DMA
                0x0000000008009cb8      0x134 src/lib/stm32f411ceu6_fw_module/Drivers/STM32F4xx_HAL_Driver/Src/stm32f4xx_hal_uart.o
                0x0000000008009cb8                UART_Start_Receive_DMA
 .text.UART_EndTxTransfer
                0x0000000008009dec       0x50 src/lib/stm32f411ceu6_fw_module/Drivers/STM32F4xx_HAL_Driver/Src/stm32f4xx_hal_uart.o
 .text.UART_EndRxTransfer
                0x0000000008009e3c       0xc6 src/lib/stm32f411ceu6_fw_module/Drivers/STM32F4xx_HAL_Driver/Src/stm32f4xx_hal_uart.o
 .text.UART_DMAAbortOnError
                0x0000000008009f02       0x28 src/lib/stm32f411ceu6_fw_module/Drivers/STM32F4xx_HAL_Driver/Src/stm32f4xx_hal_uart.o
 .text.UART_Transmit_IT
                0x0000000008009f2a       0xa0 src/lib/stm32f411ceu6_fw_module/Drivers/STM32F4xx_HAL_Driver/Src/stm32f4xx_hal_uart.o
 .text.UART_EndTransmit_IT
                0x0000000008009fca       0x30 src/lib/stm32f411ceu6_fw_module/Drivers/STM32F4xx_HAL_Driver/Src/stm32f4xx_hal_uart.o
 .text.UART_Receive_IT
                0x0000000008009ffa      0x176 src/lib/stm32f411ceu6_fw_module/Drivers/STM32F4xx_HAL_Driver/Src/stm32f4xx_hal_uart.o
 .text.UART_SetConfig
                0x000000000800a170      0x390 src/lib/stm32f411ceu6_fw_module/Drivers/STM32F4xx_HAL_Driver/Src/stm32f4xx_hal_uart.o
 .text.SDIO_Init
                0x000000000800a500       0x56 src/lib/stm32f411ceu6_fw_module/Drivers/STM32F4xx_HAL_Driver/Src/stm32f4xx_ll_sdmmc.o
                0x000000000800a500                SDIO_Init
 .text.SDIO_ReadFIFO
                0x000000000800a556       0x1a src/lib/stm32f411ceu6_fw_module/Drivers/STM32F4xx_HAL_Driver/Src/stm32f4xx_ll_sdmmc.o
                0x000000000800a556                SDIO_ReadFIFO
 .text.SDIO_WriteFIFO
                0x000000000800a570       0x22 src/lib/stm32f411ceu6_fw_module/Drivers/STM32F4xx_HAL_Driver/Src/stm32f4xx_ll_sdmmc.o
                0x000000000800a570                SDIO_WriteFIFO
 .text.SDIO_PowerState_ON
                0x000000000800a592       0x1e src/lib/stm32f411ceu6_fw_module/Drivers/STM32F4xx_HAL_Driver/Src/stm32f4xx_ll_sdmmc.o
                0x000000000800a592                SDIO_PowerState_ON
 .text.SDIO_GetPowerState
                0x000000000800a5b0       0x1c src/lib/stm32f411ceu6_fw_module/Drivers/STM32F4xx_HAL_Driver/Src/stm32f4xx_ll_sdmmc.o
                0x000000000800a5b0                SDIO_GetPowerState
 .text.SDIO_SendCommand
                0x000000000800a5cc       0x54 src/lib/stm32f411ceu6_fw_module/Drivers/STM32F4xx_HAL_Driver/Src/stm32f4xx_ll_sdmmc.o
                0x000000000800a5cc                SDIO_SendCommand
 .text.SDIO_GetCommandResponse
                0x000000000800a620       0x1a src/lib/stm32f411ceu6_fw_module/Drivers/STM32F4xx_HAL_Driver/Src/stm32f4xx_ll_sdmmc.o
                0x000000000800a620                SDIO_GetCommandResponse
 .text.SDIO_GetResponse
                0x000000000800a63a       0x26 src/lib/stm32f411ceu6_fw_module/Drivers/STM32F4xx_HAL_Driver/Src/stm32f4xx_ll_sdmmc.o
                0x000000000800a63a                SDIO_GetResponse
 .text.SDIO_ConfigData
                0x000000000800a660       0x58 src/lib/stm32f411ceu6_fw_module/Drivers/STM32F4xx_HAL_Driver/Src/stm32f4xx_ll_sdmmc.o
                0x000000000800a660                SDIO_ConfigData
 .text.SDMMC_CmdBlockLength
                0x000000000800a6b8       0x44 src/lib/stm32f411ceu6_fw_module/Drivers/STM32F4xx_HAL_Driver/Src/stm32f4xx_ll_sdmmc.o
                0x000000000800a6b8                SDMMC_CmdBlockLength
 .text.SDMMC_CmdReadSingleBlock
                0x000000000800a6fc       0x44 src/lib/stm32f411ceu6_fw_module/Drivers/STM32F4xx_HAL_Driver/Src/stm32f4xx_ll_sdmmc.o
                0x000000000800a6fc                SDMMC_CmdReadSingleBlock
 .text.SDMMC_CmdReadMultiBlock
                0x000000000800a740       0x44 src/lib/stm32f411ceu6_fw_module/Drivers/STM32F4xx_HAL_Driver/Src/stm32f4xx_ll_sdmmc.o
                0x000000000800a740                SDMMC_CmdReadMultiBlock
 .text.SDMMC_CmdWriteSingleBlock
                0x000000000800a784       0x44 src/lib/stm32f411ceu6_fw_module/Drivers/STM32F4xx_HAL_Driver/Src/stm32f4xx_ll_sdmmc.o
                0x000000000800a784                SDMMC_CmdWriteSingleBlock
 .text.SDMMC_CmdWriteMultiBlock
                0x000000000800a7c8       0x44 src/lib/stm32f411ceu6_fw_module/Drivers/STM32F4xx_HAL_Driver/Src/stm32f4xx_ll_sdmmc.o
                0x000000000800a7c8                SDMMC_CmdWriteMultiBlock
 .text.SDMMC_CmdStopTransfer
                0x000000000800a80c       0x44 src/lib/stm32f411ceu6_fw_module/Drivers/STM32F4xx_HAL_Driver/Src/stm32f4xx_ll_sdmmc.o
                0x000000000800a80c                SDMMC_CmdStopTransfer
 .text.SDMMC_CmdSelDesel
                0x000000000800a850       0x46 src/lib/stm32f411ceu6_fw_module/Drivers/STM32F4xx_HAL_Driver/Src/stm32f4xx_ll_sdmmc.o
                0x000000000800a850                SDMMC_CmdSelDesel
 .text.SDMMC_CmdGoIdleState
                0x000000000800a896       0x3c src/lib/stm32f411ceu6_fw_module/Drivers/STM32F4xx_HAL_Driver/Src/stm32f4xx_ll_sdmmc.o
                0x000000000800a896                SDMMC_CmdGoIdleState
 .text.SDMMC_CmdOperCond
                0x000000000800a8d2       0x3e src/lib/stm32f411ceu6_fw_module/Drivers/STM32F4xx_HAL_Driver/Src/stm32f4xx_ll_sdmmc.o
                0x000000000800a8d2                SDMMC_CmdOperCond
 .text.SDMMC_CmdAppCommand
                0x000000000800a910       0x44 src/lib/stm32f411ceu6_fw_module/Drivers/STM32F4xx_HAL_Driver/Src/stm32f4xx_ll_sdmmc.o
                0x000000000800a910                SDMMC_CmdAppCommand
 .text.SDMMC_CmdAppOperCommand
                0x000000000800a954       0x46 src/lib/stm32f411ceu6_fw_module/Drivers/STM32F4xx_HAL_Driver/Src/stm32f4xx_ll_sdmmc.o
                0x000000000800a954                SDMMC_CmdAppOperCommand
 .text.SDMMC_CmdBusWidth
                0x000000000800a99a       0x44 src/lib/stm32f411ceu6_fw_module/Drivers/STM32F4xx_HAL_Driver/Src/stm32f4xx_ll_sdmmc.o
                0x000000000800a99a                SDMMC_CmdBusWidth
 .text.SDMMC_CmdSendSCR
                0x000000000800a9de       0x42 src/lib/stm32f411ceu6_fw_module/Drivers/STM32F4xx_HAL_Driver/Src/stm32f4xx_ll_sdmmc.o
                0x000000000800a9de                SDMMC_CmdSendSCR
 .text.SDMMC_CmdSendCID
                0x000000000800aa20       0x3c src/lib/stm32f411ceu6_fw_module/Drivers/STM32F4xx_HAL_Driver/Src/stm32f4xx_ll_sdmmc.o
                0x000000000800aa20                SDMMC_CmdSendCID
 .text.SDMMC_CmdSendCSD
                0x000000000800aa5c       0x3e src/lib/stm32f411ceu6_fw_module/Drivers/STM32F4xx_HAL_Driver/Src/stm32f4xx_ll_sdmmc.o
                0x000000000800aa5c                SDMMC_CmdSendCSD
 .text.SDMMC_CmdSetRelAdd
                0x000000000800aa9a       0x42 src/lib/stm32f411ceu6_fw_module/Drivers/STM32F4xx_HAL_Driver/Src/stm32f4xx_ll_sdmmc.o
                0x000000000800aa9a                SDMMC_CmdSetRelAdd
 .text.SDMMC_CmdSendStatus
                0x000000000800aadc       0x44 src/lib/stm32f411ceu6_fw_module/Drivers/STM32F4xx_HAL_Driver/Src/stm32f4xx_ll_sdmmc.o
                0x000000000800aadc                SDMMC_CmdSendStatus
 .text.SDMMC_GetCmdError
                0x000000000800ab20       0x58 src/lib/stm32f411ceu6_fw_module/Drivers/STM32F4xx_HAL_Driver/Src/stm32f4xx_ll_sdmmc.o
 .text.SDMMC_GetCmdResp1
                0x000000000800ab78      0x1dc src/lib/stm32f411ceu6_fw_module/Drivers/STM32F4xx_HAL_Driver/Src/stm32f4xx_ll_sdmmc.o
 .text.SDMMC_GetCmdResp2
                0x000000000800ad54       0x90 src/lib/stm32f411ceu6_fw_module/Drivers/STM32F4xx_HAL_Driver/Src/stm32f4xx_ll_sdmmc.o
 .text.SDMMC_GetCmdResp3
                0x000000000800ade4       0x7c src/lib/stm32f411ceu6_fw_module/Drivers/STM32F4xx_HAL_Driver/Src/stm32f4xx_ll_sdmmc.o
 .text.SDMMC_GetCmdResp6
                0x000000000800ae60       0xec src/lib/stm32f411ceu6_fw_module/Drivers/STM32F4xx_HAL_Driver/Src/stm32f4xx_ll_sdmmc.o
 .text.SDMMC_GetCmdResp7
                0x000000000800af4c       0x9c src/lib/stm32f411ceu6_fw_module/Drivers/STM32F4xx_HAL_Driver/Src/stm32f4xx_ll_sdmmc.o
 .text.main     0x000000000800afe8       0x16 src/main.o
                0x000000000800afe8                main
 *fill*         0x000000000800affe        0x2 
 .text.__errno  0x000000000800b000        0xc c:/st/stm32cubeide_1.6.0/stm32cubeide/plugins/com.st.stm32cube.ide.mcu.externaltools.gnu-tools-for-stm32.9-2020-q2-update.win32_1.5.0.202011040924/tools/bin/../lib/gcc/arm-none-eabi/9.3.1/../../../../arm-none-eabi/lib/thumb/v7e-m+fp/hard\libc_nano.a(lib_a-errno.o)
                0x000000000800b000                __errno
 .text.__libc_init_array
                0x000000000800b00c       0x48 c:/st/stm32cubeide_1.6.0/stm32cubeide/plugins/com.st.stm32cube.ide.mcu.externaltools.gnu-tools-for-stm32.9-2020-q2-update.win32_1.5.0.202011040924/tools/bin/../lib/gcc/arm-none-eabi/9.3.1/../../../../arm-none-eabi/lib/thumb/v7e-m+fp/hard\libc_nano.a(lib_a-init.o)
                0x000000000800b00c                __libc_init_array
 .text.memset   0x000000000800b054       0x10 c:/st/stm32cubeide_1.6.0/stm32cubeide/plugins/com.st.stm32cube.ide.mcu.externaltools.gnu-tools-for-stm32.9-2020-q2-update.win32_1.5.0.202011040924/tools/bin/../lib/gcc/arm-none-eabi/9.3.1/../../../../arm-none-eabi/lib/thumb/v7e-m+fp/hard\libc_nano.a(lib_a-memset.o)
                0x000000000800b054                memset
 .text._vsnprintf_r
                0x000000000800b064       0x58 c:/st/stm32cubeide_1.6.0/stm32cubeide/plugins/com.st.stm32cube.ide.mcu.externaltools.gnu-tools-for-stm32.9-2020-q2-update.win32_1.5.0.202011040924/tools/bin/../lib/gcc/arm-none-eabi/9.3.1/../../../../arm-none-eabi/lib/thumb/v7e-m+fp/hard\libc_nano.a(lib_a-vsnprintf.o)
                0x000000000800b064                _vsniprintf_r
                0x000000000800b064                _vsnprintf_r
 .text.vsnprintf
                0x000000000800b0bc       0x1c c:/st/stm32cubeide_1.6.0/stm32cubeide/plugins/com.st.stm32cube.ide.mcu.externaltools.gnu-tools-for-stm32.9-2020-q2-update.win32_1.5.0.202011040924/tools/bin/../lib/gcc/arm-none-eabi/9.3.1/../../../../arm-none-eabi/lib/thumb/v7e-m+fp/hard\libc_nano.a(lib_a-vsnprintf.o)
                0x000000000800b0bc                vsniprintf
                0x000000000800b0bc                vsnprintf
 .text.__ssputs_r
                0x000000000800b0d8       0xb6 c:/st/stm32cubeide_1.6.0/stm32cubeide/plugins/com.st.stm32cube.ide.mcu.externaltools.gnu-tools-for-stm32.9-2020-q2-update.win32_1.5.0.202011040924/tools/bin/../lib/gcc/arm-none-eabi/9.3.1/../../../../arm-none-eabi/lib/thumb/v7e-m+fp/hard\libc_nano.a(lib_a-nano-svfprintf.o)
                0x000000000800b0d8                __ssputs_r
 *fill*         0x000000000800b18e        0x2 
 .text._svfprintf_r
                0x000000000800b190      0x200 c:/st/stm32cubeide_1.6.0/stm32cubeide/plugins/com.st.stm32cube.ide.mcu.externaltools.gnu-tools-for-stm32.9-2020-q2-update.win32_1.5.0.202011040924/tools/bin/../lib/gcc/arm-none-eabi/9.3.1/../../../../arm-none-eabi/lib/thumb/v7e-m+fp/hard\libc_nano.a(lib_a-nano-svfprintf.o)
                0x000000000800b190                _svfiprintf_r
                0x000000000800b190                _svfprintf_r
 .text._printf_common
                0x000000000800b390       0xda c:/st/stm32cubeide_1.6.0/stm32cubeide/plugins/com.st.stm32cube.ide.mcu.externaltools.gnu-tools-for-stm32.9-2020-q2-update.win32_1.5.0.202011040924/tools/bin/../lib/gcc/arm-none-eabi/9.3.1/../../../../arm-none-eabi/lib/thumb/v7e-m+fp/hard\libc_nano.a(lib_a-nano-vfprintf_i.o)
                0x000000000800b390                _printf_common
 *fill*         0x000000000800b46a        0x2 
 .text._printf_i
                0x000000000800b46c      0x24c c:/st/stm32cubeide_1.6.0/stm32cubeide/plugins/com.st.stm32cube.ide.mcu.externaltools.gnu-tools-for-stm32.9-2020-q2-update.win32_1.5.0.202011040924/tools/bin/../lib/gcc/arm-none-eabi/9.3.1/../../../../arm-none-eabi/lib/thumb/v7e-m+fp/hard\libc_nano.a(lib_a-nano-vfprintf_i.o)
                0x000000000800b46c                _printf_i
 .text.memcpy   0x000000000800b6b8       0x1c c:/st/stm32cubeide_1.6.0/stm32cubeide/plugins/com.st.stm32cube.ide.mcu.externaltools.gnu-tools-for-stm32.9-2020-q2-update.win32_1.5.0.202011040924/tools/bin/../lib/gcc/arm-none-eabi/9.3.1/../../../../arm-none-eabi/lib/thumb/v7e-m+fp/hard\libc_nano.a(lib_a-memcpy-stub.o)
                0x000000000800b6b8                memcpy
 .text.memmove  0x000000000800b6d4       0x34 c:/st/stm32cubeide_1.6.0/stm32cubeide/plugins/com.st.stm32cube.ide.mcu.externaltools.gnu-tools-for-stm32.9-2020-q2-update.win32_1.5.0.202011040924/tools/bin/../lib/gcc/arm-none-eabi/9.3.1/../../../../arm-none-eabi/lib/thumb/v7e-m+fp/hard\libc_nano.a(lib_a-memmove.o)
                0x000000000800b6d4                memmove
 .text._free_r  0x000000000800b708       0xa0 c:/st/stm32cubeide_1.6.0/stm32cubeide/plugins/com.st.stm32cube.ide.mcu.externaltools.gnu-tools-for-stm32.9-2020-q2-update.win32_1.5.0.202011040924/tools/bin/../lib/gcc/arm-none-eabi/9.3.1/../../../../arm-none-eabi/lib/thumb/v7e-m+fp/hard\libc_nano.a(lib_a-nano-freer.o)
                0x000000000800b708                _free_r
 .text._malloc_r
                0x000000000800b7a8       0xb4 c:/st/stm32cubeide_1.6.0/stm32cubeide/plugins/com.st.stm32cube.ide.mcu.externaltools.gnu-tools-for-stm32.9-2020-q2-update.win32_1.5.0.202011040924/tools/bin/../lib/gcc/arm-none-eabi/9.3.1/../../../../arm-none-eabi/lib/thumb/v7e-m+fp/hard\libc_nano.a(lib_a-nano-mallocr.o)
                0x000000000800b7a8                _malloc_r
 .text._realloc_r
                0x000000000800b85c       0x4c c:/st/stm32cubeide_1.6.0/stm32cubeide/plugins/com.st.stm32cube.ide.mcu.externaltools.gnu-tools-for-stm32.9-2020-q2-update.win32_1.5.0.202011040924/tools/bin/../lib/gcc/arm-none-eabi/9.3.1/../../../../arm-none-eabi/lib/thumb/v7e-m+fp/hard\libc_nano.a(lib_a-nano-reallocr.o)
                0x000000000800b85c                _realloc_r
 .text._sbrk_r  0x000000000800b8a8       0x20 c:/st/stm32cubeide_1.6.0/stm32cubeide/plugins/com.st.stm32cube.ide.mcu.externaltools.gnu-tools-for-stm32.9-2020-q2-update.win32_1.5.0.202011040924/tools/bin/../lib/gcc/arm-none-eabi/9.3.1/../../../../arm-none-eabi/lib/thumb/v7e-m+fp/hard\libc_nano.a(lib_a-sbrkr.o)
                0x000000000800b8a8                _sbrk_r
 .text.__malloc_lock
                0x000000000800b8c8        0xc c:/st/stm32cubeide_1.6.0/stm32cubeide/plugins/com.st.stm32cube.ide.mcu.externaltools.gnu-tools-for-stm32.9-2020-q2-update.win32_1.5.0.202011040924/tools/bin/../lib/gcc/arm-none-eabi/9.3.1/../../../../arm-none-eabi/lib/thumb/v7e-m+fp/hard\libc_nano.a(lib_a-mlock.o)
                0x000000000800b8c8                __malloc_lock
 .text.__malloc_unlock
                0x000000000800b8d4        0xc c:/st/stm32cubeide_1.6.0/stm32cubeide/plugins/com.st.stm32cube.ide.mcu.externaltools.gnu-tools-for-stm32.9-2020-q2-update.win32_1.5.0.202011040924/tools/bin/../lib/gcc/arm-none-eabi/9.3.1/../../../../arm-none-eabi/lib/thumb/v7e-m+fp/hard\libc_nano.a(lib_a-mlock.o)
                0x000000000800b8d4                __malloc_unlock
 .text._malloc_usable_size_r
                0x000000000800b8e0       0x10 c:/st/stm32cubeide_1.6.0/stm32cubeide/plugins/com.st.stm32cube.ide.mcu.externaltools.gnu-tools-for-stm32.9-2020-q2-update.win32_1.5.0.202011040924/tools/bin/../lib/gcc/arm-none-eabi/9.3.1/../../../../arm-none-eabi/lib/thumb/v7e-m+fp/hard\libc_nano.a(lib_a-nano-msizer.o)
                0x000000000800b8e0                _malloc_usable_size_r
 .text.__retarget_lock_acquire_recursive
                0x000000000800b8f0        0x2 c:/st/stm32cubeide_1.6.0/stm32cubeide/plugins/com.st.stm32cube.ide.mcu.externaltools.gnu-tools-for-stm32.9-2020-q2-update.win32_1.5.0.202011040924/tools/bin/../lib/gcc/arm-none-eabi/9.3.1/../../../../arm-none-eabi/lib/thumb/v7e-m+fp/hard\libc_nano.a(lib_a-lock.o)
                0x000000000800b8f0                __retarget_lock_acquire_recursive
 .text.__retarget_lock_release_recursive
                0x000000000800b8f2        0x2 c:/st/stm32cubeide_1.6.0/stm32cubeide/plugins/com.st.stm32cube.ide.mcu.externaltools.gnu-tools-for-stm32.9-2020-q2-update.win32_1.5.0.202011040924/tools/bin/../lib/gcc/arm-none-eabi/9.3.1/../../../../arm-none-eabi/lib/thumb/v7e-m+fp/hard\libc_nano.a(lib_a-lock.o)
                0x000000000800b8f2                __retarget_lock_release_recursive
 *(.glue_7)
 .glue_7        0x000000000800b8f4        0x0 linker stubs
 *(.glue_7t)
 .glue_7t       0x000000000800b8f4        0x0 linker stubs
 *(.eh_frame)
 .eh_frame      0x000000000800b8f4        0x0 c:/st/stm32cubeide_1.6.0/stm32cubeide/plugins/com.st.stm32cube.ide.mcu.externaltools.gnu-tools-for-stm32.9-2020-q2-update.win32_1.5.0.202011040924/tools/bin/../lib/gcc/arm-none-eabi/9.3.1/thumb/v7e-m+fp/hard/crtbegin.o
 *(.init)
 .init          0x000000000800b8f4        0x4 c:/st/stm32cubeide_1.6.0/stm32cubeide/plugins/com.st.stm32cube.ide.mcu.externaltools.gnu-tools-for-stm32.9-2020-q2-update.win32_1.5.0.202011040924/tools/bin/../lib/gcc/arm-none-eabi/9.3.1/thumb/v7e-m+fp/hard/crti.o
                0x000000000800b8f4                _init
 .init          0x000000000800b8f8        0x8 c:/st/stm32cubeide_1.6.0/stm32cubeide/plugins/com.st.stm32cube.ide.mcu.externaltools.gnu-tools-for-stm32.9-2020-q2-update.win32_1.5.0.202011040924/tools/bin/../lib/gcc/arm-none-eabi/9.3.1/thumb/v7e-m+fp/hard/crtn.o
 *(.fini)
 .fini          0x000000000800b900        0x4 c:/st/stm32cubeide_1.6.0/stm32cubeide/plugins/com.st.stm32cube.ide.mcu.externaltools.gnu-tools-for-stm32.9-2020-q2-update.win32_1.5.0.202011040924/tools/bin/../lib/gcc/arm-none-eabi/9.3.1/thumb/v7e-m+fp/hard/crti.o
                0x000000000800b900                _fini
 .fini          0x000000000800b904        0x8 c:/st/stm32cubeide_1.6.0/stm32cubeide/plugins/com.st.stm32cube.ide.mcu.externaltools.gnu-tools-for-stm32.9-2020-q2-update.win32_1.5.0.202011040924/tools/bin/../lib/gcc/arm-none-eabi/9.3.1/thumb/v7e-m+fp/hard/crtn.o
                0x000000000800b90c                . = ALIGN (0x4)
                0x000000000800b90c                _etext = .

.vfp11_veneer   0x000000000800b90c        0x0
 .vfp11_veneer  0x000000000800b90c        0x0 linker stubs

.v4_bx          0x000000000800b90c        0x0
 .v4_bx         0x000000000800b90c        0x0 linker stubs

.iplt           0x000000000800b90c        0x0
 .iplt          0x000000000800b90c        0x0 c:/st/stm32cubeide_1.6.0/stm32cubeide/plugins/com.st.stm32cube.ide.mcu.externaltools.gnu-tools-for-stm32.9-2020-q2-update.win32_1.5.0.202011040924/tools/bin/../lib/gcc/arm-none-eabi/9.3.1/thumb/v7e-m+fp/hard/crtbegin.o

.rodata         0x000000000800b90c      0x968
                0x000000000800b90c                . = ALIGN (0x4)
 *(.rodata)
 .rodata        0x000000000800b90c      0x478 src/ap/ap.o
 .rodata        0x000000000800bd84       0x48 src/lib/FatFs/src/ff.o
 *(.rodata*)
 .rodata.AHBPrescTable
                0x000000000800bdcc       0x10 src/bsp/system_stm32f4xx.o
                0x000000000800bdcc                AHBPrescTable
 .rodata.APBPrescTable
                0x000000000800bddc        0x8 src/bsp/system_stm32f4xx.o
                0x000000000800bddc                APBPrescTable
 .rodata.SD_Driver
                0x000000000800bde4       0x14 src/hw/driver/fatfs/sd_diskio.o
                0x000000000800bde4                SD_Driver
 .rodata.ExCvt  0x000000000800bdf8       0x80 src/lib/FatFs/src/ff.o
 .rodata.LfnOfs
                0x000000000800be78        0xd src/lib/FatFs/src/ff.o
 *fill*         0x000000000800be85        0x3 
 .rodata.Tbl    0x000000000800be88      0x100 src/lib/FatFs/src/option/unicode.o
 .rodata.cvt1.5725
                0x000000000800bf88      0x1f2 src/lib/FatFs/src/option/unicode.o
 *fill*         0x000000000800c17a        0x2 
 .rodata.cvt2.5726
                0x000000000800c17c       0xbc src/lib/FatFs/src/option/unicode.o
 .rodata.flagBitshiftOffset.7934
                0x000000000800c238        0x8 src/lib/stm32f411ceu6_fw_module/Drivers/STM32F4xx_HAL_Driver/Src/stm32f4xx_hal_dma.o
 .rodata._svfprintf_r.str1.1
                0x000000000800c240       0x11 c:/st/stm32cubeide_1.6.0/stm32cubeide/plugins/com.st.stm32cube.ide.mcu.externaltools.gnu-tools-for-stm32.9-2020-q2-update.win32_1.5.0.202011040924/tools/bin/../lib/gcc/arm-none-eabi/9.3.1/../../../../arm-none-eabi/lib/thumb/v7e-m+fp/hard\libc_nano.a(lib_a-nano-svfprintf.o)
 .rodata._printf_i.str1.1
                0x000000000800c251       0x22 c:/st/stm32cubeide_1.6.0/stm32cubeide/plugins/com.st.stm32cube.ide.mcu.externaltools.gnu-tools-for-stm32.9-2020-q2-update.win32_1.5.0.202011040924/tools/bin/../lib/gcc/arm-none-eabi/9.3.1/../../../../arm-none-eabi/lib/thumb/v7e-m+fp/hard\libc_nano.a(lib_a-nano-vfprintf_i.o)
                0x000000000800c274                . = ALIGN (0x4)
 *fill*         0x000000000800c273        0x1 

.ARM.extab      0x000000000800c274        0x0
                0x000000000800c274                . = ALIGN (0x4)
 *(.ARM.extab* .gnu.linkonce.armextab.*)
                0x000000000800c274                . = ALIGN (0x4)

.ARM            0x000000000800c274        0x8
                0x000000000800c274                . = ALIGN (0x4)
                0x000000000800c274                __exidx_start = .
 *(.ARM.exidx*)
 .ARM.exidx     0x000000000800c274        0x8 c:/st/stm32cubeide_1.6.0/stm32cubeide/plugins/com.st.stm32cube.ide.mcu.externaltools.gnu-tools-for-stm32.9-2020-q2-update.win32_1.5.0.202011040924/tools/bin/../lib/gcc/arm-none-eabi/9.3.1/thumb/v7e-m+fp/hard\libgcc.a(_udivmoddi4.o)
                0x000000000800c27c                __exidx_end = .
                0x000000000800c27c                . = ALIGN (0x4)

.rel.dyn        0x000000000800c27c        0x0
 .rel.iplt      0x000000000800c27c        0x0 c:/st/stm32cubeide_1.6.0/stm32cubeide/plugins/com.st.stm32cube.ide.mcu.externaltools.gnu-tools-for-stm32.9-2020-q2-update.win32_1.5.0.202011040924/tools/bin/../lib/gcc/arm-none-eabi/9.3.1/thumb/v7e-m+fp/hard/crtbegin.o

.preinit_array  0x000000000800c27c        0x0
                0x000000000800c27c                . = ALIGN (0x4)
                0x000000000800c27c                PROVIDE (__preinit_array_start = .)
 *(.preinit_array*)
                0x000000000800c27c                PROVIDE (__preinit_array_end = .)
                0x000000000800c27c                . = ALIGN (0x4)

.init_array     0x000000000800c27c        0x4
                0x000000000800c27c                . = ALIGN (0x4)
                0x000000000800c27c                PROVIDE (__init_array_start = .)
 *(SORT_BY_NAME(.init_array.*))
 *(.init_array*)
 .init_array    0x000000000800c27c        0x4 c:/st/stm32cubeide_1.6.0/stm32cubeide/plugins/com.st.stm32cube.ide.mcu.externaltools.gnu-tools-for-stm32.9-2020-q2-update.win32_1.5.0.202011040924/tools/bin/../lib/gcc/arm-none-eabi/9.3.1/thumb/v7e-m+fp/hard/crtbegin.o
                0x000000000800c280                PROVIDE (__init_array_end = .)
                0x000000000800c280                . = ALIGN (0x4)

.fini_array     0x000000000800c280        0x4
                0x000000000800c280                . = ALIGN (0x4)
                [!provide]                        PROVIDE (__fini_array_start = .)
 *(SORT_BY_NAME(.fini_array.*))
 *(.fini_array*)
 .fini_array    0x000000000800c280        0x4 c:/st/stm32cubeide_1.6.0/stm32cubeide/plugins/com.st.stm32cube.ide.mcu.externaltools.gnu-tools-for-stm32.9-2020-q2-update.win32_1.5.0.202011040924/tools/bin/../lib/gcc/arm-none-eabi/9.3.1/thumb/v7e-m+fp/hard/crtbegin.o
                [!provide]                        PROVIDE (__fini_array_end = .)
                0x000000000800c284                . = ALIGN (0x4)
                0x000000000800c284                _sidata = LOADADDR (.data)

.data           0x0000000020000000       0x88 load address 0x000000000800c284
                0x0000000020000000                . = ALIGN (0x4)
                0x0000000020000000                _sdata = .
 *(.data)
 *(.data*)
 .data.SystemCoreClock
                0x0000000020000000        0x4 src/bsp/system_stm32f4xx.o
                0x0000000020000000                SystemCoreClock
 .data.Stat     0x0000000020000004        0x1 src/hw/driver/fatfs/sd_diskio.o
 *fill*         0x0000000020000005        0x3 
 .data.gpio_tbl
                0x0000000020000008        0xc src/hw/driver/gpio.o
                0x0000000020000008                gpio_tbl
 .data.led_tbl  0x0000000020000014        0x8 src/hw/driver/led.o
                0x0000000020000014                led_tbl
 .data.uwTickPrio
                0x000000002000001c        0x4 src/lib/stm32f411ceu6_fw_module/Drivers/STM32F4xx_HAL_Driver/Src/stm32f4xx_hal.o
                0x000000002000001c                uwTickPrio
 .data.uwTickFreq
                0x0000000020000020        0x1 src/lib/stm32f411ceu6_fw_module/Drivers/STM32F4xx_HAL_Driver/Src/stm32f4xx_hal.o
                0x0000000020000020                uwTickFreq
 *fill*         0x0000000020000021        0x3 
 .data._impure_ptr
                0x0000000020000024        0x4 c:/st/stm32cubeide_1.6.0/stm32cubeide/plugins/com.st.stm32cube.ide.mcu.externaltools.gnu-tools-for-stm32.9-2020-q2-update.win32_1.5.0.202011040924/tools/bin/../lib/gcc/arm-none-eabi/9.3.1/../../../../arm-none-eabi/lib/thumb/v7e-m+fp/hard\libc_nano.a(lib_a-impure.o)
                0x0000000020000024                _impure_ptr
 .data.impure_data
                0x0000000020000028       0x60 c:/st/stm32cubeide_1.6.0/stm32cubeide/plugins/com.st.stm32cube.ide.mcu.externaltools.gnu-tools-for-stm32.9-2020-q2-update.win32_1.5.0.202011040924/tools/bin/../lib/gcc/arm-none-eabi/9.3.1/../../../../arm-none-eabi/lib/thumb/v7e-m+fp/hard\libc_nano.a(lib_a-impure.o)
 *(.RamFunc)
 *(.RamFunc*)
                0x0000000020000088                . = ALIGN (0x4)
                0x0000000020000088                _edata = .

.igot.plt       0x0000000020000088        0x0 load address 0x000000000800c30c
 .igot.plt      0x0000000020000088        0x0 c:/st/stm32cubeide_1.6.0/stm32cubeide/plugins/com.st.stm32cube.ide.mcu.externaltools.gnu-tools-for-stm32.9-2020-q2-update.win32_1.5.0.202011040924/tools/bin/../lib/gcc/arm-none-eabi/9.3.1/thumb/v7e-m+fp/hard/crtbegin.o
                0x0000000020000088                . = ALIGN (0x4)

.bss            0x0000000020000088      0x818 load address 0x000000000800c30c
                0x0000000020000088                _sbss = .
                0x0000000020000088                __bss_start__ = _sbss
 *(.bss)
 .bss           0x0000000020000088       0x1c c:/st/stm32cubeide_1.6.0/stm32cubeide/plugins/com.st.stm32cube.ide.mcu.externaltools.gnu-tools-for-stm32.9-2020-q2-update.win32_1.5.0.202011040924/tools/bin/../lib/gcc/arm-none-eabi/9.3.1/thumb/v7e-m+fp/hard/crtbegin.o
 *(.bss*)
 .bss.__sbrk_heap_end
                0x00000000200000a4        0x4 src/bsp/sysmem.o
 .bss.is_init   0x00000000200000a8        0x1 src/hw/driver/fatfs.o
 .bss.is_init   0x00000000200000a9        0x1 src/hw/driver/sd.o
 .bss.is_detected
                0x00000000200000aa        0x1 src/hw/driver/sd.o
 .bss.is_rx_done
                0x00000000200000ab        0x1 src/hw/driver/sd.o
 .bss.is_tx_done
                0x00000000200000ac        0x1 src/hw/driver/sd.o
 *fill*         0x00000000200000ad        0x3 
 .bss.is_open   0x00000000200000b0        0x1 src/hw/driver/uart.o
 *fill*         0x00000000200000b1        0x3 
 .bss.qbuffer   0x00000000200000b4       0x10 src/hw/driver/uart.o
 .bss.rx_buf    0x00000000200000c4      0x100 src/hw/driver/uart.o
 .bss.tx_buf    0x00000000200001c4      0x100 src/hw/driver/uart.o
 .bss.FatFs     0x00000000200002c4        0x8 src/lib/FatFs/src/ff.o
 .bss.Fsid      0x00000000200002cc        0x2 src/lib/FatFs/src/ff.o
 *fill*         0x00000000200002ce        0x2 
 .bss.Files     0x00000000200002d0       0x20 src/lib/FatFs/src/ff.o
 .bss.disk      0x00000000200002f0       0x10 src/lib/FatFs/src/ff_gen_drv.o
                0x00000000200002f0                disk
 .bss.__malloc_free_list
                0x0000000020000300        0x4 c:/st/stm32cubeide_1.6.0/stm32cubeide/plugins/com.st.stm32cube.ide.mcu.externaltools.gnu-tools-for-stm32.9-2020-q2-update.win32_1.5.0.202011040924/tools/bin/../lib/gcc/arm-none-eabi/9.3.1/../../../../arm-none-eabi/lib/thumb/v7e-m+fp/hard\libc_nano.a(lib_a-nano-mallocr.o)
                0x0000000020000300                __malloc_free_list
 .bss.__malloc_sbrk_start
                0x0000000020000304        0x4 c:/st/stm32cubeide_1.6.0/stm32cubeide/plugins/com.st.stm32cube.ide.mcu.externaltools.gnu-tools-for-stm32.9-2020-q2-update.win32_1.5.0.202011040924/tools/bin/../lib/gcc/arm-none-eabi/9.3.1/../../../../arm-none-eabi/lib/thumb/v7e-m+fp/hard\libc_nano.a(lib_a-nano-mallocr.o)
                0x0000000020000304                __malloc_sbrk_start
 *(COMMON)
 COMMON         0x0000000020000308      0x238 src/hw/driver/fatfs.o
                0x0000000020000308                SDPath
                0x000000002000030c                SDFatFs
 COMMON         0x0000000020000540      0x144 src/hw/driver/sd.o
                0x0000000020000540                hdma_sdio_rx
                0x00000000200005a0                hdma_sdio_tx
                0x0000000020000600                hsd
 COMMON         0x0000000020000684      0x208 src/hw/driver/uart.o
                0x0000000020000684                hdma_usart2_rx
                0x00000000200006e4                hdma_usart1_tx
                0x0000000020000744                hdma_usart1_rx
                0x00000000200007a4                hdma_usart2_tx
                0x0000000020000804                huart1
                0x0000000020000848                huart2
 COMMON         0x000000002000088c        0x4 src/lib/stm32f411ceu6_fw_module/Drivers/STM32F4xx_HAL_Driver/Src/stm32f4xx_hal.o
                0x000000002000088c                uwTick
 COMMON         0x0000000020000890        0x4 c:/st/stm32cubeide_1.6.0/stm32cubeide/plugins/com.st.stm32cube.ide.mcu.externaltools.gnu-tools-for-stm32.9-2020-q2-update.win32_1.5.0.202011040924/tools/bin/../lib/gcc/arm-none-eabi/9.3.1/../../../../arm-none-eabi/lib/thumb/v7e-m+fp/hard\libc_nano.a(lib_a-reent.o)
                0x0000000020000890                errno
 COMMON         0x0000000020000894        0x9 c:/st/stm32cubeide_1.6.0/stm32cubeide/plugins/com.st.stm32cube.ide.mcu.externaltools.gnu-tools-for-stm32.9-2020-q2-update.win32_1.5.0.202011040924/tools/bin/../lib/gcc/arm-none-eabi/9.3.1/../../../../arm-none-eabi/lib/thumb/v7e-m+fp/hard\libc_nano.a(lib_a-lock.o)
                0x0000000020000894                __lock___atexit_recursive_mutex
                0x0000000020000895                __lock___arc4random_mutex
                0x0000000020000896                __lock___env_recursive_mutex
                0x0000000020000897                __lock___sinit_recursive_mutex
                0x0000000020000898                __lock___malloc_recursive_mutex
                0x0000000020000899                __lock___at_quick_exit_mutex
                0x000000002000089a                __lock___dd_hash_mutex
                0x000000002000089b                __lock___tz_mutex
                0x000000002000089c                __lock___sfp_recursive_mutex
                0x00000000200008a0                . = ALIGN (0x4)
 *fill*         0x000000002000089d        0x3 
                0x00000000200008a0                _ebss = .
                0x00000000200008a0                __bss_end__ = _ebss

._user_heap_stack
                0x00000000200008a0      0x600 load address 0x000000000800c30c
                0x00000000200008a0                . = ALIGN (0x8)
                [!provide]                        PROVIDE (end = .)
                0x00000000200008a0                PROVIDE (_end = .)
                0x0000000020000aa0                . = (. + _Min_Heap_Size)
 *fill*         0x00000000200008a0      0x200 
                0x0000000020000ea0                . = (. + _Min_Stack_Size)
 *fill*         0x0000000020000aa0      0x400 
                0x0000000020000ea0                . = ALIGN (0x8)

/DISCARD/
 libc.a(*)
 libm.a(*)
 libgcc.a(*)

.ARM.attributes
                0x0000000000000000       0x30
 *(.ARM.attributes)
 .ARM.attributes
                0x0000000000000000       0x1e c:/st/stm32cubeide_1.6.0/stm32cubeide/plugins/com.st.stm32cube.ide.mcu.externaltools.gnu-tools-for-stm32.9-2020-q2-update.win32_1.5.0.202011040924/tools/bin/../lib/gcc/arm-none-eabi/9.3.1/thumb/v7e-m+fp/hard/crti.o
 .ARM.attributes
                0x000000000000001e       0x34 c:/st/stm32cubeide_1.6.0/stm32cubeide/plugins/com.st.stm32cube.ide.mcu.externaltools.gnu-tools-for-stm32.9-2020-q2-update.win32_1.5.0.202011040924/tools/bin/../lib/gcc/arm-none-eabi/9.3.1/thumb/v7e-m+fp/hard/crtbegin.o
 .ARM.attributes
                0x0000000000000052       0x34 src/ap/ap.o
 .ARM.attributes
                0x0000000000000086       0x34 src/bsp/bsp.o
 .ARM.attributes
                0x00000000000000ba       0x34 src/bsp/stm32f4xx_hal_msp.o
 .ARM.attributes
                0x00000000000000ee       0x34 src/bsp/stm32f4xx_it.o
 .ARM.attributes
                0x0000000000000122       0x34 src/bsp/sysmem.o
 .ARM.attributes
                0x0000000000000156       0x34 src/bsp/system_stm32f4xx.o
 .ARM.attributes
                0x000000000000018a       0x21 src/bsp/startup/startup_stm32f411ceux.o
 .ARM.attributes
                0x00000000000001ab       0x34 src/hw/common/core/qbuffer.o
 .ARM.attributes
                0x00000000000001df       0x34 src/hw/driver/fatfs/sd_diskio.o
 .ARM.attributes
                0x0000000000000213       0x34 src/hw/driver/fatfs.o
 .ARM.attributes
                0x0000000000000247       0x34 src/hw/driver/gpio.o
 .ARM.attributes
                0x000000000000027b       0x34 src/hw/driver/led.o
 .ARM.attributes
                0x00000000000002af       0x34 src/hw/driver/sd.o
 .ARM.attributes
                0x00000000000002e3       0x34 src/hw/driver/uart.o
 .ARM.attributes
                0x0000000000000317       0x34 src/hw/hw.o
 .ARM.attributes
                0x000000000000034b       0x34 src/lib/FatFs/src/diskio.o
 .ARM.attributes
                0x000000000000037f       0x34 src/lib/FatFs/src/ff.o
 .ARM.attributes
                0x00000000000003b3       0x34 src/lib/FatFs/src/ff_gen_drv.o
 .ARM.attributes
                0x00000000000003e7       0x34 src/lib/FatFs/src/option/unicode.o
 .ARM.attributes
                0x000000000000041b       0x34 src/lib/stm32f411ceu6_fw_module/Drivers/STM32F4xx_HAL_Driver/Src/stm32f4xx_hal.o
 .ARM.attributes
                0x000000000000044f       0x34 src/lib/stm32f411ceu6_fw_module/Drivers/STM32F4xx_HAL_Driver/Src/stm32f4xx_hal_cortex.o
 .ARM.attributes
                0x0000000000000483       0x34 src/lib/stm32f411ceu6_fw_module/Drivers/STM32F4xx_HAL_Driver/Src/stm32f4xx_hal_dma.o
 .ARM.attributes
                0x00000000000004b7       0x34 src/lib/stm32f411ceu6_fw_module/Drivers/STM32F4xx_HAL_Driver/Src/stm32f4xx_hal_gpio.o
 .ARM.attributes
                0x00000000000004eb       0x34 src/lib/stm32f411ceu6_fw_module/Drivers/STM32F4xx_HAL_Driver/Src/stm32f4xx_hal_rcc.o
 .ARM.attributes
                0x000000000000051f       0x34 src/lib/stm32f411ceu6_fw_module/Drivers/STM32F4xx_HAL_Driver/Src/stm32f4xx_hal_sd.o
 .ARM.attributes
                0x0000000000000553       0x34 src/lib/stm32f411ceu6_fw_module/Drivers/STM32F4xx_HAL_Driver/Src/stm32f4xx_hal_uart.o
 .ARM.attributes
                0x0000000000000587       0x34 src/lib/stm32f411ceu6_fw_module/Drivers/STM32F4xx_HAL_Driver/Src/stm32f4xx_ll_sdmmc.o
 .ARM.attributes
                0x00000000000005bb       0x34 src/main.o
 .ARM.attributes
                0x00000000000005ef       0x34 c:/st/stm32cubeide_1.6.0/stm32cubeide/plugins/com.st.stm32cube.ide.mcu.externaltools.gnu-tools-for-stm32.9-2020-q2-update.win32_1.5.0.202011040924/tools/bin/../lib/gcc/arm-none-eabi/9.3.1/../../../../arm-none-eabi/lib/thumb/v7e-m+fp/hard\libc_nano.a(lib_a-errno.o)
 .ARM.attributes
                0x0000000000000623       0x32 c:/st/stm32cubeide_1.6.0/stm32cubeide/plugins/com.st.stm32cube.ide.mcu.externaltools.gnu-tools-for-stm32.9-2020-q2-update.win32_1.5.0.202011040924/tools/bin/../lib/gcc/arm-none-eabi/9.3.1/../../../../arm-none-eabi/lib/thumb/v7e-m+fp/hard\libc_nano.a(lib_a-impure.o)
 .ARM.attributes
                0x0000000000000655       0x34 c:/st/stm32cubeide_1.6.0/stm32cubeide/plugins/com.st.stm32cube.ide.mcu.externaltools.gnu-tools-for-stm32.9-2020-q2-update.win32_1.5.0.202011040924/tools/bin/../lib/gcc/arm-none-eabi/9.3.1/../../../../arm-none-eabi/lib/thumb/v7e-m+fp/hard\libc_nano.a(lib_a-init.o)
 .ARM.attributes
                0x0000000000000689       0x34 c:/st/stm32cubeide_1.6.0/stm32cubeide/plugins/com.st.stm32cube.ide.mcu.externaltools.gnu-tools-for-stm32.9-2020-q2-update.win32_1.5.0.202011040924/tools/bin/../lib/gcc/arm-none-eabi/9.3.1/../../../../arm-none-eabi/lib/thumb/v7e-m+fp/hard\libc_nano.a(lib_a-memset.o)
 .ARM.attributes
                0x00000000000006bd       0x34 c:/st/stm32cubeide_1.6.0/stm32cubeide/plugins/com.st.stm32cube.ide.mcu.externaltools.gnu-tools-for-stm32.9-2020-q2-update.win32_1.5.0.202011040924/tools/bin/../lib/gcc/arm-none-eabi/9.3.1/../../../../arm-none-eabi/lib/thumb/v7e-m+fp/hard\libc_nano.a(lib_a-vsnprintf.o)
 .ARM.attributes
                0x00000000000006f1       0x34 c:/st/stm32cubeide_1.6.0/stm32cubeide/plugins/com.st.stm32cube.ide.mcu.externaltools.gnu-tools-for-stm32.9-2020-q2-update.win32_1.5.0.202011040924/tools/bin/../lib/gcc/arm-none-eabi/9.3.1/../../../../arm-none-eabi/lib/thumb/v7e-m+fp/hard\libc_nano.a(lib_a-nano-svfprintf.o)
 .ARM.attributes
                0x0000000000000725       0x34 c:/st/stm32cubeide_1.6.0/stm32cubeide/plugins/com.st.stm32cube.ide.mcu.externaltools.gnu-tools-for-stm32.9-2020-q2-update.win32_1.5.0.202011040924/tools/bin/../lib/gcc/arm-none-eabi/9.3.1/../../../../arm-none-eabi/lib/thumb/v7e-m+fp/hard\libc_nano.a(lib_a-nano-vfprintf_i.o)
 .ARM.attributes
                0x0000000000000759       0x1c c:/st/stm32cubeide_1.6.0/stm32cubeide/plugins/com.st.stm32cube.ide.mcu.externaltools.gnu-tools-for-stm32.9-2020-q2-update.win32_1.5.0.202011040924/tools/bin/../lib/gcc/arm-none-eabi/9.3.1/../../../../arm-none-eabi/lib/thumb/v7e-m+fp/hard\libc_nano.a(lib_a-memchr.o)
 .ARM.attributes
                0x0000000000000775       0x34 c:/st/stm32cubeide_1.6.0/stm32cubeide/plugins/com.st.stm32cube.ide.mcu.externaltools.gnu-tools-for-stm32.9-2020-q2-update.win32_1.5.0.202011040924/tools/bin/../lib/gcc/arm-none-eabi/9.3.1/../../../../arm-none-eabi/lib/thumb/v7e-m+fp/hard\libc_nano.a(lib_a-memcpy-stub.o)
 .ARM.attributes
                0x00000000000007a9       0x34 c:/st/stm32cubeide_1.6.0/stm32cubeide/plugins/com.st.stm32cube.ide.mcu.externaltools.gnu-tools-for-stm32.9-2020-q2-update.win32_1.5.0.202011040924/tools/bin/../lib/gcc/arm-none-eabi/9.3.1/../../../../arm-none-eabi/lib/thumb/v7e-m+fp/hard\libc_nano.a(lib_a-memmove.o)
 .ARM.attributes
                0x00000000000007dd       0x34 c:/st/stm32cubeide_1.6.0/stm32cubeide/plugins/com.st.stm32cube.ide.mcu.externaltools.gnu-tools-for-stm32.9-2020-q2-update.win32_1.5.0.202011040924/tools/bin/../lib/gcc/arm-none-eabi/9.3.1/../../../../arm-none-eabi/lib/thumb/v7e-m+fp/hard\libc_nano.a(lib_a-nano-freer.o)
 .ARM.attributes
                0x0000000000000811       0x34 c:/st/stm32cubeide_1.6.0/stm32cubeide/plugins/com.st.stm32cube.ide.mcu.externaltools.gnu-tools-for-stm32.9-2020-q2-update.win32_1.5.0.202011040924/tools/bin/../lib/gcc/arm-none-eabi/9.3.1/../../../../arm-none-eabi/lib/thumb/v7e-m+fp/hard\libc_nano.a(lib_a-nano-mallocr.o)
 .ARM.attributes
                0x0000000000000845       0x34 c:/st/stm32cubeide_1.6.0/stm32cubeide/plugins/com.st.stm32cube.ide.mcu.externaltools.gnu-tools-for-stm32.9-2020-q2-update.win32_1.5.0.202011040924/tools/bin/../lib/gcc/arm-none-eabi/9.3.1/../../../../arm-none-eabi/lib/thumb/v7e-m+fp/hard\libc_nano.a(lib_a-nano-reallocr.o)
 .ARM.attributes
                0x0000000000000879       0x34 c:/st/stm32cubeide_1.6.0/stm32cubeide/plugins/com.st.stm32cube.ide.mcu.externaltools.gnu-tools-for-stm32.9-2020-q2-update.win32_1.5.0.202011040924/tools/bin/../lib/gcc/arm-none-eabi/9.3.1/../../../../arm-none-eabi/lib/thumb/v7e-m+fp/hard\libc_nano.a(lib_a-sbrkr.o)
 .ARM.attributes
                0x00000000000008ad       0x34 c:/st/stm32cubeide_1.6.0/stm32cubeide/plugins/com.st.stm32cube.ide.mcu.externaltools.gnu-tools-for-stm32.9-2020-q2-update.win32_1.5.0.202011040924/tools/bin/../lib/gcc/arm-none-eabi/9.3.1/../../../../arm-none-eabi/lib/thumb/v7e-m+fp/hard\libc_nano.a(lib_a-mlock.o)
 .ARM.attributes
                0x00000000000008e1       0x34 c:/st/stm32cubeide_1.6.0/stm32cubeide/plugins/com.st.stm32cube.ide.mcu.externaltools.gnu-tools-for-stm32.9-2020-q2-update.win32_1.5.0.202011040924/tools/bin/../lib/gcc/arm-none-eabi/9.3.1/../../../../arm-none-eabi/lib/thumb/v7e-m+fp/hard\libc_nano.a(lib_a-nano-msizer.o)
 .ARM.attributes
                0x0000000000000915       0x34 c:/st/stm32cubeide_1.6.0/stm32cubeide/plugins/com.st.stm32cube.ide.mcu.externaltools.gnu-tools-for-stm32.9-2020-q2-update.win32_1.5.0.202011040924/tools/bin/../lib/gcc/arm-none-eabi/9.3.1/../../../../arm-none-eabi/lib/thumb/v7e-m+fp/hard\libc_nano.a(lib_a-reent.o)
 .ARM.attributes
                0x0000000000000949       0x34 c:/st/stm32cubeide_1.6.0/stm32cubeide/plugins/com.st.stm32cube.ide.mcu.externaltools.gnu-tools-for-stm32.9-2020-q2-update.win32_1.5.0.202011040924/tools/bin/../lib/gcc/arm-none-eabi/9.3.1/../../../../arm-none-eabi/lib/thumb/v7e-m+fp/hard\libc_nano.a(lib_a-lock.o)
 .ARM.attributes
                0x000000000000097d       0x1e c:/st/stm32cubeide_1.6.0/stm32cubeide/plugins/com.st.stm32cube.ide.mcu.externaltools.gnu-tools-for-stm32.9-2020-q2-update.win32_1.5.0.202011040924/tools/bin/../lib/gcc/arm-none-eabi/9.3.1/thumb/v7e-m+fp/hard\libgcc.a(_aeabi_uldivmod.o)
 .ARM.attributes
                0x000000000000099b       0x34 c:/st/stm32cubeide_1.6.0/stm32cubeide/plugins/com.st.stm32cube.ide.mcu.externaltools.gnu-tools-for-stm32.9-2020-q2-update.win32_1.5.0.202011040924/tools/bin/../lib/gcc/arm-none-eabi/9.3.1/thumb/v7e-m+fp/hard\libgcc.a(_udivmoddi4.o)
 .ARM.attributes
                0x00000000000009cf       0x1e c:/st/stm32cubeide_1.6.0/stm32cubeide/plugins/com.st.stm32cube.ide.mcu.externaltools.gnu-tools-for-stm32.9-2020-q2-update.win32_1.5.0.202011040924/tools/bin/../lib/gcc/arm-none-eabi/9.3.1/thumb/v7e-m+fp/hard\libgcc.a(_dvmd_tls.o)
 .ARM.attributes
                0x00000000000009ed       0x1e c:/st/stm32cubeide_1.6.0/stm32cubeide/plugins/com.st.stm32cube.ide.mcu.externaltools.gnu-tools-for-stm32.9-2020-q2-update.win32_1.5.0.202011040924/tools/bin/../lib/gcc/arm-none-eabi/9.3.1/thumb/v7e-m+fp/hard/crtn.o
OUTPUT(stm32f411ceu6_fw_module.elf elf32-littlearm)
LOAD linker stubs
LOAD c:/st/stm32cubeide_1.6.0/stm32cubeide/plugins/com.st.stm32cube.ide.mcu.externaltools.gnu-tools-for-stm32.9-2020-q2-update.win32_1.5.0.202011040924/tools/bin/../lib/gcc/arm-none-eabi/9.3.1/../../../../arm-none-eabi/lib/thumb/v7e-m+fp/hard\libc.a
LOAD c:/st/stm32cubeide_1.6.0/stm32cubeide/plugins/com.st.stm32cube.ide.mcu.externaltools.gnu-tools-for-stm32.9-2020-q2-update.win32_1.5.0.202011040924/tools/bin/../lib/gcc/arm-none-eabi/9.3.1/../../../../arm-none-eabi/lib/thumb/v7e-m+fp/hard\libm.a
LOAD c:/st/stm32cubeide_1.6.0/stm32cubeide/plugins/com.st.stm32cube.ide.mcu.externaltools.gnu-tools-for-stm32.9-2020-q2-update.win32_1.5.0.202011040924/tools/bin/../lib/gcc/arm-none-eabi/9.3.1/thumb/v7e-m+fp/hard\libgcc.a

.debug_info     0x0000000000000000    0x19ec5
 .debug_info    0x0000000000000000     0x109e src/ap/ap.o
 .debug_info    0x000000000000109e      0xf49 src/bsp/bsp.o
 .debug_info    0x0000000000001fe7      0xc6e src/bsp/stm32f4xx_hal_msp.o
 .debug_info    0x0000000000002c55     0x13bf src/bsp/stm32f4xx_it.o
 .debug_info    0x0000000000004014      0xa25 src/bsp/sysmem.o
 .debug_info    0x0000000000004a39      0x572 src/bsp/system_stm32f4xx.o
 .debug_info    0x0000000000004fab       0x22 src/bsp/startup/startup_stm32f411ceux.o
 .debug_info    0x0000000000004fcd      0xb64 src/hw/common/core/qbuffer.o
 .debug_info    0x0000000000005b31      0xdf4 src/hw/driver/fatfs/sd_diskio.o
 .debug_info    0x0000000000006925      0xdce src/hw/driver/fatfs.o
 .debug_info    0x00000000000076f3      0xf3a src/hw/driver/gpio.o
 .debug_info    0x000000000000862d      0xebb src/hw/driver/led.o
 .debug_info    0x00000000000094e8     0x199b src/hw/driver/sd.o
 .debug_info    0x000000000000ae83     0x189b src/hw/driver/uart.o
 .debug_info    0x000000000000c71e      0xa40 src/hw/hw.o
 .debug_info    0x000000000000d15e      0x40b src/lib/FatFs/src/diskio.o
 .debug_info    0x000000000000d569     0x27b4 src/lib/FatFs/src/ff.o
 .debug_info    0x000000000000fd1d      0x3a2 src/lib/FatFs/src/ff_gen_drv.o
 .debug_info    0x00000000000100bf      0x1b1 src/lib/FatFs/src/option/unicode.o
 .debug_info    0x0000000000010270      0x944 src/lib/stm32f411ceu6_fw_module/Drivers/STM32F4xx_HAL_Driver/Src/stm32f4xx_hal.o
 .debug_info    0x0000000000010bb4      0xe47 src/lib/stm32f411ceu6_fw_module/Drivers/STM32F4xx_HAL_Driver/Src/stm32f4xx_hal_cortex.o
 .debug_info    0x00000000000119fb      0x9e9 src/lib/stm32f411ceu6_fw_module/Drivers/STM32F4xx_HAL_Driver/Src/stm32f4xx_hal_dma.o
 .debug_info    0x00000000000123e4      0x862 src/lib/stm32f411ceu6_fw_module/Drivers/STM32F4xx_HAL_Driver/Src/stm32f4xx_hal_gpio.o
 .debug_info    0x0000000000012c46      0x9be src/lib/stm32f411ceu6_fw_module/Drivers/STM32F4xx_HAL_Driver/Src/stm32f4xx_hal_rcc.o
 .debug_info    0x0000000000013604     0x1a5e src/lib/stm32f411ceu6_fw_module/Drivers/STM32F4xx_HAL_Driver/Src/stm32f4xx_hal_sd.o
 .debug_info    0x0000000000015062     0x31d6 src/lib/stm32f411ceu6_fw_module/Drivers/STM32F4xx_HAL_Driver/Src/stm32f4xx_hal_uart.o
 .debug_info    0x0000000000018238     0x1249 src/lib/stm32f411ceu6_fw_module/Drivers/STM32F4xx_HAL_Driver/Src/stm32f4xx_ll_sdmmc.o
 .debug_info    0x0000000000019481      0xa44 src/main.o

.debug_abbrev   0x0000000000000000     0x396f
 .debug_abbrev  0x0000000000000000      0x25f src/ap/ap.o
 .debug_abbrev  0x000000000000025f      0x258 src/bsp/bsp.o
 .debug_abbrev  0x00000000000004b7      0x1eb src/bsp/stm32f4xx_hal_msp.o
 .debug_abbrev  0x00000000000006a2      0x20d src/bsp/stm32f4xx_it.o
 .debug_abbrev  0x00000000000008af      0x1bf src/bsp/sysmem.o
 .debug_abbrev  0x0000000000000a6e      0x129 src/bsp/system_stm32f4xx.o
 .debug_abbrev  0x0000000000000b97       0x12 src/bsp/startup/startup_stm32f411ceux.o
 .debug_abbrev  0x0000000000000ba9      0x20a src/hw/common/core/qbuffer.o
 .debug_abbrev  0x0000000000000db3      0x228 src/hw/driver/fatfs/sd_diskio.o
 .debug_abbrev  0x0000000000000fdb      0x206 src/hw/driver/fatfs.o
 .debug_abbrev  0x00000000000011e1      0x26d src/hw/driver/gpio.o
 .debug_abbrev  0x000000000000144e      0x240 src/hw/driver/led.o
 .debug_abbrev  0x000000000000168e      0x2ff src/hw/driver/sd.o
 .debug_abbrev  0x000000000000198d      0x333 src/hw/driver/uart.o
 .debug_abbrev  0x0000000000001cc0      0x1b7 src/hw/hw.o
 .debug_abbrev  0x0000000000001e77      0x178 src/lib/FatFs/src/diskio.o
 .debug_abbrev  0x0000000000001fef      0x227 src/lib/FatFs/src/ff.o
 .debug_abbrev  0x0000000000002216      0x196 src/lib/FatFs/src/ff_gen_drv.o
 .debug_abbrev  0x00000000000023ac       0xdc src/lib/FatFs/src/option/unicode.o
 .debug_abbrev  0x0000000000002488      0x21e src/lib/stm32f411ceu6_fw_module/Drivers/STM32F4xx_HAL_Driver/Src/stm32f4xx_hal.o
 .debug_abbrev  0x00000000000026a6      0x33c src/lib/stm32f411ceu6_fw_module/Drivers/STM32F4xx_HAL_Driver/Src/stm32f4xx_hal_cortex.o
 .debug_abbrev  0x00000000000029e2      0x219 src/lib/stm32f411ceu6_fw_module/Drivers/STM32F4xx_HAL_Driver/Src/stm32f4xx_hal_dma.o
 .debug_abbrev  0x0000000000002bfb      0x1f1 src/lib/stm32f411ceu6_fw_module/Drivers/STM32F4xx_HAL_Driver/Src/stm32f4xx_hal_gpio.o
 .debug_abbrev  0x0000000000002dec      0x275 src/lib/stm32f411ceu6_fw_module/Drivers/STM32F4xx_HAL_Driver/Src/stm32f4xx_hal_rcc.o
 .debug_abbrev  0x0000000000003061      0x26d src/lib/stm32f411ceu6_fw_module/Drivers/STM32F4xx_HAL_Driver/Src/stm32f4xx_hal_sd.o
 .debug_abbrev  0x00000000000032ce      0x2fc src/lib/stm32f411ceu6_fw_module/Drivers/STM32F4xx_HAL_Driver/Src/stm32f4xx_hal_uart.o
 .debug_abbrev  0x00000000000035ca      0x1ec src/lib/stm32f411ceu6_fw_module/Drivers/STM32F4xx_HAL_Driver/Src/stm32f4xx_ll_sdmmc.o
 .debug_abbrev  0x00000000000037b6      0x1b9 src/main.o

.debug_aranges  0x0000000000000000      0xf50
 .debug_aranges
                0x0000000000000000       0x40 src/ap/ap.o
 .debug_aranges
                0x0000000000000040       0x48 src/bsp/bsp.o
 .debug_aranges
                0x0000000000000088       0x20 src/bsp/stm32f4xx_hal_msp.o
 .debug_aranges
                0x00000000000000a8       0x90 src/bsp/stm32f4xx_it.o
 .debug_aranges
                0x0000000000000138       0x20 src/bsp/sysmem.o
 .debug_aranges
                0x0000000000000158       0x28 src/bsp/system_stm32f4xx.o
 .debug_aranges
                0x0000000000000180       0x28 src/bsp/startup/startup_stm32f411ceux.o
 .debug_aranges
                0x00000000000001a8       0x48 src/hw/common/core/qbuffer.o
 .debug_aranges
                0x00000000000001f0       0x48 src/hw/driver/fatfs/sd_diskio.o
 .debug_aranges
                0x0000000000000238       0x20 src/hw/driver/fatfs.o
 .debug_aranges
                0x0000000000000258       0x40 src/hw/driver/gpio.o
 .debug_aranges
                0x0000000000000298       0x38 src/hw/driver/led.o
 .debug_aranges
                0x00000000000002d0       0x88 src/hw/driver/sd.o
 .debug_aranges
                0x0000000000000358       0x78 src/hw/driver/uart.o
 .debug_aranges
                0x00000000000003d0       0x20 src/hw/hw.o
 .debug_aranges
                0x00000000000003f0       0x48 src/lib/FatFs/src/diskio.o
 .debug_aranges
                0x0000000000000438      0x230 src/lib/FatFs/src/ff.o
 .debug_aranges
                0x0000000000000668       0x40 src/lib/FatFs/src/ff_gen_drv.o
 .debug_aranges
                0x00000000000006a8       0x28 src/lib/FatFs/src/option/unicode.o
 .debug_aranges