Archive member included to satisfy reference by file (symbol)

c:/st/stm32cubeide_1.6.0/stm32cubeide/plugins/com.st.stm32cube.ide.mcu.externaltools.gnu-tools-for-stm32.9-2020-q2-update.win32_1.5.0.202011040924/tools/bin/../lib/gcc/arm-none-eabi/9.3.1/../../../../arm-none-eabi/lib/thumb/v7e-m+fp/hard\libc_nano.a(lib_a-errno.o)
                              src/bsp/syscalls.o (__errno)
c:/st/stm32cubeide_1.6.0/stm32cubeide/plugins/com.st.stm32cube.ide.mcu.externaltools.gnu-tools-for-stm32.9-2020-q2-update.win32_1.5.0.202011040924/tools/bin/../lib/gcc/arm-none-eabi/9.3.1/../../../../arm-none-eabi/lib/thumb/v7e-m+fp/hard\libc_nano.a(lib_a-exit.o)
                              c:/st/stm32cubeide_1.6.0/stm32cubeide/plugins/com.st.stm32cube.ide.mcu.externaltools.gnu-tools-for-stm32.9-2020-q2-update.win32_1.5.0.202011040924/tools/bin/../lib/gcc/arm-none-eabi/9.3.1/../../../../arm-none-eabi/lib/thumb/v7e-m+fp/hard/crt0.o (exit)
c:/st/stm32cubeide_1.6.0/stm32cubeide/plugins/com.st.stm32cube.ide.mcu.externaltools.gnu-tools-for-stm32.9-2020-q2-update.win32_1.5.0.202011040924/tools/bin/../lib/gcc/arm-none-eabi/9.3.1/../../../../arm-none-eabi/lib/thumb/v7e-m+fp/hard\libc_nano.a(lib_a-impure.o)
                              c:/st/stm32cubeide_1.6.0/stm32cubeide/plugins/com.st.stm32cube.ide.mcu.externaltools.gnu-tools-for-stm32.9-2020-q2-update.win32_1.5.0.202011040924/tools/bin/../lib/gcc/arm-none-eabi/9.3.1/../../../../arm-none-eabi/lib/thumb/v7e-m+fp/hard\libc_nano.a(lib_a-exit.o) (_global_impure_ptr)
c:/st/stm32cubeide_1.6.0/stm32cubeide/plugins/com.st.stm32cube.ide.mcu.externaltools.gnu-tools-for-stm32.9-2020-q2-update.win32_1.5.0.202011040924/tools/bin/../lib/gcc/arm-none-eabi/9.3.1/../../../../arm-none-eabi/lib/thumb/v7e-m+fp/hard\libc_nano.a(lib_a-init.o)
                              c:/st/stm32cubeide_1.6.0/stm32cubeide/plugins/com.st.stm32cube.ide.mcu.externaltools.gnu-tools-for-stm32.9-2020-q2-update.win32_1.5.0.202011040924/tools/bin/../lib/gcc/arm-none-eabi/9.3.1/../../../../arm-none-eabi/lib/thumb/v7e-m+fp/hard/crt0.o (__libc_init_array)
c:/st/stm32cubeide_1.6.0/stm32cubeide/plugins/com.st.stm32cube.ide.mcu.externaltools.gnu-tools-for-stm32.9-2020-q2-update.win32_1.5.0.202011040924/tools/bin/../lib/gcc/arm-none-eabi/9.3.1/../../../../arm-none-eabi/lib/thumb/v7e-m+fp/hard\libc_nano.a(lib_a-memset.o)
                              c:/st/stm32cubeide_1.6.0/stm32cubeide/plugins/com.st.stm32cube.ide.mcu.externaltools.gnu-tools-for-stm32.9-2020-q2-update.win32_1.5.0.202011040924/tools/bin/../lib/gcc/arm-none-eabi/9.3.1/../../../../arm-none-eabi/lib/thumb/v7e-m+fp/hard/crt0.o (memset)
c:/st/stm32cubeide_1.6.0/stm32cubeide/plugins/com.st.stm32cube.ide.mcu.externaltools.gnu-tools-for-stm32.9-2020-q2-update.win32_1.5.0.202011040924/tools/bin/../lib/gcc/arm-none-eabi/9.3.1/../../../../arm-none-eabi/lib/thumb/v7e-m+fp/hard\libc_nano.a(lib_a-vsnprintf.o)
                              src/hw/driver/uart.o (vsnprintf)
c:/st/stm32cubeide_1.6.0/stm32cubeide/plugins/com.st.stm32cube.ide.mcu.externaltools.gnu-tools-for-stm32.9-2020-q2-update.win32_1.5.0.202011040924/tools/bin/../lib/gcc/arm-none-eabi/9.3.1/../../../../arm-none-eabi/lib/thumb/v7e-m+fp/hard\libc_nano.a(lib_a-nano-svfprintf.o)
                              c:/st/stm32cubeide_1.6.0/stm32cubeide/plugins/com.st.stm32cube.ide.mcu.externaltools.gnu-tools-for-stm32.9-2020-q2-update.win32_1.5.0.202011040924/tools/bin/../lib/gcc/arm-none-eabi/9.3.1/../../../../arm-none-eabi/lib/thumb/v7e-m+fp/hard\libc_nano.a(lib_a-vsnprintf.o) (_svfprintf_r)
c:/st/stm32cubeide_1.6.0/stm32cubeide/plugins/com.st.stm32cube.ide.mcu.externaltools.gnu-tools-for-stm32.9-2020-q2-update.win32_1.5.0.202011040924/tools/bin/../lib/gcc/arm-none-eabi/9.3.1/../../../../arm-none-eabi/lib/thumb/v7e-m+fp/hard\libc_nano.a(lib_a-nano-vfprintf_i.o)
                              c:/st/stm32cubeide_1.6.0/stm32cubeide/plugins/com.st.stm32cube.ide.mcu.externaltools.gnu-tools-for-stm32.9-2020-q2-update.win32_1.5.0.202011040924/tools/bin/../lib/gcc/arm-none-eabi/9.3.1/../../../../arm-none-eabi/lib/thumb/v7e-m+fp/hard\libc_nano.a(lib_a-nano-svfprintf.o) (_printf_i)
c:/st/stm32cubeide_1.6.0/stm32cubeide/plugins/com.st.stm32cube.ide.mcu.externaltools.gnu-tools-for-stm32.9-2020-q2-update.win32_1.5.0.202011040924/tools/bin/../lib/gcc/arm-none-eabi/9.3.1/../../../../arm-none-eabi/lib/thumb/v7e-m+fp/hard\libc_nano.a(lib_a-memchr.o)
                              c:/st/stm32cubeide_1.6.0/stm32cubeide/plugins/com.st.stm32cube.ide.mcu.externaltools.gnu-tools-for-stm32.9-2020-q2-update.win32_1.5.0.202011040924/tools/bin/../lib/gcc/arm-none-eabi/9.3.1/../../../../arm-none-eabi/lib/thumb/v7e-m+fp/hard\libc_nano.a(lib_a-nano-svfprintf.o) (memchr)
c:/st/stm32cubeide_1.6.0/stm32cubeide/plugins/com.st.stm32cube.ide.mcu.externaltools.gnu-tools-for-stm32.9-2020-q2-update.win32_1.5.0.202011040924/tools/bin/../lib/gcc/arm-none-eabi/9.3.1/../../../../arm-none-eabi/lib/thumb/v7e-m+fp/hard\libc_nano.a(lib_a-memcpy-stub.o)
[...]
Memory Configuration

Name             Origin             Length             Attributes
RAM              0x0000000020000000 0x0000000000020000 xrw
FLASH            0x0000000008000000 0x0000000000080000 xr
*default*        0x0000000000000000 0xffffffffffffffff

Linker script and memory map

LOAD c:/st/stm32cubeide_1.6.0/stm32cubeide/plugins/com.st.stm32cube.ide.mcu.externaltools.gnu-tools-for-stm32.9-2020-q2-update.win32_1.5.0.202011040924/tools/bin/../lib/gcc/arm-none-eabi/9.3.1/thumb/v7e-m+fp/hard/crti.o
LOAD c:/st/stm32cubeide_1.6.0/stm32cubeide/plugins/com.st.stm32cube.ide.mcu.externaltools.gnu-tools-for-stm32.9-2020-q2-update.win32_1.5.0.202011040924/tools/bin/../lib/gcc/arm-none-eabi/9.3.1/thumb/v7e-m+fp/hard/crtbegin.o
LOAD c:/st/stm32cubeide_1.6.0/stm32cubeide/plugins/com.st.stm32cube.ide.mcu.externaltools.gnu-tools-for-stm32.9-2020-q2-update.win32_1.5.0.202011040924/tools/bin/../lib/gcc/arm-none-eabi/9.3.1/../../../../arm-none-eabi/lib/thumb/v7e-m+fp/hard/crt0.o
LOAD src/ap/ap.o
LOAD src/bsp/bsp.o
LOAD src/bsp/stm32f4xx_hal_msp.o
LOAD src/bsp/stm32f4xx_it.o
LOAD src/bsp/syscalls.o
LOAD src/bsp/sysmem.o
LOAD src/bsp/system_stm32f4xx.o
LOAD src/bsp/startup/startup_stm32f411ceux.o
LOAD src/hw/common/core/qbuffer.o
LOAD src/hw/driver/fatfs/sd_diskio.o
LOAD src/hw/driver/fatfs.o
LOAD src/hw/driver/gpio.o
LOAD src/hw/driver/led.o
LOAD src/hw/driver/sd.o
LOAD src/hw/driver/uart.o
LOAD src/hw/hw.o
LOAD src/lib/FatFs/src/diskio.o
LOAD src/lib/FatFs/src/ff.o
LOAD src/lib/FatFs/src/ff_gen_drv.o
LOAD src/lib/FatFs/src/option/syscall.o
LOAD src/lib/FatFs/src/option/unicode.o
LOAD src/lib/stm32f411ceu6_fw_module/Drivers/STM32F4xx_HAL_Driver/Src/stm32f4xx_hal.o
LOAD src/lib/stm32f411ceu6_fw_module/Drivers/STM32F4xx_HAL_Driver/Src/stm32f4xx_hal_cortex.o
LOAD src/lib/stm32f411ceu6_fw_module/Drivers/STM32F4xx_HAL_Driver/Src/stm32f4xx_hal_dma.o
LOAD src/lib/stm32f411ceu6_fw_module/Drivers/STM32F4xx_HAL_Driver/Src/stm32f4xx_hal_dma_ex.o
LOAD src/lib/stm32f411ceu6_fw_module/Drivers/STM32F4xx_HAL_Driver/Src/stm32f4xx_hal_exti.o
LOAD src/lib/stm32f411ceu6_fw_module/Drivers/STM32F4xx_HAL_Driver/Src/stm32f4xx_hal_flash.o
LOAD src/lib/stm32f411ceu6_fw_module/Drivers/STM32F4xx_HAL_Driver/Src/stm32f4xx_hal_flash_ex.o
LOAD src/lib/stm32f411ceu6_fw_module/Drivers/STM32F4xx_HAL_Driver/Src/stm32f4xx_hal_flash_ramfunc.o
LOAD src/lib/stm32f411ceu6_fw_module/Drivers/STM32F4xx_HAL_Driver/Src/stm32f4xx_hal_gpio.o
LOAD src/lib/stm32f411ceu6_fw_module/Drivers/STM32F4xx_HAL_Driver/Src/stm32f4xx_hal_pwr.o
LOAD src/lib/stm32f411ceu6_fw_module/Drivers/STM32F4xx_HAL_Driver/Src/stm32f4xx_hal_pwr_ex.o
LOAD src/lib/stm32f411ceu6_fw_module/Drivers/STM32F4xx_HAL_Driver/Src/stm32f4xx_hal_rcc.o
LOAD src/lib/stm32f411ceu6_fw_module/Drivers/STM32F4xx_HAL_Driver/Src/stm32f4xx_hal_rcc_ex.o
LOAD src/lib/stm32f411ceu6_fw_module/Drivers/STM32F4xx_HAL_Driver/Src/stm32f4xx_hal_sd.o
LOAD src/lib/stm32f411ceu6_fw_module/Drivers/STM32F4xx_HAL_Driver/Src/stm32f4xx_hal_tim.o
LOAD src/lib/stm32f411ceu6_fw_module/Drivers/STM32F4xx_HAL_Driver/Src/stm32f4xx_hal_tim_ex.o
LOAD src/lib/stm32f411ceu6_fw_module/Drivers/STM32F4xx_HAL_Driver/Src/stm32f4xx_hal_uart.o
LOAD src/lib/stm32f411ceu6_fw_module/Drivers/STM32F4xx_HAL_Driver/Src/stm32f4xx_ll_sdmmc.o
LOAD src/main.o
START GROUP
LOAD c:/st/stm32cubeide_1.6.0/stm32cubeide/plugins/com.st.stm32cube.ide.mcu.externaltools.gnu-tools-for-stm32.9-2020-q2-update.win32_1.5.0.202011040924/tools/bin/../lib/gcc/arm-none-eabi/9.3.1/../../../../arm-none-eabi/lib/thumb/v7e-m+fp/hard\libc_nano.a
LOAD c:/st/stm32cubeide_1.6.0/stm32cubeide/plugins/com.st.stm32cube.ide.mcu.externaltools.gnu-tools-for-stm32.9-2020-q2-update.win32_1.5.0.202011040924/tools/bin/../lib/gcc/arm-none-eabi/9.3.1/../../../../arm-none-eabi/lib/thumb/v7e-m+fp/hard\libm.a
END GROUP
START GROUP
LOAD c:/st/stm32cubeide_1.6.0/stm32cubeide/plugins/com.st.stm32cube.ide.mcu.externaltools.gnu-tools-for-stm32.9-2020-q2-update.win32_1.5.0.202011040924/tools/bin/../lib/gcc/arm-none-eabi/9.3.1/thumb/v7e-m+fp/hard\libgcc.a
LOAD c:/st/stm32cubeide_1.6.0/stm32cubeide/plugins/com.st.stm32cube.ide.mcu.externaltools.gnu-tools-for-stm32.9-2020-q2-update.win32_1.5.0.202011040924/tools/bin/../lib/gcc/arm-none-eabi/9.3.1/../../../../arm-none-eabi/lib/thumb/v7e-m+fp/hard\libc_nano.a
END GROUP
START GROUP
LOAD c:/st/stm32cubeide_1.6.0/stm32cubeide/plugins/com.st.stm32cube.ide.mcu.externaltools.gnu-tools-for-stm32.9-2020-q2-update.win32_1.5.0.202011040924/tools/bin/../lib/gcc/arm-none-eabi/9.3.1/thumb/v7e-m+fp/hard\libgcc.a
LOAD c:/st/stm32cubeide_1.6.0/stm32cubeide/plugins/com.st.stm32cube.ide.mcu.externaltools.gnu-tools-for-stm32.9-2020-q2-update.win32_1.5.0.202011040924/tools/bin/../lib/gcc/arm-none-eabi/9.3.1/../../../../arm-none-eabi/lib/thumb/v7e-m+fp/hard\libc_nano.a
LOAD c:/st/stm32cubeide_1.6.0/stm32cubeide/plugins/com.st.stm32cube.ide.mcu.externaltools.gnu-tools-for-stm32.9-2020-q2-update.win32_1.5.0.202011040924/tools/bin/../lib/gcc/arm-none-eabi/9.3.1/../../../../arm-none-eabi/lib/thumb/v7e-m+fp/hard\libnosys.a
END GROUP
START GROUP
LOAD c:/st/stm32cubeide_1.6.0/stm32cubeide/plugins/com.st.stm32cube.ide.mcu.externaltools.gnu-tools-for-stm32.9-2020-q2-update.win32_1.5.0.202011040924/tools/bin/../lib/gcc/arm-none-eabi/9.3.1/thumb/v7e-m+fp/hard\libgcc.a
LOAD c:/st/stm32cubeide_1.6.0/stm32cubeide/plugins/com.st.stm32cube.ide.mcu.externaltools.gnu-tools-for-stm32.9-2020-q2-update.win32_1.5.0.202011040924/tools/bin/../lib/gcc/arm-none-eabi/9.3.1/../../../../arm-none-eabi/lib/thumb/v7e-m+fp/hard\libc_nano.a
LOAD c:/st/stm32cubeide_1.6.0/stm32cubeide/plugins/com.st.stm32cube.ide.mcu.externaltools.gnu-tools-for-stm32.9-2020-q2-update.win32_1.5.0.202011040924/tools/bin/../lib/gcc/arm-none-eabi/9.3.1/../../../../arm-none-eabi/lib/thumb/v7e-m+fp/hard\libnosys.a
END GROUP
LOAD c:/st/stm32cubeide_1.6.0/stm32cubeide/plugins/com.st.stm32cube.ide.mcu.externaltools.gnu-tools-for-stm32.9-2020-q2-update.win32_1.5.0.202011040924/tools/bin/../lib/gcc/arm-none-eabi/9.3.1/thumb/v7e-m+fp/hard/crtend.o
LOAD c:/st/stm32cubeide_1.6.0/stm32cubeide/plugins/com.st.stm32cube.ide.mcu.externaltools.gnu-tools-for-stm32.9-2020-q2-update.win32_1.5.0.202011040924/tools/bin/../lib/gcc/arm-none-eabi/9.3.1/thumb/v7e-m+fp/hard/crtn.o
                0x0000000020020000                _estack = (ORIGIN (RAM) + LENGTH (RAM))
                0x0000000000000200                _Min_Heap_Size = 0x200
                0x0000000000000400                _Min_Stack_Size = 0x400

.isr_vector     0x0000000008000000      0x198
                0x0000000008000000                . = ALIGN (0x4)
 *(.isr_vector)
 .isr_vector    0x0000000008000000      0x198 src/bsp/startup/startup_stm32f411ceux.o
                0x0000000008000000                g_pfnVectors
                0x0000000008000198                . = ALIGN (0x4)

.text           0x00000000080001a0     0xb9fc
                0x00000000080001a0                . = ALIGN (0x4)
 *(.text)
 .text          0x00000000080001a0       0x40 c:/st/stm32cubeide_1.6.0/stm32cubeide/plugins/com.st.stm32cube.ide.mcu.externaltools.gnu-tools-for-stm32.9-2020-q2-update.win32_1.5.0.202011040924/tools/bin/../lib/gcc/arm-none-eabi/9.3.1/thumb/v7e-m+fp/hard/crtbegin.o
 .text          0x00000000080001e0       0xa0 c:/st/stm32cubeide_1.6.0/stm32cubeide/plugins/com.st.stm32cube.ide.mcu.externaltools.gnu-tools-for-stm32.9-2020-q2-update.win32_1.5.0.202011040924/tools/bin/../lib/gcc/arm-none-eabi/9.3.1/../../../../arm-none-eabi/lib/thumb/v7e-m+fp/hard\libc_nano.a(lib_a-memchr.o)
                0x00000000080001e0                memchr
 .text          0x0000000008000280       0x30 c:/st/stm32cubeide_1.6.0/stm32cubeide/plugins/com.st.stm32cube.ide.mcu.externaltools.gnu-tools-for-stm32.9-2020-q2-update.win32_1.5.0.202011040924/tools/bin/../lib/gcc/arm-none-eabi/9.3.1/thumb/v7e-m+fp/hard\libgcc.a(_aeabi_uldivmod.o)
                0x0000000008000280                __aeabi_uldivmod
 .text          0x00000000080002b0      0x2c4 c:/st/stm32cubeide_1.6.0/stm32cubeide/plugins/com.st.stm32cube.ide.mcu.externaltools.gnu-tools-for-stm32.9-2020-q2-update.win32_1.5.0.202011040924/tools/bin/../lib/gcc/arm-none-eabi/9.3.1/thumb/v7e-m+fp/hard\libgcc.a(_udivmoddi4.o)
                0x00000000080002b0                __udivmoddi4
 .text          0x0000000008000574        0x4 c:/st/stm32cubeide_1.6.0/stm32cubeide/plugins/com.st.stm32cube.ide.mcu.externaltools.gnu-tools-for-stm32.9-2020-q2-update.win32_1.5.0.202011040924/tools/bin/../lib/gcc/arm-none-eabi/9.3.1/thumb/v7e-m+fp/hard\libgcc.a(_dvmd_tls.o)
                0x0000000008000574                __aeabi_idiv0
                0x0000000008000574                __aeabi_ldiv0
 *(.text*)
 .text.apInit   0x0000000008000578       0x12 src/ap/ap.o
                0x0000000008000578                apInit
 *fill*         0x000000000800058a        0x2 
 .text.fatfsDir
                0x000000000800058c       0xb0 src/ap/ap.o
                0x000000000800058c                fatfsDir
 .text.apSDCardTest
                0x000000000800063c      0x4ec src/ap/ap.o
                0x000000000800063c                apSDCardTest
 .text.bspInit  0x0000000008000b28       0x70 src/bsp/bsp.o
                0x0000000008000b28                bspInit
 .text.millis   0x0000000008000b98        0xe src/bsp/bsp.o
                0x0000000008000b98                millis
 *fill*         0x0000000008000ba6        0x2 
 .text.SystemClock_Config
                0x0000000008000ba8       0xd0 src/bsp/bsp.o
                0x0000000008000ba8                SystemClock_Config
 .text.Error_Handler
                0x0000000008000c78        0xa src/bsp/bsp.o
                0x0000000008000c78                Error_Handler
 *fill*         0x0000000008000c82        0x2 
 .text.HAL_MspInit
                0x0000000008000c84       0x50 src/bsp/stm32f4xx_hal_msp.o
                0x0000000008000c84                HAL_MspInit
 .text.NMI_Handler
                0x0000000008000cd4        0x6 src/bsp/stm32f4xx_it.o
                0x0000000008000cd4                NMI_Handler
 .text.HardFault_Handler
                0x0000000008000cda        0x6 src/bsp/stm32f4xx_it.o
                0x0000000008000cda                HardFault_Handler
 .text.MemManage_Handler
                0x0000000008000ce0        0x6 src/bsp/stm32f4xx_it.o
                0x0000000008000ce0                MemManage_Handler
 .text.BusFault_Handler
                0x0000000008000ce6        0x6 src/bsp/stm32f4xx_it.o
                0x0000000008000ce6                BusFault_Handler
 .text.UsageFault_Handler
                0x0000000008000cec        0x6 src/bsp/stm32f4xx_it.o
                0x0000000008000cec                UsageFault_Handler
 .text.SVC_Handler
                0x0000000008000cf2        0xe src/bsp/stm32f4xx_it.o
                0x0000000008000cf2                SVC_Handler
 .text.DebugMon_Handler
                0x0000000008000d00        0xe src/bsp/stm32f4xx_it.o
                0x0000000008000d00                DebugMon_Handler
 .text.PendSV_Handler
                0x0000000008000d0e        0xe src/bsp/stm32f4xx_it.o
                0x0000000008000d0e                PendSV_Handler
 .text.SysTick_Handler
                0x0000000008000d1c        0xc src/bsp/stm32f4xx_it.o
                0x0000000008000d1c                SysTick_Handler
 .text.USART1_IRQHandler
                0x0000000008000d28       0x14 src/bsp/stm32f4xx_it.o
                0x0000000008000d28                USART1_IRQHandler
 .text.SDIO_IRQHandler
                0x0000000008000d3c       0x14 src/bsp/stm32f4xx_it.o
                0x0000000008000d3c                SDIO_IRQHandler
 .text.DMA2_Stream2_IRQHandler
                0x0000000008000d50       0x14 src/bsp/stm32f4xx_it.o
                0x0000000008000d50                DMA2_Stream2_IRQHandler
 .text.DMA2_Stream3_IRQHandler
                0x0000000008000d64       0x14 src/bsp/stm32f4xx_it.o
                0x0000000008000d64                DMA2_Stream3_IRQHandler
 .text.DMA2_Stream6_IRQHandler
                0x0000000008000d78       0x14 src/bsp/stm32f4xx_it.o
                0x0000000008000d78                DMA2_Stream6_IRQHandler
 .text.DMA2_Stream7_IRQHandler
                0x0000000008000d8c       0x14 src/bsp/stm32f4xx_it.o
                0x0000000008000d8c                DMA2_Stream7_IRQHandler
 .text._sbrk    0x0000000008000da0       0x6c src/bsp/sysmem.o
                0x0000000008000da0                _sbrk
 .text.SystemInit
                0x0000000008000e0c       0x24 src/bsp/system_stm32f4xx.o
                0x0000000008000e0c                SystemInit
 .text.Reset_Handler
                0x0000000008000e30       0x50 src/bsp/startup/startup_stm32f411ceux.o
                0x0000000008000e30                Reset_Handler
 .text.Default_Handler
                0x0000000008000e80        0x2 src/bsp/startup/startup_stm32f411ceux.o
                0x0000000008000e80                RTC_Alarm_IRQHandler
                0x0000000008000e80                EXTI2_IRQHandler
                0x0000000008000e80                SPI4_IRQHandler
                0x0000000008000e80                TIM1_CC_IRQHandler
                0x0000000008000e80                DMA2_Stream5_IRQHandler
                0x0000000008000e80                DMA1_Stream5_IRQHandler
                0x0000000008000e80                PVD_IRQHandler
                0x0000000008000e80                TAMP_STAMP_IRQHandler
                0x0000000008000e80                EXTI3_IRQHandler
                0x0000000008000e80                TIM1_UP_TIM10_IRQHandler
                0x0000000008000e80                I2C3_ER_IRQHandler
                0x0000000008000e80                EXTI0_IRQHandler
                0x0000000008000e80                I2C2_EV_IRQHandler
                0x0000000008000e80                DMA1_Stream2_IRQHandler
                0x0000000008000e80                FPU_IRQHandler
                0x0000000008000e80                SPI1_IRQHandler
                0x0000000008000e80                TIM1_BRK_TIM9_IRQHandler
                0x0000000008000e80                USART6_IRQHandler
                0x0000000008000e80                DMA2_Stream0_IRQHandler
                0x0000000008000e80                TIM4_IRQHandler
                0x0000000008000e80                I2C1_EV_IRQHandler
                0x0000000008000e80                DMA1_Stream6_IRQHandler
                0x0000000008000e80                DMA1_Stream1_IRQHandler
                0x0000000008000e80                TIM3_IRQHandler
                0x0000000008000e80                RCC_IRQHandler
                0x0000000008000e80                Default_Handler
                0x0000000008000e80                EXTI15_10_IRQHandler
                0x0000000008000e80                ADC_IRQHandler
                0x0000000008000e80                DMA1_Stream7_IRQHandler
                0x0000000008000e80                SPI5_IRQHandler
                0x0000000008000e80                TIM5_IRQHandler
                0x0000000008000e80                I2C3_EV_IRQHandler
                0x0000000008000e80                EXTI9_5_IRQHandler
                0x0000000008000e80                RTC_WKUP_IRQHandler
                0x0000000008000e80                SPI2_IRQHandler
                0x0000000008000e80                DMA1_Stream0_IRQHandler
                0x0000000008000e80                EXTI4_IRQHandler
                0x0000000008000e80                WWDG_IRQHandler
                0x0000000008000e80                TIM2_IRQHandler
                0x0000000008000e80                OTG_FS_WKUP_IRQHandler
                0x0000000008000e80                TIM1_TRG_COM_TIM11_IRQHandler
                0x0000000008000e80                EXTI1_IRQHandler
                0x0000000008000e80                USART2_IRQHandler
                0x0000000008000e80                I2C2_ER_IRQHandler
                0x0000000008000e80                DMA2_Stream1_IRQHandler
                0x0000000008000e80                FLASH_IRQHandler
                0x0000000008000e80                DMA2_Stream4_IRQHandler
                0x0000000008000e80                OTG_FS_IRQHandler
                0x0000000008000e80                SPI3_IRQHandler
                0x0000000008000e80                DMA1_Stream4_IRQHandler
                0x0000000008000e80                I2C1_ER_IRQHandler
                0x0000000008000e80                DMA1_Stream3_IRQHandler
 .text.qbufferCreate
                0x0000000008000e82       0x36 src/hw/common/core/qbuffer.o
                0x0000000008000e82                qbufferCreate
 .text.qbufferRead
                0x0000000008000eb8       0x7a src/hw/common/core/qbuffer.o
                0x0000000008000eb8                qbufferRead
 .text.qbufferAvailable
                0x0000000008000f32       0x30 src/hw/common/core/qbuffer.o
                0x0000000008000f32                qbufferAvailable
 *fill*         0x0000000008000f62        0x2 
 .text.SD_CheckStatus
                0x0000000008000f64       0x84 src/hw/driver/fatfs/sd_diskio.o
 .text.SD_initialize
                0x0000000008000fe8       0x44 src/hw/driver/fatfs/sd_diskio.o
                0x0000000008000fe8                SD_initialize
 .text.SD_status
                0x000000000800102c       0x1c src/hw/driver/fatfs/sd_diskio.o
                0x000000000800102c                SD_status
 .text.SD_read  0x0000000008001048       0x36 src/hw/driver/fatfs/sd_diskio.o
                0x0000000008001048                SD_read
 .text.SD_write
                0x000000000800107e       0x36 src/hw/driver/fatfs/sd_diskio.o
                0x000000000800107e                SD_write
 .text.SD_ioctl
                0x00000000080010b4       0xb0 src/hw/driver/fatfs/sd_diskio.o
                0x00000000080010b4                SD_ioctl
 .text.fatfsInit
                0x0000000008001164       0x48 src/hw/driver/fatfs.o
                0x0000000008001164                fatfsInit
 .text.gpioInit
                0x00000000080011ac       0x84 src/hw/driver/gpio.o
                0x00000000080011ac                gpioInit
 .text.gpioPinMode
                0x0000000008001230       0xc4 src/hw/driver/gpio.o
                0x0000000008001230                gpioPinMode
 .text.gpioPinWrite
                0x00000000080012f4       0xa4 src/hw/driver/gpio.o
                0x00000000080012f4                gpioPinWrite
 .text.gpioPinRead
                0x0000000008001398       0x70 src/hw/driver/gpio.o
                0x0000000008001398                gpioPinRead
 .text.ledInit  0x0000000008001408       0x8c src/hw/driver/led.o
                0x0000000008001408                ledInit
 .text.ledOff   0x0000000008001494       0x40 src/hw/driver/led.o
                0x0000000008001494                ledOff
 .text.sdInit   0x00000000080014d4       0x94 src/hw/driver/sd.o
                0x00000000080014d4                sdInit
 .text.sdIsInit
                0x0000000008001568       0x18 src/hw/driver/sd.o
                0x0000000008001568                sdIsInit
 .text.sdIsDetected
                0x0000000008001580       0x2c src/hw/driver/sd.o
                0x0000000008001580                sdIsDetected
 .text.sdGetInfo
                0x00000000080015ac       0xac src/hw/driver/sd.o
                0x00000000080015ac                sdGetInfo
 .text.sdIsBusy
                0x0000000008001658       0x2c src/hw/driver/sd.o
                0x0000000008001658                sdIsBusy
 .text.sdIsReady
                0x0000000008001684       0x3e src/hw/driver/sd.o
                0x0000000008001684                sdIsReady
 *fill*         0x00000000080016c2        0x2 
 .text.sdReadBlocks
                0x00000000080016c4       0x94 src/hw/driver/sd.o
                0x00000000080016c4                sdReadBlocks
 .text.HAL_SD_RxCpltCallback
                0x0000000008001758       0x20 src/hw/driver/sd.o
                0x0000000008001758                HAL_SD_RxCpltCallback
 .text.HAL_SD_TxCpltCallback
                0x0000000008001778       0x20 src/hw/driver/sd.o
                0x0000000008001778                HAL_SD_TxCpltCallback
 .text.sdWriteBlocks
                0x0000000008001798       0x94 src/hw/driver/sd.o
                0x0000000008001798                sdWriteBlocks
 .text.HAL_SD_MspInit
                0x000000000800182c      0x21c src/hw/driver/sd.o
                0x000000000800182c                HAL_SD_MspInit
 .text.uartInit
                0x0000000008001a48       0x34 src/hw/driver/uart.o
                0x0000000008001a48                uartInit
 .text.uartOpen
                0x0000000008001a7c      0x230 src/hw/driver/uart.o
                0x0000000008001a7c                uartOpen
 .text.uartAvailable
                0x0000000008001cac       0x90 src/hw/driver/uart.o
                0x0000000008001cac                uartAvailable
 .text.uartRead
                0x0000000008001d3c       0x48 src/hw/driver/uart.o
                0x0000000008001d3c                uartRead
 .text.uartWrite
                0x0000000008001d84      0x104 src/hw/driver/uart.o
                0x0000000008001d84                uartWrite
 .text.uartPrintf
                0x0000000008001e88       0x5c src/hw/driver/uart.o
                0x0000000008001e88                uartPrintf
 .text.HAL_UART_ErrorCallback
                0x0000000008001ee4       0x14 src/hw/driver/uart.o
                0x0000000008001ee4                HAL_UART_ErrorCallback
 .text.HAL_UART_RxCpltCallback
                0x0000000008001ef8       0x14 src/hw/driver/uart.o
                0x0000000008001ef8                HAL_UART_RxCpltCallback
 .text.HAL_UART_TxCpltCallback
                0x0000000008001f0c       0x14 src/hw/driver/uart.o
                0x0000000008001f0c                HAL_UART_TxCpltCallback
 .text.HAL_UART_MspInit
                0x0000000008001f20      0x16c src/hw/driver/uart.o
                0x0000000008001f20                HAL_UART_MspInit
 .text.HAL_UART_MspDeInit
                0x000000000800208c       0x58 src/hw/driver/uart.o
                0x000000000800208c                HAL_UART_MspDeInit
 .text.hwInit   0x00000000080020e4       0x26 src/hw/hw.o
                0x00000000080020e4                hwInit
 *fill*         0x000000000800210a        0x2 
 .text.disk_status
                0x000000000800210c       0x34 src/lib/FatFs/src/diskio.o
                0x000000000800210c                disk_status
 .text.disk_initialize
                0x0000000008002140       0x4c src/lib/FatFs/src/diskio.o
                0x0000000008002140                disk_initialize
 .text.disk_read
                0x000000000800218c       0x40 src/lib/FatFs/src/diskio.o
                0x000000000800218c                disk_read
 .text.disk_write
                0x00000000080021cc       0x40 src/lib/FatFs/src/diskio.o
                0x00000000080021cc                disk_write
 .text.disk_ioctl
                0x000000000800220c       0x3c src/lib/FatFs/src/diskio.o
                0x000000000800220c                disk_ioctl
 .text.get_fattime
                0x0000000008002248       0x10 src/lib/FatFs/src/diskio.o
                0x0000000008002248                get_fattime
 .text.ld_word  0x0000000008002258       0x30 src/lib/FatFs/src/ff.o
 .text.ld_dword
                0x0000000008002288       0x46 src/lib/FatFs/src/ff.o
 .text.st_word  0x00000000080022ce       0x36 src/lib/FatFs/src/ff.o
 .text.st_dword
                0x0000000008002304       0x58 src/lib/FatFs/src/ff.o
 .text.mem_cpy  0x000000000800235c       0x42 src/lib/FatFs/src/ff.o
 .text.mem_set  0x000000000800239e       0x36 src/lib/FatFs/src/ff.o
 .text.mem_cmp  0x00000000080023d4       0x4e src/lib/FatFs/src/ff.o
 .text.chk_chr  0x0000000008002422       0x36 src/lib/FatFs/src/ff.o
 .text.chk_lock
                0x0000000008002458       0xb8 src/lib/FatFs/src/ff.o
 .text.enq_lock
                0x0000000008002510       0x44 src/lib/FatFs/src/ff.o
 .text.inc_lock
                0x0000000008002554      0x11c src/lib/FatFs/src/ff.o
 .text.dec_lock
                0x0000000008002670       0x78 src/lib/FatFs/src/ff.o
 .text.clear_lock
                0x00000000080026e8       0x48 src/lib/FatFs/src/ff.o
 .text.sync_window
                0x0000000008002730       0x88 src/lib/FatFs/src/ff.o
 .text.move_window
                0x00000000080027b8       0x5a src/lib/FatFs/src/ff.o
 *fill*         0x0000000008002812        0x2 
 .text.sync_fs  0x0000000008002814       0xdc src/lib/FatFs/src/ff.o
 .text.clust2sect
                0x00000000080028f0       0x3e src/lib/FatFs/src/ff.o
 .text.get_fat  0x000000000800292e      0x150 src/lib/FatFs/src/ff.o
 .text.put_fat  0x0000000008002a7e      0x1d8 src/lib/FatFs/src/ff.o
 .text.remove_chain
                0x0000000008002c56       0xca src/lib/FatFs/src/ff.o
 .text.create_chain
                0x0000000008002d20      0x130 src/lib/FatFs/src/ff.o
 .text.clmt_clust
                0x0000000008002e50       0x68 src/lib/FatFs/src/ff.o
 .text.dir_sdi  0x0000000008002eb8       0xf6 src/lib/FatFs/src/ff.o
 .text.dir_next
                0x0000000008002fae      0x18a src/lib/FatFs/src/ff.o
 .text.dir_alloc
                0x0000000008003138       0x8e src/lib/FatFs/src/ff.o
 .text.ld_clust
                0x00000000080031c6       0x3e src/lib/FatFs/src/ff.o
 .text.st_clust
                0x0000000008003204       0x40 src/lib/FatFs/src/ff.o
 .text.cmp_lfn  0x0000000008003244       0xe0 src/lib/FatFs/src/ff.o
 .text.pick_lfn
                0x0000000008003324       0xc8 src/lib/FatFs/src/ff.o
 .text.put_lfn  0x00000000080033ec       0xd0 src/lib/FatFs/src/ff.o
 .text.gen_numname
                0x00000000080034bc      0x120 src/lib/FatFs/src/ff.o
 .text.sum_sfn  0x00000000080035dc       0x42 src/lib/FatFs/src/ff.o
 .text.dir_read
                0x000000000800361e      0x14e src/lib/FatFs/src/ff.o
 .text.dir_find
                0x000000000800376c      0x180 src/lib/FatFs/src/ff.o
 .text.dir_register
                0x00000000080038ec      0x1f0 src/lib/FatFs/src/ff.o
 .text.dir_remove
                0x0000000008003adc       0x94 src/lib/FatFs/src/ff.o
 .text.get_fileinfo
                0x0000000008003b70      0x1ba src/lib/FatFs/src/ff.o
 *fill*         0x0000000008003d2a        0x2 
 .text.create_name
                0x0000000008003d2c      0x370 src/lib/FatFs/src/ff.o
 .text.follow_path
                0x000000000800409c       0xe2 src/lib/FatFs/src/ff.o
 .text.get_ldnumber
                0x000000000800417e       0x88 src/lib/FatFs/src/ff.o
 *fill*         0x0000000008004206        0x2 
 .text.check_fs
                0x0000000008004208       0xac src/lib/FatFs/src/ff.o
 .text.find_volume
                0x00000000080042b4      0x498 src/lib/FatFs/src/ff.o
 .text.validate
                0x000000000800474c       0x6a src/lib/FatFs/src/ff.o
 *fill*         0x00000000080047b6        0x2 
 .text.f_mount  0x00000000080047b8       0x8c src/lib/FatFs/src/ff.o
                0x00000000080047b8                f_mount
 .text.f_open   0x0000000008004844      0x494 src/lib/FatFs/src/ff.o
                0x0000000008004844                f_open
 .text.f_read   0x0000000008004cd8      0x27e src/lib/FatFs/src/ff.o
                0x0000000008004cd8                f_read
 .text.f_write  0x0000000008004f56      0x2ea src/lib/FatFs/src/ff.o
                0x0000000008004f56                f_write
 .text.f_sync   0x0000000008005240       0xfc src/lib/FatFs/src/ff.o
                0x0000000008005240                f_sync
 .text.f_close  0x000000000800533c       0x54 src/lib/FatFs/src/ff.o
                0x000000000800533c                f_close
 .text.f_lseek  0x0000000008005390      0x412 src/lib/FatFs/src/ff.o
                0x0000000008005390                f_lseek
 .text.f_opendir
                0x00000000080057a2      0x13c src/lib/FatFs/src/ff.o
                0x00000000080057a2                f_opendir
 .text.f_closedir
                0x00000000080058de       0x4c src/lib/FatFs/src/ff.o
                0x00000000080058de                f_closedir
 .text.f_readdir
                0x000000000800592a       0xb0 src/lib/FatFs/src/ff.o
                0x000000000800592a                f_readdir
 .text.f_getfree
                0x00000000080059da      0x16a src/lib/FatFs/src/ff.o
                0x00000000080059da                f_getfree
 .text.f_unlink
                0x0000000008005b44      0x182 src/lib/FatFs/src/ff.o
                0x0000000008005b44                f_unlink
 .text.putc_bfd
                0x0000000008005cc6       0x6c src/lib/FatFs/src/ff.o
 .text.putc_flush
                0x0000000008005d32       0x4a src/lib/FatFs/src/ff.o
 .text.putc_init
                0x0000000008005d7c       0x2a src/lib/FatFs/src/ff.o
 *fill*         0x0000000008005da6        0x2 
 .text.f_printf
                0x0000000008005da8      0x440 src/lib/FatFs/src/ff.o
                0x0000000008005da8                f_printf
 .text.FATFS_LinkDriverEx
                0x00000000080061e8       0x98 src/lib/FatFs/src/ff_gen_drv.o
                0x00000000080061e8                FATFS_LinkDriverEx
 .text.FATFS_LinkDriver
                0x0000000008006280       0x1e src/lib/FatFs/src/ff_gen_drv.o
                0x0000000008006280                FATFS_LinkDriver
 *fill*         0x000000000800629e        0x2 
 .text.ff_convert
                0x00000000080062a0       0x78 src/lib/FatFs/src/option/unicode.o
                0x00000000080062a0                ff_convert
 .text.ff_wtoupper
                0x0000000008006318      0x114 src/lib/FatFs/src/option/unicode.o
                0x0000000008006318                ff_wtoupper
 .text.HAL_Init
                0x000000000800642c       0x44 src/lib/stm32f411ceu6_fw_module/Drivers/STM32F4xx_HAL_Driver/Src/stm32f4xx_hal.o
                0x000000000800642c                HAL_Init
 .text.HAL_InitTick
                0x0000000008006470       0x60 src/lib/stm32f411ceu6_fw_module/Drivers/STM32F4xx_HAL_Driver/Src/stm32f4xx_hal.o
                0x0000000008006470                HAL_InitTick
 .text.HAL_IncTick
                0x00000000080064d0       0x28 src/lib/stm32f411ceu6_fw_module/Drivers/STM32F4xx_HAL_Driver/Src/stm32f4xx_hal.o
                0x00000000080064d0                HAL_IncTick
 .text.HAL_GetTick
                0x00000000080064f8       0x18 src/lib/stm32f411ceu6_fw_module/Drivers/STM32F4xx_HAL_Driver/Src/stm32f4xx_hal.o
                0x00000000080064f8                HAL_GetTick
 .text.HAL_Delay
                0x0000000008006510       0x48 src/lib/stm32f411ceu6_fw_module/Drivers/STM32F4xx_HAL_Driver/Src/stm32f4xx_hal.o
                0x0000000008006510                HAL_Delay
 .text.__NVIC_SetPriorityGrouping
                0x0000000008006558       0x48 src/lib/stm32f411ceu6_fw_module/Drivers/STM32F4xx_HAL_Driver/Src/stm32f4xx_hal_cortex.o
 .text.__NVIC_GetPriorityGrouping
                0x00000000080065a0       0x1c src/lib/stm32f411ceu6_fw_module/Drivers/STM32F4xx_HAL_Driver/Src/stm32f4xx_hal_cortex.o
 .text.__NVIC_EnableIRQ
                0x00000000080065bc       0x3c src/lib/stm32f411ceu6_fw_module/Drivers/STM32F4xx_HAL_Driver/Src/stm32f4xx_hal_cortex.o
 .text.__NVIC_DisableIRQ
                0x00000000080065f8       0x48 src/lib/stm32f411ceu6_fw_module/Drivers/STM32F4xx_HAL_Driver/Src/stm32f4xx_hal_cortex.o
 .text.__NVIC_SetPriority
                0x0000000008006640       0x54 src/lib/stm32f411ceu6_fw_module/Drivers/STM32F4xx_HAL_Driver/Src/stm32f4xx_hal_cortex.o
 .text.NVIC_EncodePriority
                0x0000000008006694       0x66 src/lib/stm32f411ceu6_fw_module/Drivers/STM32F4xx_HAL_Driver/Src/stm32f4xx_hal_cortex.o
 *fill*         0x00000000080066fa        0x2 
 .text.SysTick_Config
                0x00000000080066fc       0x44 src/lib/stm32f411ceu6_fw_module/Drivers/STM32F4xx_HAL_Driver/Src/stm32f4xx_hal_cortex.o
 .text.HAL_NVIC_SetPriorityGrouping
                0x0000000008006740       0x16 src/lib/stm32f411ceu6_fw_module/Drivers/STM32F4xx_HAL_Driver/Src/stm32f4xx_hal_cortex.o
                0x0000000008006740                HAL_NVIC_SetPriorityGrouping
 .text.HAL_NVIC_SetPriority
                0x0000000008006756       0x38 src/lib/stm32f411ceu6_fw_module/Drivers/STM32F4xx_HAL_Driver/Src/stm32f4xx_hal_cortex.o
                0x0000000008006756                HAL_NVIC_SetPriority
 .text.HAL_NVIC_EnableIRQ
                0x000000000800678e       0x1c src/lib/stm32f411ceu6_fw_module/Drivers/STM32F4xx_HAL_Driver/Src/stm32f4xx_hal_cortex.o
                0x000000000800678e                HAL_NVIC_EnableIRQ
 .text.HAL_NVIC_DisableIRQ
                0x00000000080067aa       0x1c src/lib/stm32f411ceu6_fw_module/Drivers/STM32F4xx_HAL_Driver/Src/stm32f4xx_hal_cortex.o
                0x00000000080067aa                HAL_NVIC_DisableIRQ
 .text.HAL_SYSTICK_Config
                0x00000000080067c6       0x18 src/lib/stm32f411ceu6_fw_module/Drivers/STM32F4xx_HAL_Driver/Src/stm32f4xx_hal_cortex.o
                0x00000000080067c6                HAL_SYSTICK_Config
 *fill*         0x00000000080067de        0x2 
 .text.HAL_DMA_Init
                0x00000000080067e0      0x15c src/lib/stm32f411ceu6_fw_module/Drivers/STM32F4xx_HAL_Driver/Src/stm32f4xx_hal_dma.o
                0x00000000080067e0                HAL_DMA_Init
 .text.HAL_DMA_DeInit
                0x000000000800693c       0xbc src/lib/stm32f411ceu6_fw_module/Drivers/STM32F4xx_HAL_Driver/Src/stm32f4xx_hal_dma.o
                0x000000000800693c                HAL_DMA_DeInit
 .text.HAL_DMA_Start_IT
                0x00000000080069f8       0xb0 src/lib/stm32f411ceu6_fw_module/Drivers/STM32F4xx_HAL_Driver/Src/stm32f4xx_hal_dma.o
                0x00000000080069f8                HAL_DMA_Start_IT
 .text.HAL_DMA_Abort
                0x0000000008006aa8       0xe0 src/lib/stm32f411ceu6_fw_module/Drivers/STM32F4xx_HAL_Driver/Src/stm32f4xx_hal_dma.o
                0x0000000008006aa8                HAL_DMA_Abort
 .text.HAL_DMA_Abort_IT
                0x0000000008006b88       0x44 src/lib/stm32f411ceu6_fw_module/Drivers/STM32F4xx_HAL_Driver/Src/stm32f4xx_hal_dma.o
                0x0000000008006b88                HAL_DMA_Abort_IT
 .text.HAL_DMA_IRQHandler
                0x0000000008006bcc      0x314 src/lib/stm32f411ceu6_fw_module/Drivers/STM32F4xx_HAL_Driver/Src/stm32f4xx_hal_dma.o
                0x0000000008006bcc                HAL_DMA_IRQHandler
 .text.HAL_DMA_GetError
                0x0000000008006ee0       0x18 src/lib/stm32f411ceu6_fw_module/Drivers/STM32F4xx_HAL_Driver/Src/stm32f4xx_hal_dma.o
                0x0000000008006ee0                HAL_DMA_GetError
 .text.DMA_SetConfig
                0x0000000008006ef8       0x5c src/lib/stm32f411ceu6_fw_module/Drivers/STM32F4xx_HAL_Driver/Src/stm32f4xx_hal_dma.o
 .text.DMA_CalcBaseAndBitshift
                0x0000000008006f54       0x6c src/lib/stm32f411ceu6_fw_module/Drivers/STM32F4xx_HAL_Driver/Src/stm32f4xx_hal_dma.o
 .text.DMA_CheckFifoParam
                0x0000000008006fc0       0xf8 src/lib/stm32f411ceu6_fw_module/Drivers/STM32F4xx_HAL_Driver/Src/stm32f4xx_hal_dma.o
 .text.HAL_GPIO_Init
                0x00000000080070b8      0x308 src/lib/stm32f411ceu6_fw_module/Drivers/STM32F4xx_HAL_Driver/Src/stm32f4xx_hal_gpio.o
                0x00000000080070b8                HAL_GPIO_Init
 .text.HAL_GPIO_DeInit
                0x00000000080073c0      0x1c8 src/lib/stm32f411ceu6_fw_module/Drivers/STM32F4xx_HAL_Driver/Src/stm32f4xx_hal_gpio.o
                0x00000000080073c0                HAL_GPIO_DeInit
 .text.HAL_GPIO_ReadPin
                0x0000000008007588       0x30 src/lib/stm32f411ceu6_fw_module/Drivers/STM32F4xx_HAL_Driver/Src/stm32f4xx_hal_gpio.o
                0x0000000008007588                HAL_GPIO_ReadPin
 .text.HAL_GPIO_WritePin
                0x00000000080075b8       0x32 src/lib/stm32f411ceu6_fw_module/Drivers/STM32F4xx_HAL_Driver/Src/stm32f4xx_hal_gpio.o
                0x00000000080075b8                HAL_GPIO_WritePin
 *fill*         0x00000000080075ea        0x2 
 .text.HAL_RCC_OscConfig
                0x00000000080075ec      0x4f0 src/lib/stm32f411ceu6_fw_module/Drivers/STM32F4xx_HAL_Driver/Src/stm32f4xx_hal_rcc.o
                0x00000000080075ec                HAL_RCC_OscConfig
 .text.HAL_RCC_ClockConfig
                0x0000000008007adc      0x1cc src/lib/stm32f411ceu6_fw_module/Drivers/STM32F4xx_HAL_Driver/Src/stm32f4xx_hal_rcc.o
                0x0000000008007adc                HAL_RCC_ClockConfig
 .text.HAL_RCC_GetSysClockFreq
                0x0000000008007ca8      0x16c src/lib/stm32f411ceu6_fw_module/Drivers/STM32F4xx_HAL_Driver/Src/stm32f4xx_hal_rcc.o
                0x0000000008007ca8                HAL_RCC_GetSysClockFreq
 .text.HAL_RCC_GetHCLKFreq
                0x0000000008007e14       0x18 src/lib/stm32f411ceu6_fw_module/Drivers/STM32F4xx_HAL_Driver/Src/stm32f4xx_hal_rcc.o
                0x0000000008007e14                HAL_RCC_GetHCLKFreq
 .text.HAL_RCC_GetPCLK1Freq
                0x0000000008007e2c       0x28 src/lib/stm32f411ceu6_fw_module/Drivers/STM32F4xx_HAL_Driver/Src/stm32f4xx_hal_rcc.o
                0x0000000008007e2c                HAL_RCC_GetPCLK1Freq
 .text.HAL_RCC_GetPCLK2Freq
                0x0000000008007e54       0x28 src/lib/stm32f411ceu6_fw_module/Drivers/STM32F4xx_HAL_Driver/Src/stm32f4xx_hal_rcc.o
                0x0000000008007e54                HAL_RCC_GetPCLK2Freq
 .text.HAL_SD_Init
                0x0000000008007e7c       0x60 src/lib/stm32f411ceu6_fw_module/Drivers/STM32F4xx_HAL_Driver/Src/stm32f4xx_hal_sd.o
                0x0000000008007e7c                HAL_SD_Init
 .text.HAL_SD_InitCard
                0x0000000008007edc       0xfc src/lib/stm32f411ceu6_fw_module/Drivers/STM32F4xx_HAL_Driver/Src/stm32f4xx_hal_sd.o
                0x0000000008007edc                HAL_SD_InitCard
 .text.HAL_SD_ReadBlocks_DMA
                0x0000000008007fd8      0x1c4 src/lib/stm32f411ceu6_fw_module/Drivers/STM32F4xx_HAL_Driver/Src/stm32f4xx_hal_sd.o
                0x0000000008007fd8                HAL_SD_ReadBlocks_DMA
 .text.HAL_SD_WriteBlocks_DMA
                0x000000000800819c      0x1cc src/lib/stm32f411ceu6_fw_module/Drivers/STM32F4xx_HAL_Driver/Src/stm32f4xx_hal_sd.o
                0x000000000800819c                HAL_SD_WriteBlocks_DMA
 .text.HAL_SD_IRQHandler
                0x0000000008008368      0x30c src/lib/stm32f411ceu6_fw_module/Drivers/STM32F4xx_HAL_Driver/Src/stm32f4xx_hal_sd.o
                0x0000000008008368                HAL_SD_IRQHandler
 .text.HAL_SD_ErrorCallback
                0x0000000008008674       0x14 src/lib/stm32f411ceu6_fw_module/Drivers/STM32F4xx_HAL_Driver/Src/stm32f4xx_hal_sd.o
                0x0000000008008674                HAL_SD_ErrorCallback
 .text.HAL_SD_AbortCallback
                0x0000000008008688       0x14 src/lib/stm32f411ceu6_fw_module/Drivers/STM32F4xx_HAL_Driver/Src/stm32f4xx_hal_sd.o
                0x0000000008008688                HAL_SD_AbortCallback
 .text.HAL_SD_GetCardCSD
                0x000000000800869c      0x348 src/lib/stm32f411ceu6_fw_module/Drivers/STM32F4xx_HAL_Driver/Src/stm32f4xx_hal_sd.o
                0x000000000800869c                HAL_SD_GetCardCSD
 .text.HAL_SD_GetCardInfo
                0x00000000080089e4       0x58 src/lib/stm32f411ceu6_fw_module/Drivers/STM32F4xx_HAL_Driver/Src/stm32f4xx_hal_sd.o
                0x00000000080089e4                HAL_SD_GetCardInfo
 .text.HAL_SD_ConfigWideBusOperation
                0x0000000008008a3c      0x134 src/lib/stm32f411ceu6_fw_module/Drivers/STM32F4xx_HAL_Driver/Src/stm32f4xx_hal_sd.o
                0x0000000008008a3c                HAL_SD_ConfigWideBusOperation
 .text.HAL_SD_GetCardState
                0x0000000008008b70       0x40 src/lib/stm32f411ceu6_fw_module/Drivers/STM32F4xx_HAL_Driver/Src/stm32f4xx_hal_sd.o
                0x0000000008008b70                HAL_SD_GetCardState
 .text.SD_DMATransmitCplt
                0x0000000008008bb0       0x2a src/lib/stm32f411ceu6_fw_module/Drivers/STM32F4xx_HAL_Driver/Src/stm32f4xx_hal_sd.o
 .text.SD_DMAReceiveCplt
                0x0000000008008bda       0x70 src/lib/stm32f411ceu6_fw_module/Drivers/STM32F4xx_HAL_Driver/Src/stm32f4xx_hal_sd.o
 *fill*         0x0000000008008c4a        0x2 
 .text.SD_DMAError
                0x0000000008008c4c       0xa4 src/lib/stm32f411ceu6_fw_module/Drivers/STM32F4xx_HAL_Driver/Src/stm32f4xx_hal_sd.o
 .text.SD_DMATxAbort
                0x0000000008008cf0       0x6e src/lib/stm32f411ceu6_fw_module/Drivers/STM32F4xx_HAL_Driver/Src/stm32f4xx_hal_sd.o
 .text.SD_DMARxAbort
                0x0000000008008d5e       0x6e src/lib/stm32f411ceu6_fw_module/Drivers/STM32F4xx_HAL_Driver/Src/stm32f4xx_hal_sd.o
 .text.SD_InitCard
                0x0000000008008dcc      0x198 src/lib/stm32f411ceu6_fw_module/Drivers/STM32F4xx_HAL_Driver/Src/stm32f4xx_hal_sd.o
 .text.SD_PowerON
                0x0000000008008f64      0x11c src/lib/stm32f411ceu6_fw_module/Drivers/STM32F4xx_HAL_Driver/Src/stm32f4xx_hal_sd.o
 .text.SD_SendStatus
                0x0000000008009080       0x50 src/lib/stm32f411ceu6_fw_module/Drivers/STM32F4xx_HAL_Driver/Src/stm32f4xx_hal_sd.o
 .text.SD_WideBus_Enable
                0x00000000080090d0       0x96 src/lib/stm32f411ceu6_fw_module/Drivers/STM32F4xx_HAL_Driver/Src/stm32f4xx_hal_sd.o
 .text.SD_WideBus_Disable
                0x0000000008009166       0x96 src/lib/stm32f411ceu6_fw_module/Drivers/STM32F4xx_HAL_Driver/Src/stm32f4xx_hal_sd.o
 .text.SD_FindSCR
                0x00000000080091fc      0x1a6 src/lib/stm32f411ceu6_fw_module/Drivers/STM32F4xx_HAL_Driver/Src/stm32f4xx_hal_sd.o
 .text.SD_Read_IT
                0x00000000080093a2       0xa2 src/lib/stm32f411ceu6_fw_module/Drivers/STM32F4xx_HAL_Driver/Src/stm32f4xx_hal_sd.o
 .text.SD_Write_IT
                0x0000000008009444       0xaa src/lib/stm32f411ceu6_fw_module/Drivers/STM32F4xx_HAL_Driver/Src/stm32f4xx_hal_sd.o
 .text.HAL_UART_Init
                0x00000000080094ee       0x9a src/lib/stm32f411ceu6_fw_module/Drivers/STM32F4xx_HAL_Driver/Src/stm32f4xx_hal_uart.o
                0x00000000080094ee                HAL_UART_Init
 .text.HAL_UART_DeInit
                0x0000000008009588       0x5e src/lib/stm32f411ceu6_fw_module/Drivers/STM32F4xx_HAL_Driver/Src/stm32f4xx_hal_uart.o
                0x0000000008009588                HAL_UART_DeInit
 *fill*         0x00000000080095e6        0x2 
 .text.HAL_UART_Transmit_DMA
                0x00000000080095e8       0xfc src/lib/stm32f411ceu6_fw_module/Drivers/STM32F4xx_HAL_Driver/Src/stm32f4xx_hal_uart.o
                0x00000000080095e8                HAL_UART_Transmit_DMA
 .text.HAL_UART_Receive_DMA
                0x00000000080096e4       0x60 src/lib/stm32f411ceu6_fw_module/Drivers/STM32F4xx_HAL_Driver/Src/stm32f4xx_hal_uart.o
                0x00000000080096e4                HAL_UART_Receive_DMA
 .text.HAL_UART_IRQHandler
                0x0000000008009744      0x51c src/lib/stm32f411ceu6_fw_module/Drivers/STM32F4xx_HAL_Driver/Src/stm32f4xx_hal_uart.o
                0x0000000008009744                HAL_UART_IRQHandler
 .text.HAL_UART_TxHalfCpltCallback
                0x0000000008009c60       0x14 src/lib/stm32f411ceu6_fw_module/Drivers/STM32F4xx_HAL_Driver/Src/stm32f4xx_hal_uart.o
                0x0000000008009c60                HAL_UART_TxHalfCpltCallback
 .text.HAL_UART_RxHalfCpltCallback
                0x0000000008009c74       0x14 src/lib/stm32f411ceu6_fw_module/Drivers/STM32F4xx_HAL_Driver/Src/stm32f4xx_hal_uart.o
                0x0000000008009c74                HAL_UART_RxHalfCpltCallback
 .text.HAL_UARTEx_RxEventCallback
                0x0000000008009c88       0x18 src/lib/stm32f411ceu6_fw_module/Drivers/STM32F4xx_HAL_Driver/Src/stm32f4xx_hal_uart.o
                0x0000000008009c88                HAL_UARTEx_RxEventCallback
 .text.UART_DMATransmitCplt
                0x0000000008009ca0       0x9a src/lib/stm32f411ceu6_fw_module/Drivers/STM32F4xx_HAL_Driver/Src/stm32f4xx_hal_uart.o
 .text.UART_DMATxHalfCplt
                0x0000000008009d3a       0x1c src/lib/stm32f411ceu6_fw_module/Drivers/STM32F4xx_HAL_Driver/Src/stm32f4xx_hal_uart.o
 .text.UART_DMAReceiveCplt
                0x0000000008009d56      0x126 src/lib/stm32f411ceu6_fw_module/Drivers/STM32F4xx_HAL_Driver/Src/stm32f4xx_hal_uart.o
 .text.UART_DMARxHalfCplt
                0x0000000008009e7c       0x36 src/lib/stm32f411ceu6_fw_module/Drivers/STM32F4xx_HAL_Driver/Src/stm32f4xx_hal_uart.o
 .text.UART_DMAError
                0x0000000008009eb2       0x94 src/lib/stm32f411ceu6_fw_module/Drivers/STM32F4xx_HAL_Driver/Src/stm32f4xx_hal_uart.o
 *fill*         0x0000000008009f46        0x2 
 .text.UART_Start_Receive_DMA
                0x0000000008009f48      0x134 src/lib/stm32f411ceu6_fw_module/Drivers/STM32F4xx_HAL_Driver/Src/stm32f4xx_hal_uart.o
                0x0000000008009f48                UART_Start_Receive_DMA
 .text.UART_EndTxTransfer
                0x000000000800a07c       0x50 src/lib/stm32f411ceu6_fw_module/Drivers/STM32F4xx_HAL_Driver/Src/stm32f4xx_hal_uart.o
 .text.UART_EndRxTransfer
                0x000000000800a0cc       0xc6 src/lib/stm32f411ceu6_fw_module/Drivers/STM32F4xx_HAL_Driver/Src/stm32f4xx_hal_uart.o
 .text.UART_DMAAbortOnError
                0x000000000800a192       0x28 src/lib/stm32f411ceu6_fw_module/Drivers/STM32F4xx_HAL_Driver/Src/stm32f4xx_hal_uart.o
 .text.UART_Transmit_IT
                0x000000000800a1ba       0xa0 src/lib/stm32f411ceu6_fw_module/Drivers/STM32F4xx_HAL_Driver/Src/stm32f4xx_hal_uart.o
 .text.UART_EndTransmit_IT
                0x000000000800a25a       0x30 src/lib/stm32f411ceu6_fw_module/Drivers/STM32F4xx_HAL_Driver/Src/stm32f4xx_hal_uart.o
 .text.UART_Receive_IT
                0x000000000800a28a      0x176 src/lib/stm32f411ceu6_fw_module/Drivers/STM32F4xx_HAL_Driver/Src/stm32f4xx_hal_uart.o
 .text.UART_SetConfig
                0x000000000800a400      0x390 src/lib/stm32f411ceu6_fw_module/Drivers/STM32F4xx_HAL_Driver/Src/stm32f4xx_hal_uart.o
 .text.SDIO_Init
                0x000000000800a790       0x56 src/lib/stm32f411ceu6_fw_module/Drivers/STM32F4xx_HAL_Driver/Src/stm32f4xx_ll_sdmmc.o
                0x000000000800a790                SDIO_Init
 .text.SDIO_ReadFIFO
                0x000000000800a7e6       0x1a src/lib/stm32f411ceu6_fw_module/Drivers/STM32F4xx_HAL_Driver/Src/stm32f4xx_ll_sdmmc.o
                0x000000000800a7e6                SDIO_ReadFIFO
 .text.SDIO_WriteFIFO
                0x000000000800a800       0x22 src/lib/stm32f411ceu6_fw_module/Drivers/STM32F4xx_HAL_Driver/Src/stm32f4xx_ll_sdmmc.o
                0x000000000800a800                SDIO_WriteFIFO
 .text.SDIO_PowerState_ON
                0x000000000800a822       0x1e src/lib/stm32f411ceu6_fw_module/Drivers/STM32F4xx_HAL_Driver/Src/stm32f4xx_ll_sdmmc.o
                0x000000000800a822                SDIO_PowerState_ON
 .text.SDIO_GetPowerState
                0x000000000800a840       0x1c src/lib/stm32f411ceu6_fw_module/Drivers/STM32F4xx_HAL_Driver/Src/stm32f4xx_ll_sdmmc.o
                0x000000000800a840                SDIO_GetPowerState
 .text.SDIO_SendCommand
                0x000000000800a85c       0x54 src/lib/stm32f411ceu6_fw_module/Drivers/STM32F4xx_HAL_Driver/Src/stm32f4xx_ll_sdmmc.o
                0x000000000800a85c                SDIO_SendCommand
 .text.SDIO_GetCommandResponse
                0x000000000800a8b0       0x1a src/lib/stm32f411ceu6_fw_module/Drivers/STM32F4xx_HAL_Driver/Src/stm32f4xx_ll_sdmmc.o
                0x000000000800a8b0                SDIO_GetCommandResponse
 .text.SDIO_GetResponse
                0x000000000800a8ca       0x26 src/lib/stm32f411ceu6_fw_module/Drivers/STM32F4xx_HAL_Driver/Src/stm32f4xx_ll_sdmmc.o
                0x000000000800a8ca                SDIO_GetResponse
 .text.SDIO_ConfigData
                0x000000000800a8f0       0x58 src/lib/stm32f411ceu6_fw_module/Drivers/STM32F4xx_HAL_Driver/Src/stm32f4xx_ll_sdmmc.o
                0x000000000800a8f0                SDIO_ConfigData
 .text.SDMMC_CmdBlockLength
                0x000000000800a948       0x44 src/lib/stm32f411ceu6_fw_module/Drivers/STM32F4xx_HAL_Driver/Src/stm32f4xx_ll_sdmmc.o
                0x000000000800a948                SDMMC_CmdBlockLength
 .text.SDMMC_CmdReadSingleBlock
                0x000000000800a98c       0x44 src/lib/stm32f411ceu6_fw_module/Drivers/STM32F4xx_HAL_Driver/Src/stm32f4xx_ll_sdmmc.o
                0x000000000800a98c                SDMMC_CmdReadSingleBlock
 .text.SDMMC_CmdReadMultiBlock
                0x000000000800a9d0       0x44 src/lib/stm32f411ceu6_fw_module/Drivers/STM32F4xx_HAL_Driver/Src/stm32f4xx_ll_sdmmc.o
                0x000000000800a9d0                SDMMC_CmdReadMultiBlock
 .text.SDMMC_CmdWriteSingleBlock
                0x000000000800aa14       0x44 src/lib/stm32f411ceu6_fw_module/Drivers/STM32F4xx_HAL_Driver/Src/stm32f4xx_ll_sdmmc.o
                0x000000000800aa14                SDMMC_CmdWriteSingleBlock
 .text.SDMMC_CmdWriteMultiBlock
                0x000000000800aa58       0x44 src/lib/stm32f411ceu6_fw_module/Drivers/STM32F4xx_HAL_Driver/Src/stm32f4xx_ll_sdmmc.o
                0x000000000800aa58                SDMMC_CmdWriteMultiBlock
 .text.SDMMC_CmdStopTransfer
                0x000000000800aa9c       0x44 src/lib/stm32f411ceu6_fw_module/Drivers/STM32F4xx_HAL_Driver/Src/stm32f4xx_ll_sdmmc.o
                0x000000000800aa9c                SDMMC_CmdStopTransfer
 .text.SDMMC_CmdSelDesel
                0x000000000800aae0       0x46 src/lib/stm32f411ceu6_fw_module/Drivers/STM32F4xx_HAL_Driver/Src/stm32f4xx_ll_sdmmc.o
                0x000000000800aae0                SDMMC_CmdSelDesel
 .text.SDMMC_CmdGoIdleState
                0x000000000800ab26       0x3c src/lib/stm32f411ceu6_fw_module/Drivers/STM32F4xx_HAL_Driver/Src/stm32f4xx_ll_sdmmc.o
                0x000000000800ab26                SDMMC_CmdGoIdleState
 .text.SDMMC_CmdOperCond
                0x000000000800ab62       0x3e src/lib/stm32f411ceu6_fw_module/Drivers/STM32F4xx_HAL_Driver/Src/stm32f4xx_ll_sdmmc.o
                0x000000000800ab62                SDMMC_CmdOperCond
 .text.SDMMC_CmdAppCommand
                0x000000000800aba0       0x44 src/lib/stm32f411ceu6_fw_module/Drivers/STM32F4xx_HAL_Driver/Src/stm32f4xx_ll_sdmmc.o
                0x000000000800aba0                SDMMC_CmdAppCommand
 .text.SDMMC_CmdAppOperCommand
                0x000000000800abe4       0x46 src/lib/stm32f411ceu6_fw_module/Drivers/STM32F4xx_HAL_Driver/Src/stm32f4xx_ll_sdmmc.o
                0x000000000800abe4                SDMMC_CmdAppOperCommand
 .text.SDMMC_CmdBusWidth
                0x000000000800ac2a       0x44 src/lib/stm32f411ceu6_fw_module/Drivers/STM32F4xx_HAL_Driver/Src/stm32f4xx_ll_sdmmc.o
                0x000000000800ac2a                SDMMC_CmdBusWidth
 .text.SDMMC_CmdSendSCR
                0x000000000800ac6e       0x42 src/lib/stm32f411ceu6_fw_module/Drivers/STM32F4xx_HAL_Driver/Src/stm32f4xx_ll_sdmmc.o
                0x000000000800ac6e                SDMMC_CmdSendSCR
 .text.SDMMC_CmdSendCID
                0x000000000800acb0       0x3c src/lib/stm32f411ceu6_fw_module/Drivers/STM32F4xx_HAL_Driver/Src/stm32f4xx_ll_sdmmc.o
                0x000000000800acb0                SDMMC_CmdSendCID
 .text.SDMMC_CmdSendCSD
                0x000000000800acec       0x3e src/lib/stm32f411ceu6_fw_module/Drivers/STM32F4xx_HAL_Driver/Src/stm32f4xx_ll_sdmmc.o
                0x000000000800acec                SDMMC_CmdSendCSD
 .text.SDMMC_CmdSetRelAdd
                0x000000000800ad2a       0x42 src/lib/stm32f411ceu6_fw_module/Drivers/STM32F4xx_HAL_Driver/Src/stm32f4xx_ll_sdmmc.o
                0x000000000800ad2a                SDMMC_CmdSetRelAdd
 .text.SDMMC_CmdSendStatus
                0x000000000800ad6c       0x44 src/lib/stm32f411ceu6_fw_module/Drivers/STM32F4xx_HAL_Driver/Src/stm32f4xx_ll_sdmmc.o
                0x000000000800ad6c                SDMMC_CmdSendStatus
 .text.SDMMC_GetCmdError
                0x000000000800adb0       0x58 src/lib/stm32f411ceu6_fw_module/Drivers/STM32F4xx_HAL_Driver/Src/stm32f4xx_ll_sdmmc.o
 .text.SDMMC_GetCmdResp1
                0x000000000800ae08      0x1dc src/lib/stm32f411ceu6_fw_module/Drivers/STM32F4xx_HAL_Driver/Src/stm32f4xx_ll_sdmmc.o
 .text.SDMMC_GetCmdResp2
                0x000000000800afe4       0x90 src/lib/stm32f411ceu6_fw_module/Drivers/STM32F4xx_HAL_Driver/Src/stm32f4xx_ll_sdmmc.o
 .text.SDMMC_GetCmdResp3
                0x000000000800b074       0x7c src/lib/stm32f411ceu6_fw_module/Drivers/STM32F4xx_HAL_Driver/Src/stm32f4xx_ll_sdmmc.o
 .text.SDMMC_GetCmdResp6
                0x000000000800b0f0       0xec src/lib/stm32f411ceu6_fw_module/Drivers/STM32F4xx_HAL_Driver/Src/stm32f4xx_ll_sdmmc.o
 .text.SDMMC_GetCmdResp7
                0x000000000800b1dc       0x9c src/lib/stm32f411ceu6_fw_module/Drivers/STM32F4xx_HAL_Driver/Src/stm32f4xx_ll_sdmmc.o
 .text.main     0x000000000800b278       0x16 src/main.o
                0x000000000800b278                main
 *fill*         0x000000000800b28e        0x2 
 .text.__errno  0x000000000800b290        0xc c:/st/stm32cubeide_1.6.0/stm32cubeide/plugins/com.st.stm32cube.ide.mcu.externaltools.gnu-tools-for-stm32.9-2020-q2-update.win32_1.5.0.202011040924/tools/bin/../lib/gcc/arm-none-eabi/9.3.1/../../../../arm-none-eabi/lib/thumb/v7e-m+fp/hard\libc_nano.a(lib_a-errno.o)
                0x000000000800b290                __errno
 .text.__libc_init_array
                0x000000000800b29c       0x48 c:/st/stm32cubeide_1.6.0/stm32cubeide/plugins/com.st.stm32cube.ide.mcu.externaltools.gnu-tools-for-stm32.9-2020-q2-update.win32_1.5.0.202011040924/tools/bin/../lib/gcc/arm-none-eabi/9.3.1/../../../../arm-none-eabi/lib/thumb/v7e-m+fp/hard\libc_nano.a(lib_a-init.o)
                0x000000000800b29c                __libc_init_array
 .text.memset   0x000000000800b2e4       0x10 c:/st/stm32cubeide_1.6.0/stm32cubeide/plugins/com.st.stm32cube.ide.mcu.externaltools.gnu-tools-for-stm32.9-2020-q2-update.win32_1.5.0.202011040924/tools/bin/../lib/gcc/arm-none-eabi/9.3.1/../../../../arm-none-eabi/lib/thumb/v7e-m+fp/hard\libc_nano.a(lib_a-memset.o)
                0x000000000800b2e4                memset
 .text._vsnprintf_r
                0x000000000800b2f4       0x58 c:/st/stm32cubeide_1.6.0/stm32cubeide/plugins/com.st.stm32cube.ide.mcu.externaltools.gnu-tools-for-stm32.9-2020-q2-update.win32_1.5.0.202011040924/tools/bin/../lib/gcc/arm-none-eabi/9.3.1/../../../../arm-none-eabi/lib/thumb/v7e-m+fp/hard\libc_nano.a(lib_a-vsnprintf.o)
                0x000000000800b2f4                _vsniprintf_r
                0x000000000800b2f4                _vsnprintf_r
 .text.vsnprintf
                0x000000000800b34c       0x1c c:/st/stm32cubeide_1.6.0/stm32cubeide/plugins/com.st.stm32cube.ide.mcu.externaltools.gnu-tools-for-stm32.9-2020-q2-update.win32_1.5.0.202011040924/tools/bin/../lib/gcc/arm-none-eabi/9.3.1/../../../../arm-none-eabi/lib/thumb/v7e-m+fp/hard\libc_nano.a(lib_a-vsnprintf.o)
                0x000000000800b34c                vsniprintf
                0x000000000800b34c                vsnprintf
 .text.__ssputs_r
                0x000000000800b368       0xb6 c:/st/stm32cubeide_1.6.0/stm32cubeide/plugins/com.st.stm32cube.ide.mcu.externaltools.gnu-tools-for-stm32.9-2020-q2-update.win32_1.5.0.202011040924/tools/bin/../lib/gcc/arm-none-eabi/9.3.1/../../../../arm-none-eabi/lib/thumb/v7e-m+fp/hard\libc_nano.a(lib_a-nano-svfprintf.o)
                0x000000000800b368                __ssputs_r
 *fill*         0x000000000800b41e        0x2 
 .text._svfprintf_r
                0x000000000800b420      0x200 c:/st/stm32cubeide_1.6.0/stm32cubeide/plugins/com.st.stm32cube.ide.mcu.externaltools.gnu-tools-for-stm32.9-2020-q2-update.win32_1.5.0.202011040924/tools/bin/../lib/gcc/arm-none-eabi/9.3.1/../../../../arm-none-eabi/lib/thumb/v7e-m+fp/hard\libc_nano.a(lib_a-nano-svfprintf.o)
                0x000000000800b420                _svfiprintf_r
                0x000000000800b420                _svfprintf_r
 .text._printf_common
                0x000000000800b620       0xda c:/st/stm32cubeide_1.6.0/stm32cubeide/plugins/com.st.stm32cube.ide.mcu.externaltools.gnu-tools-for-stm32.9-2020-q2-update.win32_1.5.0.202011040924/tools/bin/../lib/gcc/arm-none-eabi/9.3.1/../../../../arm-none-eabi/lib/thumb/v7e-m+fp/hard\libc_nano.a(lib_a-nano-vfprintf_i.o)
                0x000000000800b620                _printf_common
 *fill*         0x000000000800b6fa        0x2 
 .text._printf_i
                0x000000000800b6fc      0x24c c:/st/stm32cubeide_1.6.0/stm32cubeide/plugins/com.st.stm32cube.ide.mcu.externaltools.gnu-tools-for-stm32.9-2020-q2-update.win32_1.5.0.202011040924/tools/bin/../lib/gcc/arm-none-eabi/9.3.1/../../../../arm-none-eabi/lib/thumb/v7e-m+fp/hard\libc_nano.a(lib_a-nano-vfprintf_i.o)
                0x000000000800b6fc                _printf_i
 .text.memcpy   0x000000000800b948       0x1c c:/st/stm32cubeide_1.6.0/stm32cubeide/plugins/com.st.stm32cube.ide.mcu.externaltools.gnu-tools-for-stm32.9-2020-q2-update.win32_1.5.0.202011040924/tools/bin/../lib/gcc/arm-none-eabi/9.3.1/../../../../arm-none-eabi/lib/thumb/v7e-m+fp/hard\libc_nano.a(lib_a-memcpy-stub.o)
                0x000000000800b948                memcpy
 .text.memmove  0x000000000800b964       0x34 c:/st/stm32cubeide_1.6.0/stm32cubeide/plugins/com.st.stm32cube.ide.mcu.externaltools.gnu-tools-for-stm32.9-2020-q2-update.win32_1.5.0.202011040924/tools/bin/../lib/gcc/arm-none-eabi/9.3.1/../../../../arm-none-eabi/lib/thumb/v7e-m+fp/hard\libc_nano.a(lib_a-memmove.o)
                0x000000000800b964                memmove
 .text._free_r  0x000000000800b998       0xa0 c:/st/stm32cubeide_1.6.0/stm32cubeide/plugins/com.st.stm32cube.ide.mcu.externaltools.gnu-tools-for-stm32.9-2020-q2-update.win32_1.5.0.202011040924/tools/bin/../lib/gcc/arm-none-eabi/9.3.1/../../../../arm-none-eabi/lib/thumb/v7e-m+fp/hard\libc_nano.a(lib_a-nano-freer.o)
                0x000000000800b998                _free_r
 .text._malloc_r
                0x000000000800ba38       0xb4 c:/st/stm32cubeide_1.6.0/stm32cubeide/plugins/com.st.stm32cube.ide.mcu.externaltools.gnu-tools-for-stm32.9-2020-q2-update.win32_1.5.0.202011040924/tools/bin/../lib/gcc/arm-none-eabi/9.3.1/../../../../arm-none-eabi/lib/thumb/v7e-m+fp/hard\libc_nano.a(lib_a-nano-mallocr.o)
                0x000000000800ba38                _malloc_r
 .text._realloc_r
                0x000000000800baec       0x4c c:/st/stm32cubeide_1.6.0/stm32cubeide/plugins/com.st.stm32cube.ide.mcu.externaltools.gnu-tools-for-stm32.9-2020-q2-update.win32_1.5.0.202011040924/tools/bin/../lib/gcc/arm-none-eabi/9.3.1/../../../../arm-none-eabi/lib/thumb/v7e-m+fp/hard\libc_nano.a(lib_a-nano-reallocr.o)
                0x000000000800baec                _realloc_r
 .text._sbrk_r  0x000000000800bb38       0x20 c:/st/stm32cubeide_1.6.0/stm32cubeide/plugins/com.st.stm32cube.ide.mcu.externaltools.gnu-tools-for-stm32.9-2020-q2-update.win32_1.5.0.202011040924/tools/bin/../lib/gcc/arm-none-eabi/9.3.1/../../../../arm-none-eabi/lib/thumb/v7e-m+fp/hard\libc_nano.a(lib_a-sbrkr.o)
                0x000000000800bb38                _sbrk_r
 .text.__malloc_lock
                0x000000000800bb58        0xc c:/st/stm32cubeide_1.6.0/stm32cubeide/plugins/com.st.stm32cube.ide.mcu.externaltools.gnu-tools-for-stm32.9-2020-q2-update.win32_1.5.0.202011040924/tools/bin/../lib/gcc/arm-none-eabi/9.3.1/../../../../arm-none-eabi/lib/thumb/v7e-m+fp/hard\libc_nano.a(lib_a-mlock.o)
                0x000000000800bb58                __malloc_lock
 .text.__malloc_unlock
                0x000000000800bb64        0xc c:/st/stm32cubeide_1.6.0/stm32cubeide/plugins/com.st.stm32cube.ide.mcu.externaltools.gnu-tools-for-stm32.9-2020-q2-update.win32_1.5.0.202011040924/tools/bin/../lib/gcc/arm-none-eabi/9.3.1/../../../../arm-none-eabi/lib/thumb/v7e-m+fp/hard\libc_nano.a(lib_a-mlock.o)
                0x000000000800bb64                __malloc_unlock
 .text._malloc_usable_size_r
                0x000000000800bb70       0x10 c:/st/stm32cubeide_1.6.0/stm32cubeide/plugins/com.st.stm32cube.ide.mcu.externaltools.gnu-tools-for-stm32.9-2020-q2-update.win32_1.5.0.202011040924/tools/bin/../lib/gcc/arm-none-eabi/9.3.1/../../../../arm-none-eabi/lib/thumb/v7e-m+fp/hard\libc_nano.a(lib_a-nano-msizer.o)
                0x000000000800bb70                _malloc_usable_size_r
 .text.__retarget_lock_acquire_recursive
                0x000000000800bb80        0x2 c:/st/stm32cubeide_1.6.0/stm32cubeide/plugins/com.st.stm32cube.ide.mcu.externaltools.gnu-tools-for-stm32.9-2020-q2-update.win32_1.5.0.202011040924/tools/bin/../lib/gcc/arm-none-eabi/9.3.1/../../../../arm-none-eabi/lib/thumb/v7e-m+fp/hard\libc_nano.a(lib_a-lock.o)
                0x000000000800bb80                __retarget_lock_acquire_recursive
 .text.__retarget_lock_release_recursive
                0x000000000800bb82        0x2 c:/st/stm32cubeide_1.6.0/stm32cubeide/plugins/com.st.stm32cube.ide.mcu.externaltools.gnu-tools-for-stm32.9-2020-q2-update.win32_1.5.0.202011040924/tools/bin/../lib/gcc/arm-none-eabi/9.3.1/../../../../arm-none-eabi/lib/thumb/v7e-m+fp/hard\libc_nano.a(lib_a-lock.o)
                0x000000000800bb82                __retarget_lock_release_recursive
 *(.glue_7)
 .glue_7        0x000000000800bb84        0x0 linker stubs
 *(.glue_7t)
 .glue_7t       0x000000000800bb84        0x0 linker stubs
 *(.eh_frame)
 .eh_frame      0x000000000800bb84        0x0 c:/st/stm32cubeide_1.6.0/stm32cubeide/plugins/com.st.stm32cube.ide.mcu.externaltools.gnu-tools-for-stm32.9-2020-q2-update.win32_1.5.0.202011040924/tools/bin/../lib/gcc/arm-none-eabi/9.3.1/thumb/v7e-m+fp/hard/crtbegin.o
 *(.init)
 .init          0x000000000800bb84        0x4 c:/st/stm32cubeide_1.6.0/stm32cubeide/plugins/com.st.stm32cube.ide.mcu.externaltools.gnu-tools-for-stm32.9-2020-q2-update.win32_1.5.0.202011040924/tools/bin/../lib/gcc/arm-none-eabi/9.3.1/thumb/v7e-m+fp/hard/crti.o
                0x000000000800bb84                _init
 .init          0x000000000800bb88        0x8 c:/st/stm32cubeide_1.6.0/stm32cubeide/plugins/com.st.stm32cube.ide.mcu.externaltools.gnu-tools-for-stm32.9-2020-q2-update.win32_1.5.0.202011040924/tools/bin/../lib/gcc/arm-none-eabi/9.3.1/thumb/v7e-m+fp/hard/crtn.o
 *(.fini)
 .fini          0x000000000800bb90        0x4 c:/st/stm32cubeide_1.6.0/stm32cubeide/plugins/com.st.stm32cube.ide.mcu.externaltools.gnu-tools-for-stm32.9-2020-q2-update.win32_1.5.0.202011040924/tools/bin/../lib/gcc/arm-none-eabi/9.3.1/thumb/v7e-m+fp/hard/crti.o
                0x000000000800bb90                _fini
 .fini          0x000000000800bb94        0x8 c:/st/stm32cubeide_1.6.0/stm32cubeide/plugins/com.st.stm32cube.ide.mcu.externaltools.gnu-tools-for-stm32.9-2020-q2-update.win32_1.5.0.202011040924/tools/bin/../lib/gcc/arm-none-eabi/9.3.1/thumb/v7e-m+fp/hard/crtn.o
                0x000000000800bb9c                . = ALIGN (0x4)
                0x000000000800bb9c                _etext = .

.vfp11_veneer   0x000000000800bb9c        0x0
 .vfp11_veneer  0x000000000800bb9c        0x0 linker stubs

.v4_bx          0x000000000800bb9c        0x0
 .v4_bx         0x000000000800bb9c        0x0 linker stubs

.iplt           0x000000000800bb9c        0x0
 .iplt          0x000000000800bb9c        0x0 c:/st/stm32cubeide_1.6.0/stm32cubeide/plugins/com.st.stm32cube.ide.mcu.externaltools.gnu-tools-for-stm32.9-2020-q2-update.win32_1.5.0.202011040924/tools/bin/../lib/gcc/arm-none-eabi/9.3.1/thumb/v7e-m+fp/hard/crtbegin.o

.rodata         0x000000000800bb9c      0xa54
                0x000000000800bb9c                . = ALIGN (0x4)
 *(.rodata)
 .rodata        0x000000000800bb9c      0x561 src/ap/ap.o
 *fill*         0x000000000800c0fd        0x3 
 .rodata        0x000000000800c100       0x48 src/lib/FatFs/src/ff.o
 *(.rodata*)
 .rodata.AHBPrescTable
                0x000000000800c148       0x10 src/bsp/system_stm32f4xx.o
                0x000000000800c148                AHBPrescTable
 .rodata.APBPrescTable
                0x000000000800c158        0x8 src/bsp/system_stm32f4xx.o
                0x000000000800c158                APBPrescTable
 .rodata.SD_Driver
                0x000000000800c160       0x14 src/hw/driver/fatfs/sd_diskio.o
                0x000000000800c160                SD_Driver
 .rodata.ExCvt  0x000000000800c174       0x80 src/lib/FatFs/src/ff.o
 .rodata.LfnOfs
                0x000000000800c1f4        0xd src/lib/FatFs/src/ff.o
 *fill*         0x000000000800c201        0x3 
 .rodata.Tbl    0x000000000800c204      0x100 src/lib/FatFs/src/option/unicode.o
 .rodata.cvt1.5725
                0x000000000800c304      0x1f2 src/lib/FatFs/src/option/unicode.o
 *fill*         0x000000000800c4f6        0x2 
 .rodata.cvt2.5726
                0x000000000800c4f8       0xbc src/lib/FatFs/src/option/unicode.o
 .rodata.flagBitshiftOffset.7934
                0x000000000800c5b4        0x8 src/lib/stm32f411ceu6_fw_module/Drivers/STM32F4xx_HAL_Driver/Src/stm32f4xx_hal_dma.o
 .rodata._svfprintf_r.str1.1
                0x000000000800c5bc       0x11 c:/st/stm32cubeide_1.6.0/stm32cubeide/plugins/com.st.stm32cube.ide.mcu.externaltools.gnu-tools-for-stm32.9-2020-q2-update.win32_1.5.0.202011040924/tools/bin/../lib/gcc/arm-none-eabi/9.3.1/../../../../arm-none-eabi/lib/thumb/v7e-m+fp/hard\libc_nano.a(lib_a-nano-svfprintf.o)
 .rodata._printf_i.str1.1
                0x000000000800c5cd       0x22 c:/st/stm32cubeide_1.6.0/stm32cubeide/plugins/com.st.stm32cube.ide.mcu.externaltools.gnu-tools-for-stm32.9-2020-q2-update.win32_1.5.0.202011040924/tools/bin/../lib/gcc/arm-none-eabi/9.3.1/../../../../arm-none-eabi/lib/thumb/v7e-m+fp/hard\libc_nano.a(lib_a-nano-vfprintf_i.o)
                0x000000000800c5f0                . = ALIGN (0x4)
 *fill*         0x000000000800c5ef        0x1 

.ARM.extab      0x000000000800c5f0        0x0
                0x000000000800c5f0                . = ALIGN (0x4)
 *(.ARM.extab* .gnu.linkonce.armextab.*)
                0x000000000800c5f0                . = ALIGN (0x4)

.ARM            0x000000000800c5f0        0x8
                0x000000000800c5f0                . = ALIGN (0x4)
                0x000000000800c5f0                __exidx_start = .
 *(.ARM.exidx*)
 .ARM.exidx     0x000000000800c5f0        0x8 c:/st/stm32cubeide_1.6.0/stm32cubeide/plugins/com.st.stm32cube.ide.mcu.externaltools.gnu-tools-for-stm32.9-2020-q2-update.win32_1.5.0.202011040924/tools/bin/../lib/gcc/arm-none-eabi/9.3.1/thumb/v7e-m+fp/hard\libgcc.a(_udivmoddi4.o)
                0x000000000800c5f8                __exidx_end = .
                0x000000000800c5f8                . = ALIGN (0x4)

.rel.dyn        0x000000000800c5f8        0x0
 .rel.iplt      0x000000000800c5f8        0x0 c:/st/stm32cubeide_1.6.0/stm32cubeide/plugins/com.st.stm32cube.ide.mcu.externaltools.gnu-tools-for-stm32.9-2020-q2-update.win32_1.5.0.202011040924/tools/bin/../lib/gcc/arm-none-eabi/9.3.1/thumb/v7e-m+fp/hard/crtbegin.o

.preinit_array  0x000000000800c5f8        0x0
                0x000000000800c5f8                . = ALIGN (0x4)
                0x000000000800c5f8                PROVIDE (__preinit_array_start = .)
 *(.preinit_array*)
                0x000000000800c5f8                PROVIDE (__preinit_array_end = .)
                0x000000000800c5f8                . = ALIGN (0x4)

.init_array     0x000000000800c5f8        0x4
                0x000000000800c5f8                . = ALIGN (0x4)
                0x000000000800c5f8                PROVIDE (__init_array_start = .)
 *(SORT_BY_NAME(.init_array.*))
 *(.init_array*)
 .init_array    0x000000000800c5f8        0x4 c:/st/stm32cubeide_1.6.0/stm32cubeide/plugins/com.st.stm32cube.ide.mcu.externaltools.gnu-tools-for-stm32.9-2020-q2-update.win32_1.5.0.202011040924/tools/bin/../lib/gcc/arm-none-eabi/9.3.1/thumb/v7e-m+fp/hard/crtbegin.o
                0x000000000800c5fc                PROVIDE (__init_array_end = .)
                0x000000000800c5fc                . = ALIGN (0x4)

.fini_array     0x000000000800c5fc        0x4
                0x000000000800c5fc                . = ALIGN (0x4)
                [!provide]                        PROVIDE (__fini_array_start = .)
 *(SORT_BY_NAME(.fini_array.*))
 *(.fini_array*)
 .fini_array    0x000000000800c5fc        0x4 c:/st/stm32cubeide_1.6.0/stm32cubeide/plugins/com.st.stm32cube.ide.mcu.externaltools.gnu-tools-for-stm32.9-2020-q2-update.win32_1.5.0.202011040924/tools/bin/../lib/gcc/arm-none-eabi/9.3.1/thumb/v7e-m+fp/hard/crtbegin.o
                [!provide]                        PROVIDE (__fini_array_end = .)
                0x000000000800c600                . = ALIGN (0x4)
                0x000000000800c600                _sidata = LOADADDR (.data)

.data           0x0000000020000000       0x88 load address 0x000000000800c600
                0x0000000020000000                . = ALIGN (0x4)
                0x0000000020000000                _sdata = .
 *(.data)
 *(.data*)
 .data.SystemCoreClock
                0x0000000020000000        0x4 src/bsp/system_stm32f4xx.o
                0x0000000020000000                SystemCoreClock
 .data.Stat     0x0000000020000004        0x1 src/hw/driver/fatfs/sd_diskio.o
 *fill*         0x0000000020000005        0x3 
 .data.gpio_tbl
                0x0000000020000008        0xc src/hw/driver/gpio.o
                0x0000000020000008                gpio_tbl
 .data.led_tbl  0x0000000020000014        0x8 src/hw/driver/led.o
                0x0000000020000014                led_tbl
 .data.uwTickPrio
                0x000000002000001c        0x4 src/lib/stm32f411ceu6_fw_module/Drivers/STM32F4xx_HAL_Driver/Src/stm32f4xx_hal.o
                0x000000002000001c                uwTickPrio
 .data.uwTickFreq
                0x0000000020000020        0x1 src/lib/stm32f411ceu6_fw_module/Drivers/STM32F4xx_HAL_Driver/Src/stm32f4xx_hal.o
                0x0000000020000020                uwTickFreq
 *fill*         0x0000000020000021        0x3 
 .data._impure_ptr
                0x0000000020000024        0x4 c:/st/stm32cubeide_1.6.0/stm32cubeide/plugins/com.st.stm32cube.ide.mcu.externaltools.gnu-tools-for-stm32.9-2020-q2-update.win32_1.5.0.202011040924/tools/bin/../lib/gcc/arm-none-eabi/9.3.1/../../../../arm-none-eabi/lib/thumb/v7e-m+fp/hard\libc_nano.a(lib_a-impure.o)
                0x0000000020000024                _impure_ptr
 .data.impure_data
                0x0000000020000028       0x60 c:/st/stm32cubeide_1.6.0/stm32cubeide/plugins/com.st.stm32cube.ide.mcu.externaltools.gnu-tools-for-stm32.9-2020-q2-update.win32_1.5.0.202011040924/tools/bin/../lib/gcc/arm-none-eabi/9.3.1/../../../../arm-none-eabi/lib/thumb/v7e-m+fp/hard\libc_nano.a(lib_a-impure.o)
 *(.RamFunc)
 *(.RamFunc*)
                0x0000000020000088                . = ALIGN (0x4)
                0x0000000020000088                _edata = .

.igot.plt       0x0000000020000088        0x0 load address 0x000000000800c688
 .igot.plt      0x0000000020000088        0x0 c:/st/stm32cubeide_1.6.0/stm32cubeide/plugins/com.st.stm32cube.ide.mcu.externaltools.gnu-tools-for-stm32.9-2020-q2-update.win32_1.5.0.202011040924/tools/bin/../lib/gcc/arm-none-eabi/9.3.1/thumb/v7e-m+fp/hard/crtbegin.o
                0x0000000020000088                . = ALIGN (0x4)

.bss            0x0000000020000088      0x818 load address 0x000000000800c688
                0x0000000020000088                _sbss = .
                0x0000000020000088                __bss_start__ = _sbss
 *(.bss)
 .bss           0x0000000020000088       0x1c c:/st/stm32cubeide_1.6.0/stm32cubeide/plugins/com.st.stm32cube.ide.mcu.externaltools.gnu-tools-for-stm32.9-2020-q2-update.win32_1.5.0.202011040924/tools/bin/../lib/gcc/arm-none-eabi/9.3.1/thumb/v7e-m+fp/hard/crtbegin.o
 *(.bss*)
 .bss.__sbrk_heap_end
                0x00000000200000a4        0x4 src/bsp/sysmem.o
 .bss.is_init   0x00000000200000a8        0x1 src/hw/driver/fatfs.o
 .bss.is_init   0x00000000200000a9        0x1 src/hw/driver/sd.o
 .bss.is_detected
                0x00000000200000aa        0x1 src/hw/driver/sd.o
 .bss.is_rx_done
                0x00000000200000ab        0x1 src/hw/driver/sd.o
 .bss.is_tx_done
                0x00000000200000ac        0x1 src/hw/driver/sd.o
 *fill*         0x00000000200000ad        0x3 
 .bss.is_open   0x00000000200000b0        0x1 src/hw/driver/uart.o
 *fill*         0x00000000200000b1        0x3 
 .bss.qbuffer   0x00000000200000b4       0x10 src/hw/driver/uart.o
 .bss.rx_buf    0x00000000200000c4      0x100 src/hw/driver/uart.o
 .bss.tx_buf    0x00000000200001c4      0x100 src/hw/driver/uart.o
 .bss.FatFs     0x00000000200002c4        0x8 src/lib/FatFs/src/ff.o
 .bss.Fsid      0x00000000200002cc        0x2 src/lib/FatFs/src/ff.o
 *fill*         0x00000000200002ce        0x2 
 .bss.Files     0x00000000200002d0       0x20 src/lib/FatFs/src/ff.o
 .bss.disk      0x00000000200002f0       0x10 src/lib/FatFs/src/ff_gen_drv.o
                0x00000000200002f0                disk
 .bss.__malloc_free_list
                0x0000000020000300        0x4 c:/st/stm32cubeide_1.6.0/stm32cubeide/plugins/com.st.stm32cube.ide.mcu.externaltools.gnu-tools-for-stm32.9-2020-q2-update.win32_1.5.0.202011040924/tools/bin/../lib/gcc/arm-none-eabi/9.3.1/../../../../arm-none-eabi/lib/thumb/v7e-m+fp/hard\libc_nano.a(lib_a-nano-mallocr.o)
                0x0000000020000300                __malloc_free_list
 .bss.__malloc_sbrk_start
                0x0000000020000304        0x4 c:/st/stm32cubeide_1.6.0/stm32cubeide/plugins/com.st.stm32cube.ide.mcu.externaltools.gnu-tools-for-stm32.9-2020-q2-update.win32_1.5.0.202011040924/tools/bin/../lib/gcc/arm-none-eabi/9.3.1/../../../../arm-none-eabi/lib/thumb/v7e-m+fp/hard\libc_nano.a(lib_a-nano-mallocr.o)
                0x0000000020000304                __malloc_sbrk_start
 *(COMMON)
 COMMON         0x0000000020000308      0x238 src/hw/driver/fatfs.o
                0x0000000020000308                SDPath
                0x000000002000030c                SDFatFs
 COMMON         0x0000000020000540      0x144 src/hw/driver/sd.o
                0x0000000020000540                hdma_sdio_rx
                0x00000000200005a0                hdma_sdio_tx
                0x0000000020000600                hsd
 COMMON         0x0000000020000684      0x208 src/hw/driver/uart.o
                0x0000000020000684                hdma_usart2_rx
                0x00000000200006e4                hdma_usart1_tx
                0x0000000020000744                hdma_usart1_rx
                0x00000000200007a4                hdma_usart2_tx
                0x0000000020000804                huart1
                0x0000000020000848                huart2
 COMMON         0x000000002000088c        0x4 src/lib/stm32f411ceu6_fw_module/Drivers/STM32F4xx_HAL_Driver/Src/stm32f4xx_hal.o
                0x000000002000088c                uwTick
 COMMON         0x0000000020000890        0x4 c:/st/stm32cubeide_1.6.0/stm32cubeide/plugins/com.st.stm32cube.ide.mcu.externaltools.gnu-tools-for-stm32.9-2020-q2-update.win32_1.5.0.202011040924/tools/bin/../lib/gcc/arm-none-eabi/9.3.1/../../../../arm-none-eabi/lib/thumb/v7e-m+fp/hard\libc_nano.a(lib_a-reent.o)
                0x0000000020000890                errno
 COMMON         0x0000000020000894        0x9 c:/st/stm32cubeide_1.6.0/stm32cubeide/plugins/com.st.stm32cube.ide.mcu.externaltools.gnu-tools-for-stm32.9-2020-q2-update.win32_1.5.0.202011040924/tools/bin/../lib/gcc/arm-none-eabi/9.3.1/../../../../arm-none-eabi/lib/thumb/v7e-m+fp/hard\libc_nano.a(lib_a-lock.o)
                0x0000000020000894                __lock___atexit_recursive_mutex
                0x0000000020000895                __lock___arc4random_mutex
                0x0000000020000896                __lock___env_recursive_mutex
                0x0000000020000897                __lock___sinit_recursive_mutex
                0x0000000020000898                __lock___malloc_recursive_mutex
                0x0000000020000899                __lock___at_quick_exit_mutex
                0x000000002000089a                __lock___dd_hash_mutex
                0x000000002000089b                __lock___tz_mutex
                0x000000002000089c                __lock___sfp_recursive_mutex
                0x00000000200008a0                . = ALIGN (0x4)
 *fill*         0x000000002000089d        0x3 
                0x00000000200008a0                _ebss = .
                0x00000000200008a0                __bss_end__ = _ebss

._user_heap_stack
                0x00000000200008a0      0x600 load address 0x000000000800c688
                0x00000000200008a0                . = ALIGN (0x8)
                [!provide]                        PROVIDE (end = .)
                0x00000000200008a0                PROVIDE (_end = .)
                0x0000000020000aa0                . = (. + _Min_Heap_Size)
 *fill*         0x00000000200008a0      0x200 
                0x0000000020000ea0                . = (. + _Min_Stack_Size)
 *fill*         0x0000000020000aa0      0x400 
                0x0000000020000ea0                . = ALIGN (0x8)

/DISCARD/
 libc.a(*)
 libm.a(*)
 libgcc.a(*)

.ARM.attributes
                0x0000000000000000       0x30
 *(.ARM.attributes)
 .ARM.attributes
                0x0000000000000000       0x1e c:/st/stm32cubeide_1.6.0/stm32cubeide/plugins/com.st.stm32cube.ide.mcu.externaltools.gnu-tools-for-stm32.9-2020-q2-update.win32_1.5.0.202011040924/tools/bin/../lib/gcc/arm-none-eabi/9.3.1/thumb/v7e-m+fp/hard/crti.o
 .ARM.attributes
                0x000000000000001e       0x34 c:/st/stm32cubeide_1.6.0/stm32cubeide/plugins/com.st.stm32cube.ide.mcu.externaltools.gnu-tools-for-stm32.9-2020-q2-update.win32_1.5.0.202011040924/tools/bin/../lib/gcc/arm-none-eabi/9.3.1/thumb/v7e-m+fp/hard/crtbegin.o
 .ARM.attributes
                0x0000000000000052       0x34 src/ap/ap.o
 .ARM.attributes
                0x0000000000000086       0x34 src/bsp/bsp.o
 .ARM.attributes
                0x00000000000000ba       0x34 src/bsp/stm32f4xx_hal_msp.o
 .ARM.attributes
                0x00000000000000ee       0x34 src/bsp/stm32f4xx_it.o
 .ARM.attributes
                0x0000000000000122       0x34 src/bsp/sysmem.o
 .ARM.attributes
                0x0000000000000156       0x34 src/bsp/system_stm32f4xx.o
 .ARM.attributes
                0x000000000000018a       0x21 src/bsp/startup/startup_stm32f411ceux.o
 .ARM.attributes
                0x00000000000001ab       0x34 src/hw/common/core/qbuffer.o
 .ARM.attributes
                0x00000000000001df       0x34 src/hw/driver/fatfs/sd_diskio.o
 .ARM.attributes
                0x0000000000000213       0x34 src/hw/driver/fatfs.o
 .ARM.attributes
                0x0000000000000247       0x34 src/hw/driver/gpio.o
 .ARM.attributes
                0x000000000000027b       0x34 src/hw/driver/led.o
 .ARM.attributes
                0x00000000000002af       0x34 src/hw/driver/sd.o
 .ARM.attributes
                0x00000000000002e3       0x34 src/hw/driver/uart.o
 .ARM.attributes
                0x0000000000000317       0x34 src/hw/hw.o
 .ARM.attributes
                0x000000000000034b       0x34 src/lib/FatFs/src/diskio.o
 .ARM.attributes
                0x000000000000037f       0x34 src/lib/FatFs/src/ff.o
 .ARM.attributes
                0x00000000000003b3       0x34 src/lib/FatFs/src/ff_gen_drv.o
 .ARM.attributes
                0x00000000000003e7       0x34 src/lib/FatFs/src/option/unicode.o
 .ARM.attributes
                0x000000000000041b       0x34 src/lib/stm32f411ceu6_fw_module/Drivers/STM32F4xx_HAL_Driver/Src/stm32f4xx_hal.o
 .ARM.attributes
                0x000000000000044f       0x34 src/lib/stm32f411ceu6_fw_module/Drivers/STM32F4xx_HAL_Driver/Src/stm32f4xx_hal_cortex.o
 .ARM.attributes
                0x0000000000000483       0x34 src/lib/stm32f411ceu6_fw_module/Drivers/STM32F4xx_HAL_Driver/Src/stm32f4xx_hal_dma.o
 .ARM.attributes
                0x00000000000004b7       0x34 src/lib/stm32f411ceu6_fw_module/Drivers/STM32F4xx_HAL_Driver/Src/stm32f4xx_hal_gpio.o
 .ARM.attributes
                0x00000000000004eb       0x34 src/lib/stm32f411ceu6_fw_module/Drivers/STM32F4xx_HAL_Driver/Src/stm32f4xx_hal_rcc.o
 .ARM.attributes
                0x000000000000051f       0x34 src/lib/stm32f411ceu6_fw_module/Drivers/STM32F4xx_HAL_Driver/Src/stm32f4xx_hal_sd.o
 .ARM.attributes
                0x0000000000000553       0x34 src/lib/stm32f411ceu6_fw_module/Drivers/STM32F4xx_HAL_Driver/Src/stm32f4xx_hal_uart.o
 .ARM.attributes
                0x0000000000000587       0x34 src/lib/stm32f411ceu6_fw_module/Drivers/STM32F4xx_HAL_Driver/Src/stm32f4xx_ll_sdmmc.o
 .ARM.attributes
                0x00000000000005bb       0x34 src/main.o
 .ARM.attributes
                0x00000000000005ef       0x34 c:/st/stm32cubeide_1.6.0/stm32cubeide/plugins/com.st.stm32cube.ide.mcu.externaltools.gnu-tools-for-stm32.9-2020-q2-update.win32_1.5.0.202011040924/tools/bin/../lib/gcc/arm-none-eabi/9.3.1/../../../../arm-none-eabi/lib/thumb/v7e-m+fp/hard\libc_nano.a(lib_a-errno.o)
 .ARM.attributes
                0x0000000000000623       0x32 c:/st/stm32cubeide_1.6.0/stm32cubeide/plugins/com.st.stm32cube.ide.mcu.externaltools.gnu-tools-for-stm32.9-2020-q2-update.win32_1.5.0.202011040924/tools/bin/../lib/gcc/arm-none-eabi/9.3.1/../../../../arm-none-eabi/lib/thumb/v7e-m+fp/hard\libc_nano.a(lib_a-impure.o)
 .ARM.attributes
                0x0000000000000655       0x34 c:/st/stm32cubeide_1.6.0/stm32cubeide/plugins/com.st.stm32cube.ide.mcu.externaltools.gnu-tools-for-stm32.9-2020-q2-update.win32_1.5.0.202011040924/tools/bin/../lib/gcc/arm-none-eabi/9.3.1/../../../../arm-none-eabi/lib/thumb/v7e-m+fp/hard\libc_nano.a(lib_a-init.o)
 .ARM.attributes
                0x0000000000000689       0x34 c:/st/stm32cubeide_1.6.0/stm32cubeide/plugins/com.st.stm32cube.ide.mcu.externaltools.gnu-tools-for-stm32.9-2020-q2-update.win32_1.5.0.202011040924/tools/bin/../lib/gcc/arm-none-eabi/9.3.1/../../../../arm-none-eabi/lib/thumb/v7e-m+fp/hard\libc_nano.a(lib_a-memset.o)
 .ARM.attributes
                0x00000000000006bd       0x34 c:/st/stm32cubeide_1.6.0/stm32cubeide/plugins/com.st.stm32cube.ide.mcu.externaltools.gnu-tools-for-stm32.9-2020-q2-update.win32_1.5.0.202011040924/tools/bin/../lib/gcc/arm-none-eabi/9.3.1/../../../../arm-none-eabi/lib/thumb/v7e-m+fp/hard\libc_nano.a(lib_a-vsnprintf.o)
 .ARM.attributes
                0x00000000000006f1       0x34 c:/st/stm32cubeide_1.6.0/stm32cubeide/plugins/com.st.stm32cube.ide.mcu.externaltools.gnu-tools-for-stm32.9-2020-q2-update.win32_1.5.0.202011040924/tools/bin/../lib/gcc/arm-none-eabi/9.3.1/../../../../arm-none-eabi/lib/thumb/v7e-m+fp/hard\libc_nano.a(lib_a-nano-svfprintf.o)
 .ARM.attributes
                0x0000000000000725       0x34 c:/st/stm32cubeide_1.6.0/stm32cubeide/plugins/com.st.stm32cube.ide.mcu.externaltools.gnu-tools-for-stm32.9-2020-q2-update.win32_1.5.0.202011040924/tools/bin/../lib/gcc/arm-none-eabi/9.3.1/../../../../arm-none-eabi/lib/thumb/v7e-m+fp/hard\libc_nano.a(lib_a-nano-vfprintf_i.o)
 .ARM.attributes
                0x0000000000000759       0x1c c:/st/stm32cubeide_1.6.0/stm32cubeide/plugins/com.st.stm32cube.ide.mcu.externaltools.gnu-tools-for-stm32.9-2020-q2-update.win32_1.5.0.202011040924/tools/bin/../lib/gcc/arm-none-eabi/9.3.1/../../../../arm-none-eabi/lib/thumb/v7e-m+fp/hard\libc_nano.a(lib_a-memchr.o)
 .ARM.attributes
                0x0000000000000775       0x34 c:/st/stm32cubeide_1.6.0/stm32cubeide/plugins/com.st.stm32cube.ide.mcu.externaltools.gnu-tools-for-stm32.9-2020-q2-update.win32_1.5.0.202011040924/tools/bin/../lib/gcc/arm-none-eabi/9.3.1/../../../../arm-none-eabi/lib/thumb/v7e-m+fp/hard\libc_nano.a(lib_a-memcpy-stub.o)
 .ARM.attributes
                0x00000000000007a9       0x34 c:/st/stm32cubeide_1.6.0/stm32cubeide/plugins/com.st.stm32cube.ide.mcu.externaltools.gnu-tools-for-stm32.9-2020-q2-update.win32_1.5.0.202011040924/tools/bin/../lib/gcc/arm-none-eabi/9.3.1/../../../../arm-none-eabi/lib/thumb/v7e-m+fp/hard\libc_nano.a(lib_a-memmove.o)
 .ARM.attributes
                0x00000000000007dd       0x34 c:/st/stm32cubeide_1.6.0/stm32cubeide/plugins/com.st.stm32cube.ide.mcu.externaltools.gnu-tools-for-stm32.9-2020-q2-update.win32_1.5.0.202011040924/tools/bin/../lib/gcc/arm-none-eabi/9.3.1/../../../../arm-none-eabi/lib/thumb/v7e-m+fp/hard\libc_nano.a(lib_a-nano-freer.o)
 .ARM.attributes
                0x0000000000000811       0x34 c:/st/stm32cubeide_1.6.0/stm32cubeide/plugins/com.st.stm32cube.ide.mcu.externaltools.gnu-tools-for-stm32.9-2020-q2-update.win32_1.5.0.202011040924/tools/bin/../lib/gcc/arm-none-eabi/9.3.1/../../../../arm-none-eabi/lib/thumb/v7e-m+fp/hard\libc_nano.a(lib_a-nano-mallocr.o)
 .ARM.attributes
                0x0000000000000845       0x34 c:/st/stm32cubeide_1.6.0/stm32cubeide/plugins/com.st.stm32cube.ide.mcu.externaltools.gnu-tools-for-stm32.9-2020-q2-update.win32_1.5.0.202011040924/tools/bin/../lib/gcc/arm-none-eabi/9.3.1/../../../../arm-none-eabi/lib/thumb/v7e-m+fp/hard\libc_nano.a(lib_a-nano-reallocr.o)
 .ARM.attributes
                0x0000000000000879       0x34 c:/st/stm32cubeide_1.6.0/stm32cubeide/plugins/com.st.stm32cube.ide.mcu.externaltools.gnu-tools-for-stm32.9-2020-q2-update.win32_1.5.0.202011040924/tools/bin/../lib/gcc/arm-none-eabi/9.3.1/../../../../arm-none-eabi/lib/thumb/v7e-m+fp/hard\libc_nano.a(lib_a-sbrkr.o)
 .ARM.attributes
                0x00000000000008ad       0x34 c:/st/stm32cubeide_1.6.0/stm32cubeide/plugins/com.st.stm32cube.ide.mcu.externaltools.gnu-tools-for-stm32.9-2020-q2-update.win32_1.5.0.202011040924/tools/bin/../lib/gcc/arm-none-eabi/9.3.1/../../../../arm-none-eabi/lib/thumb/v7e-m+fp/hard\libc_nano.a(lib_a-mlock.o)
 .ARM.attributes
                0x00000000000008e1       0x34 c:/st/stm32cubeide_1.6.0/stm32cubeide/plugins/com.st.stm32cube.ide.mcu.externaltools.gnu-tools-for-stm32.9-2020-q2-update.win32_1.5.0.202011040924/tools/bin/../lib/gcc/arm-none-eabi/9.3.1/../../../../arm-none-eabi/lib/thumb/v7e-m+fp/hard\libc_nano.a(lib_a-nano-msizer.o)
 .ARM.attributes
                0x0000000000000915       0x34 c:/st/stm32cubeide_1.6.0/stm32cubeide/plugins/com.st.stm32cube.ide.mcu.externaltools.gnu-tools-for-stm32.9-2020-q2-update.win32_1.5.0.202011040924/tools/bin/../lib/gcc/arm-none-eabi/9.3.1/../../../../arm-none-eabi/lib/thumb/v7e-m+fp/hard\libc_nano.a(lib_a-reent.o)
 .ARM.attributes
                0x0000000000000949       0x34 c:/st/stm32cubeide_1.6.0/stm32cubeide/plugins/com.st.stm32cube.ide.mcu.externaltools.gnu-tools-for-stm32.9-2020-q2-update.win32_1.5.0.202011040924/tools/bin/../lib/gcc/arm-none-eabi/9.3.1/../../../../arm-none-eabi/lib/thumb/v7e-m+fp/hard\libc_nano.a(lib_a-lock.o)
 .ARM.attributes
                0x000000000000097d       0x1e c:/st/stm32cubeide_1.6.0/stm32cubeide/plugins/com.st.stm32cube.ide.mcu.externaltools.gnu-tools-for-stm32.9-2020-q2-update.win32_1.5.0.202011040924/tools/bin/../lib/gcc/arm-none-eabi/9.3.1/thumb/v7e-m+fp/hard\libgcc.a(_aeabi_uldivmod.o)
 .ARM.attributes
                0x000000000000099b       0x34 c:/st/stm32cubeide_1.6.0/stm32cubeide/plugins/com.st.stm32cube.ide.mcu.externaltools.gnu-tools-for-stm32.9-2020-q2-update.win32_1.5.0.202011040924/tools/bin/../lib/gcc/arm-none-eabi/9.3.1/thumb/v7e-m+fp/hard\libgcc.a(_udivmoddi4.o)
 .ARM.attributes
                0x00000000000009cf       0x1e c:/st/stm32cubeide_1.6.0/stm32cubeide/plugins/com.st.stm32cube.ide.mcu.externaltools.gnu-tools-for-stm32.9-2020-q2-update.win32_1.5.0.202011040924/tools/bin/../lib/gcc/arm-none-eabi/9.3.1/thumb/v7e-m+fp/hard\libgcc.a(_dvmd_tls.o)
 .ARM.attributes
                0x00000000000009ed       0x1e c:/st/stm32cubeide_1.6.0/stm32cubeide/plugins/com.st.stm32cube.ide.mcu.externaltools.gnu-tools-for-stm32.9-2020-q2-update.win32_1.5.0.202011040924/tools/bin/../lib/gcc/arm-none-eabi/9.3.1/thumb/v7e-m+fp/hard/crtn.o
OUTPUT(stm32f411ceu6_fw_module.elf elf32-littlearm)
LOAD linker stubs
LOAD c:/st/stm32cubeide_1.6.0/stm32cubeide/plugins/com.st.stm32cube.ide.mcu.externaltools.gnu-tools-for-stm32.9-2020-q2-update.win32_1.5.0.202011040924/tools/bin/../lib/gcc/arm-none-eabi/9.3.1/../../../../arm-none-eabi/lib/thumb/v7e-m+fp/hard\libc.a
LOAD c:/st/stm32cubeide_1.6.0/stm32cubeide/plugins/com.st.stm32cube.ide.mcu.externaltools.gnu-tools-for-stm32.9-2020-q2-update.win32_1.5.0.202011040924/tools/bin/../lib/gcc/arm-none-eabi/9.3.1/../../../../arm-none-eabi/lib/thumb/v7e-m+fp/hard\libm.a
LOAD c:/st/stm32cubeide_1.6.0/stm32cubeide/plugins/com.st.stm32cube.ide.mcu.externaltools.gnu-tools-for-stm32.9-2020-q2-update.win32_1.5.0.202011040924/tools/bin/../lib/gcc/arm-none-eabi/9.3.1/thumb/v7e-m+fp/hard\libgcc.a

.debug_info     0x0000000000000000    0x19ec5
 .debug_info    0x0000000000000000     0x109e src/ap/ap.o
 .debug_info    0x000000000000109e      0xf49 src/bsp/bsp.o
 .debug_info    0x0000000000001fe7      0xc6e src/bsp/stm32f4xx_hal_msp.o
 .debug_info    0x0000000000002c55     0x13bf src/bsp/stm32f4xx_it.o
 .debug_info    0x0000000000004014      0xa25 src/bsp/sysmem.o
 .debug_info    0x0000000000004a39      0x572 src/bsp/system_stm32f4xx.o
 .debug_info    0x0000000000004fab       0x22 src/bsp/startup/startup_stm32f411ceux.o
 .debug_info    0x0000000000004fcd      0xb64 src/hw/common/core/qbuffer.o
 .debug_info    0x0000000000005b31      0xdf4 src/hw/driver/fatfs/sd_diskio.o
 .debug_info    0x0000000000006925      0xdce src/hw/driver/fatfs.o
 .debug_info    0x00000000000076f3      0xf3a src/hw/driver/gpio.o
 .debug_info    0x000000000000862d      0xebb src/hw/driver/led.o
 .debug_info    0x00000000000094e8     0x199b src/hw/driver/sd.o
 .debug_info    0x000000000000ae83     0x189b src/hw/driver/uart.o
 .debug_info    0x000000000000c71e      0xa40 src/hw/hw.o
 .debug_info    0x000000000000d15e      0x40b src/lib/FatFs/src/diskio.o
 .debug_info    0x000000000000d569     0x27b4 src/lib/FatFs/src/ff.o
 .debug_info    0x000000000000fd1d      0x3a2 src/lib/FatFs/src/ff_gen_drv.o
 .debug_info    0x00000000000100bf      0x1b1 src/lib/FatFs/src/option/unicode.o
 .debug_info    0x0000000000010270      0x944 src/lib/stm32f411ceu6_fw_module/Drivers/STM32F4xx_HAL_Driver/Src/stm32f4xx_hal.o
 .debug_info    0x0000000000010bb4      0xe47 src/lib/stm32f411ceu6_fw_module/Drivers/STM32F4xx_HAL_Driver/Src/stm32f4xx_hal_cortex.o
 .debug_info    0x00000000000119fb      0x9e9 src/lib/stm32f411ceu6_fw_module/Drivers/STM32F4xx_HAL_Driver/Src/stm32f4xx_hal_dma.o
 .debug_info    0x00000000000123e4      0x862 src/lib/stm32f411ceu6_fw_module/Drivers/STM32F4xx_HAL_Driver/Src/stm32f4xx_hal_gpio.o
 .debug_info    0x0000000000012c46      0x9be src/lib/stm32f411ceu6_fw_module/Drivers/STM32F4xx_HAL_Driver/Src/stm32f4xx_hal_rcc.o
 .debug_info    0x0000000000013604     0x1a5e src/lib/stm32f411ceu6_fw_module/Drivers/STM32F4xx_HAL_Driver/Src/stm32f4xx_hal_sd.o
 .debug_info    0x0000000000015062     0x31d6 src/lib/stm32f411ceu6_fw_module/Drivers/STM32F4xx_HAL_Driver/Src/stm32f4xx_hal_uart.o
 .debug_info    0x0000000000018238     0x1249 src/lib/stm32f411ceu6_fw_module/Drivers/STM32F4xx_HAL_Driver/Src/stm32f4xx_ll_sdmmc.o
 .debug_info    0x0000000000019481      0xa44 src/main.o

.debug_abbrev   0x0000000000000000     0x396f
 .debug_abbrev  0x0000000000000000      0x25f src/ap/ap.o
 .debug_abbrev  0x000000000000025f      0x258 src/bsp/bsp.o
 .debug_abbrev  0x00000000000004b7      0x1eb src/bsp/stm32f4xx_hal_msp.o
 .debug_abbrev  0x00000000000006a2      0x20d src/bsp/stm32f4xx_it.o
 .debug_abbrev  0x00000000000008af      0x1bf src/bsp/sysmem.o
 .debug_abbrev  0x0000000000000a6e      0x129 src/bsp/system_stm32f4xx.o
 .debug_abbrev  0x0000000000000b97       0x12 src/bsp/startup/startup_stm32f411ceux.o
 .debug_abbrev  0x0000000000000ba9      0x20a src/hw/common/core/qbuffer.o
 .debug_abbrev  0x0000000000000db3      0x228 src/hw/driver/fatfs/sd_diskio.o
 .debug_abbrev  0x0000000000000fdb      0x206 src/hw/driver/fatfs.o
 .debug_abbrev  0x00000000000011e1      0x26d src/hw/driver/gpio.o
 .debug_abbrev  0x000000000000144e      0x240 src/hw/driver/led.o
 .debug_abbrev  0x000000000000168e      0x2ff src/hw/driver/sd.o
 .debug_abbrev  0x000000000000198d      0x333 src/hw/driver/uart.o
 .debug_abbrev  0x0000000000001cc0      0x1b7 src/hw/hw.o
 .debug_abbrev  0x0000000000001e77      0x178 src/lib/FatFs/src/diskio.o
 .debug_abbrev  0x0000000000001fef      0x227 src/lib/FatFs/src/ff.o
 .debug_abbrev  0x0000000000002216      0x196 src/lib/FatFs/src/ff_gen_drv.o
 .debug_abbrev  0x00000000000023ac       0xdc src/lib/FatFs/src/option/unicode.o
 .debug_abbrev  0x0000000000002488      0x21e src/lib/stm32f411ceu6_fw_module/Drivers/STM32F4xx_HAL_Driver/Src/stm32f4xx_hal.o
 .debug_abbrev  0x00000000000026a6      0x33c src/lib/stm32f411ceu6_fw_module/Drivers/STM32F4xx_HAL_Driver/Src/stm32f4xx_hal_cortex.o
 .debug_abbrev  0x00000000000029e2      0x219 src/lib/stm32f411ceu6_fw_module/Drivers/STM32F4xx_HAL_Driver/Src/stm32f4xx_hal_dma.o
 .debug_abbrev  0x0000000000002bfb      0x1f1 src/lib/stm32f411ceu6_fw_module/Drivers/STM32F4xx_HAL_Driver/Src/stm32f4xx_hal_gpio.o
 .debug_abbrev  0x0000000000002dec      0x275 src/lib/stm32f411ceu6_fw_module/Drivers/STM32F4xx_HAL_Driver/Src/stm32f4xx_hal_rcc.o
 .debug_abbrev  0x0000000000003061      0x26d src/lib/stm32f411ceu6_fw_module/Drivers/STM32F4xx_HAL_Driver/Src/stm32f4xx_hal_sd.o
 .debug_abbrev  0x00000000000032ce      0x2fc src/lib/stm32f411ceu6_fw_module/Drivers/STM32F4xx_HAL_Driver/Src/stm32f4xx_hal_uart.o
 .debug_abbrev  0x00000000000035ca      0x1ec src/lib/stm32f411ceu6_fw_module/Drivers/STM32F4xx_HAL_Driver/Src/stm32f4xx_ll_sdmmc.o
 .debug_abbrev  0x00000000000037b6      0x1b9 src/main.o

.debug_aranges  0x0000000000000000      0xf50
 .debug_aranges
                0x0000000000000000       0x40 src/ap/ap.o
 .debug_aranges
                0x0000000000000040       0x48 src/bsp/bsp.o
 .debug_aranges
                0x0000000000000088       0x20 src/bsp/stm32f4xx_hal_msp.o
 .debug_aranges
                0x00000000000000a8       0x90 src/bsp/stm32f4xx_it.o
 .debug_aranges
                0x0000000000000138       0x20 src/bsp/sysmem.o
 .debug_aranges
                0x0000000000000158       0x28 src/bsp/system_stm32f4xx.o
 .debug_aranges
                0x0000000000000180       0x28 src/bsp/startup/startup_stm32f411ceux.o
 .debug_aranges
                0x00000000000001a8       0x48 src/hw/common/core/qbuffer.o
 .debug_aranges
                0x00000000000001f0       0x48 src/hw/driver/fatfs/sd_diskio.o
 .debug_aranges
                0x0000000000000238       0x20 src/hw/driver/fatfs.o
 .debug_aranges
                0x0000000000000258       0x40 src/hw/driver/gpio.o
 .debug_aranges
                0x0000000000000298       0x38 src/hw/driver/led.o
 .debug_aranges
                0x00000000000002d0       0x88 src/hw/driver/sd.o
 .debug_aranges
                0x0000000000000358       0x78 src/hw/driver/uart.o
 .debug_aranges
                0x00000000000003d0       0x20 src/hw/hw.o
 .debug_aranges